

=== attempt 1; GPU 0; 2026-07-12T14:10:12.037751+00:00 ===
[preflight] 21 variants x 3 seeds x 2 models = 126 runs total
[preflight] 0 already done, 126 remaining
[preflight] no estimate available
[preflight] 21 variants x 3 seeds x 2 models = 126 runs total
[preflight] 0 already done, 126 remaining
[preflight] no estimate available
[shift] [1/126] mlp / clean / sev=0 / gs=717 / ts=0  ok  auc=0.748  1.6s
[shift] [2/126] mlp / heterophily_rewire_oracle / sev=0.15 / gs=0 / ts=0  ok  auc=0.748  0.2s
[shift] [3/126] mlp / heterophily_rewire_oracle / sev=0.15 / gs=1 / ts=0  ok  auc=0.748  0.2s
[shift] [4/126] mlp / heterophily_rewire_oracle / sev=0.3 / gs=0 / ts=0  ok  auc=0.748  0.2s
[shift] [5/126] mlp / heterophily_rewire_oracle / sev=0.3 / gs=1 / ts=0  ok  auc=0.748  0.2s
[shift] [6/126] mlp / heterophily_rewire_nonoracle / sev=0.15 / gs=0 / ts=0  ok  auc=0.748  0.2s
[shift] [7/126] mlp / heterophily_rewire_nonoracle / sev=0.15 / gs=1 / ts=0  ok  auc=0.748  0.2s
[shift] [8/126] mlp / heterophily_rewire_nonoracle / sev=0.3 / gs=0 / ts=0  ok  auc=0.748  0.2s
[shift] [9/126] mlp / heterophily_rewire_nonoracle / sev=0.3 / gs=1 / ts=0  ok  auc=0.748  0.2s
[shift] [10/126] mlp / camouflage_feature_oracle / sev=0.15 / gs=0 / ts=0  ok  auc=0.717  0.2s
[shift] [10/126] ETA ~24s
[shift] [11/126] mlp / camouflage_feature_oracle / sev=0.15 / gs=1 / ts=0  ok  auc=0.709  0.2s
[shift] [12/126] mlp / camouflage_feature_oracle / sev=0.3 / gs=0 / ts=0  ok  auc=0.680  0.2s
[shift] [13/126] mlp / camouflage_feature_oracle / sev=0.3 / gs=1 / ts=0  ok  auc=0.671  0.2s
[shift] [14/126] mlp / camouflage_relation_oracle / sev=0.15 / gs=0 / ts=0  ok  auc=0.748  0.2s
[shift] [15/126] mlp / camouflage_relation_oracle / sev=0.15 / gs=1 / ts=0  ok  auc=0.748  0.2s
[shift] [16/126] mlp / camouflage_relation_oracle / sev=0.3 / gs=0 / ts=0  ok  auc=0.748  0.2s
[shift] [17/126] mlp / camouflage_relation_oracle / sev=0.3 / gs=1 / ts=0  ok  auc=0.748  0.2s
[shift] [18/126] mlp / noise_edges_uniform / sev=0.1 / gs=0 / ts=0  ok  auc=0.748  0.2s
[shift] [19/126] mlp / noise_edges_uniform / sev=0.1 / gs=1 / ts=0  ok  auc=0.748  0.2s
[shift] [20/126] mlp / noise_edges_uniform / sev=0.2 / gs=0 / ts=0  ok  auc=0.748  0.2s
[shift] [20/126] ETA ~20s
[shift] [21/126] mlp / noise_edges_uniform / sev=0.2 / gs=1 / ts=0  ok  auc=0.748  0.1s
[shift] [22/126] mlp / clean / sev=0 / gs=717 / ts=1  ok  auc=0.798  2.2s
[shift] [23/126] mlp / heterophily_rewire_oracle / sev=0.15 / gs=0 / ts=1  ok  auc=0.798  0.2s
[shift] [24/126] mlp / heterophily_rewire_oracle / sev=0.15 / gs=1 / ts=1  ok  auc=0.798  0.1s
[shift] [25/126] mlp / heterophily_rewire_oracle / sev=0.3 / gs=0 / ts=1  ok  auc=0.798  0.2s
[shift] [26/126] mlp / heterophily_rewire_oracle / sev=0.3 / gs=1 / ts=1  ok  auc=0.798  0.2s
[shift] [27/126] mlp / heterophily_rewire_nonoracle / sev=0.15 / gs=0 / ts=1  ok  auc=0.798  0.2s
[shift] [28/126] mlp / heterophily_rewire_nonoracle / sev=0.15 / gs=1 / ts=1  ok  auc=0.798  0.1s
[shift] [29/126] mlp / heterophily_rewire_nonoracle / sev=0.3 / gs=0 / ts=1  ok  auc=0.798  0.2s
[shift] [30/126] mlp / heterophily_rewire_nonoracle / sev=0.3 / gs=1 / ts=1  ok  auc=0.798  0.1s
[shift] [30/126] ETA ~16s
[shift] [31/126] mlp / camouflage_feature_oracle / sev=0.15 / gs=0 / ts=1  ok  auc=0.762  0.2s
[shift] [32/126] mlp / camouflage_feature_oracle / sev=0.15 / gs=1 / ts=1  ok  auc=0.749  0.1s
[shift] [33/126] mlp / camouflage_feature_oracle / sev=0.3 / gs=0 / ts=1  ok  auc=0.716  0.2s
[shift] [34/126] mlp / camouflage_feature_oracle / sev=0.3 / gs=1 / ts=1  ok  auc=0.704  0.1s
[shift] [35/126] mlp / camouflage_relation_oracle / sev=0.15 / gs=0 / ts=1  ok  auc=0.798  0.2s
[shift] [36/126] mlp / camouflage_relation_oracle / sev=0.15 / gs=1 / ts=1  ok  auc=0.798  0.1s
[shift] [37/126] mlp / camouflage_relation_oracle / sev=0.3 / gs=0 / ts=1  ok  auc=0.798  0.2s
[shift] [38/126] mlp / camouflage_relation_oracle / sev=0.3 / gs=1 / ts=1  ok  auc=0.798  0.2s
[shift] [39/126] mlp / noise_edges_uniform / sev=0.1 / gs=0 / ts=1  ok  auc=0.798  0.2s
[shift] [40/126] mlp / noise_edges_uniform / sev=0.1 / gs=1 / ts=1  ok  auc=0.798  0.2s
[shift] [40/126] ETA ~14s
[shift] [41/126] mlp / noise_edges_uniform / sev=0.2 / gs=0 / ts=1  ok  auc=0.798  0.2s
[shift] [42/126] mlp / noise_edges_uniform / sev=0.2 / gs=1 / ts=1  ok  auc=0.798  0.2s
[shift] [43/126] mlp / clean / sev=0 / gs=717 / ts=2  ok  auc=0.798  1.9s
[shift] [44/126] mlp / heterophily_rewire_oracle / sev=0.15 / gs=0 / ts=2  ok  auc=0.798  0.2s
[shift] [45/126] mlp / heterophily_rewire_oracle / sev=0.15 / gs=1 / ts=2  ok  auc=0.798  0.1s
[shift] [46/126] mlp / heterophily_rewire_oracle / sev=0.3 / gs=0 / ts=2  ok  auc=0.798  0.1s
[shift] [47/126] mlp / heterophily_rewire_oracle / sev=0.3 / gs=1 / ts=2  ok  auc=0.798  0.2s
[shift] [48/126] mlp / heterophily_rewire_nonoracle / sev=0.15 / gs=0 / ts=2  ok  auc=0.798  0.1s
[shift] [49/126] mlp / heterophily_rewire_nonoracle / sev=0.15 / gs=1 / ts=2  ok  auc=0.798  0.1s
[shift] [50/126] mlp / heterophily_rewire_nonoracle / sev=0.3 / gs=0 / ts=2  ok  auc=0.798  0.2s
[shift] [50/126] ETA ~12s
[shift] [51/126] mlp / heterophily_rewire_nonoracle / sev=0.3 / gs=1 / ts=2  ok  auc=0.798  0.1s
[shift] [52/126] mlp / camouflage_feature_oracle / sev=0.15 / gs=0 / ts=2  ok  auc=0.763  0.1s
[shift] [53/126] mlp / camouflage_feature_oracle / sev=0.15 / gs=1 / ts=2  ok  auc=0.750  0.2s
[shift] [54/126] mlp / camouflage_feature_oracle / sev=0.3 / gs=0 / ts=2  ok  auc=0.716  0.1s
[shift] [55/126] mlp / camouflage_feature_oracle / sev=0.3 / gs=1 / ts=2  ok  auc=0.705  0.2s
[shift] [56/126] mlp / camouflage_relation_oracle / sev=0.15 / gs=0 / ts=2  ok  auc=0.798  0.2s
[shift] [57/126] mlp / camouflage_relation_oracle / sev=0.15 / gs=1 / ts=2  ok  auc=0.798  0.2s
[shift] [58/126] mlp / camouflage_relation_oracle / sev=0.3 / gs=0 / ts=2  ok  auc=0.798  0.2s
[shift] [59/126] mlp / camouflage_relation_oracle / sev=0.3 / gs=1 / ts=2  ok  auc=0.798  0.2s
[shift] [60/126] mlp / noise_edges_uniform / sev=0.1 / gs=0 / ts=2  ok  auc=0.798  0.2s
[shift] [60/126] ETA ~12s
[shift] [61/126] mlp / noise_edges_uniform / sev=0.1 / gs=1 / ts=2  ok  auc=0.798  0.2s
[shift] [62/126] mlp / noise_edges_uniform / sev=0.2 / gs=0 / ts=2  ok  auc=0.798  0.1s
[shift] [63/126] mlp / noise_edges_uniform / sev=0.2 / gs=1 / ts=2  ok  auc=0.798  0.2s
[shift] [64/126] sage / clean / sev=0 / gs=717 / ts=0  ok  auc=0.793  3.5s
[shift] [65/126] sage / heterophily_rewire_oracle / sev=0.15 / gs=0 / ts=0  ok  auc=0.785  0.2s
[shift] [66/126] sage / heterophily_rewire_oracle / sev=0.15 / gs=1 / ts=0  ok  auc=0.785  0.2s
[shift] [67/126] sage / heterophily_rewire_oracle / sev=0.3 / gs=0 / ts=0  ok  auc=0.782  0.2s
[shift] [68/126] sage / heterophily_rewire_oracle / sev=0.3 / gs=1 / ts=0  ok  auc=0.782  0.2s
[shift] [69/126] sage / heterophily_rewire_nonoracle / sev=0.15 / gs=0 / ts=0  ok  auc=0.789  0.2s
[shift] [70/126] sage / heterophily_rewire_nonoracle / sev=0.15 / gs=1 / ts=0  ok  auc=0.789  0.2s
[shift] [70/126] ETA ~13s
[shift] [71/126] sage / heterophily_rewire_nonoracle / sev=0.3 / gs=0 / ts=0  ok  auc=0.787  0.2s
[shift] [72/126] sage / heterophily_rewire_nonoracle / sev=0.3 / gs=1 / ts=0  ok  auc=0.787  0.2s
[shift] [73/126] sage / camouflage_feature_oracle / sev=0.15 / gs=0 / ts=0  ok  auc=0.759  0.2s
[shift] [74/126] sage / camouflage_feature_oracle / sev=0.15 / gs=1 / ts=0  ok  auc=0.747  0.2s
[shift] [75/126] sage / camouflage_feature_oracle / sev=0.3 / gs=0 / ts=0  ok  auc=0.714  0.2s
[shift] [76/126] sage / camouflage_feature_oracle / sev=0.3 / gs=1 / ts=0  ok  auc=0.704  0.2s
[shift] [77/126] sage / camouflage_relation_oracle / sev=0.15 / gs=0 / ts=0  ok  auc=0.793  0.2s
[shift] [78/126] sage / camouflage_relation_oracle / sev=0.15 / gs=1 / ts=0  ok  auc=0.793  0.2s
[shift] [79/126] sage / camouflage_relation_oracle / sev=0.3 / gs=0 / ts=0  ok  auc=0.793  0.2s
[shift] [80/126] sage / camouflage_relation_oracle / sev=0.3 / gs=1 / ts=0  ok  auc=0.793  0.2s
[shift] [80/126] ETA ~9s
[shift] [81/126] sage / noise_edges_uniform / sev=0.1 / gs=0 / ts=0  ok  auc=0.791  0.2s
[shift] [82/126] sage / noise_edges_uniform / sev=0.1 / gs=1 / ts=0  ok  auc=0.791  0.2s
[shift] [83/126] sage / noise_edges_uniform / sev=0.2 / gs=0 / ts=0  ok  auc=0.790  0.3s
[shift] [84/126] sage / noise_edges_uniform / sev=0.2 / gs=1 / ts=0  ok  auc=0.790  0.2s
[shift] [85/126] sage / clean / sev=0 / gs=717 / ts=1  ok  auc=0.783  3.4s
[shift] [86/126] sage / heterophily_rewire_oracle / sev=0.15 / gs=0 / ts=1  ok  auc=0.766  0.2s
[shift] [87/126] sage / heterophily_rewire_oracle / sev=0.15 / gs=1 / ts=1  ok  auc=0.766  0.2s
[shift] [88/126] sage / heterophily_rewire_oracle / sev=0.3 / gs=0 / ts=1  ok  auc=0.756  0.2s
[shift] [89/126] sage / heterophily_rewire_oracle / sev=0.3 / gs=1 / ts=1  ok  auc=0.756  0.2s
[shift] [90/126] sage / heterophily_rewire_nonoracle / sev=0.15 / gs=0 / ts=1  ok  auc=0.781  0.2s
[shift] [90/126] ETA ~8s
[shift] [91/126] sage / heterophily_rewire_nonoracle / sev=0.15 / gs=1 / ts=1  ok  auc=0.780  0.2s
[shift] [92/126] sage / heterophily_rewire_nonoracle / sev=0.3 / gs=0 / ts=1  ok  auc=0.779  0.2s
[shift] [93/126] sage / heterophily_rewire_nonoracle / sev=0.3 / gs=1 / ts=1  ok  auc=0.779  0.2s
[shift] [94/126] sage / camouflage_feature_oracle / sev=0.15 / gs=0 / ts=1  ok  auc=0.751  0.2s
[shift] [95/126] sage / camouflage_feature_oracle / sev=0.15 / gs=1 / ts=1  ok  auc=0.739  0.2s
[shift] [96/126] sage / camouflage_feature_oracle / sev=0.3 / gs=0 / ts=1  ok  auc=0.707  0.2s
[shift] [97/126] sage / camouflage_feature_oracle / sev=0.3 / gs=1 / ts=1  ok  auc=0.695  0.2s
[shift] [98/126] sage / camouflage_relation_oracle / sev=0.15 / gs=0 / ts=1  ok  auc=0.783  0.2s
[shift] [99/126] sage / camouflage_relation_oracle / sev=0.15 / gs=1 / ts=1  ok  auc=0.783  0.2s
[shift] [100/126] sage / camouflage_relation_oracle / sev=0.3 / gs=0 / ts=1  ok  auc=0.783  0.2s
[shift] [100/126] ETA ~6s
[shift] [101/126] sage / camouflage_relation_oracle / sev=0.3 / gs=1 / ts=1  ok  auc=0.783  0.2s
[shift] [102/126] sage / noise_edges_uniform / sev=0.1 / gs=0 / ts=1  ok  auc=0.782  0.2s
[shift] [103/126] sage / noise_edges_uniform / sev=0.1 / gs=1 / ts=1  ok  auc=0.782  0.2s
[shift] [104/126] sage / noise_edges_uniform / sev=0.2 / gs=0 / ts=1  ok  auc=0.781  0.2s
[shift] [105/126] sage / noise_edges_uniform / sev=0.2 / gs=1 / ts=1  ok  auc=0.781  0.2s
[shift] [106/126] sage / clean / sev=0 / gs=717 / ts=2  ok  auc=0.797  3.4s
[shift] [107/126] sage / heterophily_rewire_oracle / sev=0.15 / gs=0 / ts=2  ok  auc=0.777  0.2s
[shift] [108/126] sage / heterophily_rewire_oracle / sev=0.15 / gs=1 / ts=2  ok  auc=0.776  0.2s
[shift] [109/126] sage / heterophily_rewire_oracle / sev=0.3 / gs=0 / ts=2  ok  auc=0.767  0.2s
[shift] [110/126] sage / heterophily_rewire_oracle / sev=0.3 / gs=1 / ts=2  ok  auc=0.767  0.2s
[shift] [110/126] ETA ~14s
[shift] [111/126] sage / heterophily_rewire_nonoracle / sev=0.15 / gs=0 / ts=2  ok  auc=0.792  0.2s
[shift] [112/126] sage / heterophily_rewire_nonoracle / sev=0.15 / gs=1 / ts=2  ok  auc=0.792  0.2s
[shift] [113/126] sage / heterophily_rewire_nonoracle / sev=0.3 / gs=0 / ts=2  ok  auc=0.789  0.2s
[shift] [114/126] sage / heterophily_rewire_nonoracle / sev=0.3 / gs=1 / ts=2  ok  auc=0.789  0.2s
[shift] [115/126] sage / camouflage_feature_oracle / sev=0.15 / gs=0 / ts=2  ok  auc=0.763  0.2s
[shift] [116/126] sage / camouflage_feature_oracle / sev=0.15 / gs=1 / ts=2  ok  auc=0.750  0.2s
[shift] [117/126] sage / camouflage_feature_oracle / sev=0.3 / gs=0 / ts=2  ok  auc=0.717  0.2s
[shift] [118/126] sage / camouflage_feature_oracle / sev=0.3 / gs=1 / ts=2  ok  auc=0.707  0.2s
[shift] [119/126] sage / camouflage_relation_oracle / sev=0.15 / gs=0 / ts=2  ok  auc=0.797  0.2s
[shift] [120/126] sage / camouflage_relation_oracle / sev=0.15 / gs=1 / ts=2  ok  auc=0.797  0.2s
[shift] [120/126] ETA ~1s
[shift] [121/126] sage / camouflage_relation_oracle / sev=0.3 / gs=0 / ts=2  ok  auc=0.796  0.2s
[shift] [122/126] sage / camouflage_relation_oracle / sev=0.3 / gs=1 / ts=2  ok  auc=0.796  0.3s
[shift] [123/126] sage / noise_edges_uniform / sev=0.1 / gs=0 / ts=2  ok  auc=0.794  0.2s
[shift] [124/126] sage / noise_edges_uniform / sev=0.1 / gs=1 / ts=2  ok  auc=0.794  0.2s
[shift] [125/126] sage / noise_edges_uniform / sev=0.2 / gs=0 / ts=2  ok  auc=0.792  0.2s
[shift] [126/126] sage / noise_edges_uniform / sev=0.2 / gs=1 / ts=2  ok  auc=0.792  0.2s
[run] stage=matrix done in 67.83s; out=/kaggle/working/gfd-robustness-v3-final-r6/lanes/shift_baselines
