

=== attempt 1; GPU 1; 2026-07-13T09:42:26.433033+00:00 ===
[preflight] 21 variants x 5 seeds x 1 models = 105 runs total
[preflight] 0 already done, 105 remaining
[preflight] no estimate available
[preflight] 21 variants x 5 seeds x 1 models = 105 runs total
[preflight] 0 already done, 105 remaining
[preflight] no estimate available
/kaggle/working/fraud-benchmark-py311/lib/python3.11/site-packages/dgl/dataloading/dataloader.py:1149: DGLWarning: Dataloader CPU affinity opt is not enabled, consider switching it on (see enable_cpu_affinity() or CPU best practices for DGL [https://docs.dgl.ai/tutorials/cpu/cpu_best_practises.html])
  dgl_warning(
[pmp] [1/105] pmp / clean / sev=0 / gs=717 / ts=0  ok  auc=0.853  49.8s
[pmp] [2/105] pmp / clean / sev=0 / gs=717 / ts=1  ok  auc=0.850  47.3s
[pmp] [3/105] pmp / clean / sev=0 / gs=717 / ts=2  ok  auc=0.845  46.6s
[pmp] [4/105] pmp / clean / sev=0 / gs=717 / ts=3  ok  auc=0.839  41.0s
[pmp] [5/105] pmp / clean / sev=0 / gs=717 / ts=4  ok  auc=0.847  54.7s
[pmp] [6/105] pmp / heterophily_rewire_oracle / sev=0.15 / gs=0 / ts=0  ok  auc=0.878  52.2s
[pmp] [7/105] pmp / heterophily_rewire_oracle / sev=0.15 / gs=0 / ts=1  ok  auc=0.875  38.0s
[pmp] [8/105] pmp / heterophily_rewire_oracle / sev=0.15 / gs=0 / ts=2  ok  auc=0.878  49.1s
[pmp] [9/105] pmp / heterophily_rewire_oracle / sev=0.15 / gs=0 / ts=3  ok  auc=0.876  44.6s
[pmp] [10/105] pmp / heterophily_rewire_oracle / sev=0.15 / gs=0 / ts=4  ok  auc=0.882  49.3s
[pmp] [10/105] ETA ~1h 13m
[pmp] [11/105] pmp / heterophily_rewire_oracle / sev=0.15 / gs=1 / ts=0  ok  auc=0.878  56.9s
[pmp] [12/105] pmp / heterophily_rewire_oracle / sev=0.15 / gs=1 / ts=1  ok  auc=0.875  47.6s
[pmp] [13/105] pmp / heterophily_rewire_oracle / sev=0.15 / gs=1 / ts=2  ok  auc=0.874  44.7s
[pmp] [14/105] pmp / heterophily_rewire_oracle / sev=0.15 / gs=1 / ts=3  ok  auc=0.880  55.4s
[pmp] [15/105] pmp / heterophily_rewire_oracle / sev=0.15 / gs=1 / ts=4  ok  auc=0.880  54.0s
[pmp] [16/105] pmp / heterophily_rewire_oracle / sev=0.3 / gs=0 / ts=0  ok  auc=0.911  49.9s
[pmp] [17/105] pmp / heterophily_rewire_oracle / sev=0.3 / gs=0 / ts=1  ok  auc=0.880  29.3s
[pmp] [18/105] pmp / heterophily_rewire_oracle / sev=0.3 / gs=0 / ts=2  ok  auc=0.906  51.0s
[pmp] [19/105] pmp / heterophily_rewire_oracle / sev=0.3 / gs=0 / ts=3  ok  auc=0.905  47.4s
[pmp] [20/105] pmp / heterophily_rewire_oracle / sev=0.3 / gs=0 / ts=4  ok  auc=0.901  29.6s
[pmp] [20/105] ETA ~58m 44s
[pmp] [21/105] pmp / heterophily_rewire_oracle / sev=0.3 / gs=1 / ts=0  ok  auc=0.865  13.4s
[pmp] [22/105] pmp / heterophily_rewire_oracle / sev=0.3 / gs=1 / ts=1  ok  auc=0.861  10.8s
[pmp] [23/105] pmp / heterophily_rewire_oracle / sev=0.3 / gs=1 / ts=2  ok  auc=0.904  43.8s
[pmp] [24/105] pmp / heterophily_rewire_oracle / sev=0.3 / gs=1 / ts=3  ok  auc=0.904  40.4s
[pmp] [25/105] pmp / heterophily_rewire_oracle / sev=0.3 / gs=1 / ts=4  ok  auc=0.909  40.8s
[pmp] [26/105] pmp / heterophily_rewire_nonoracle / sev=0.15 / gs=0 / ts=0  ok  auc=0.846  41.9s
[pmp] [27/105] pmp / heterophily_rewire_nonoracle / sev=0.15 / gs=0 / ts=1  ok  auc=0.841  41.8s
[pmp] [28/105] pmp / heterophily_rewire_nonoracle / sev=0.15 / gs=0 / ts=2  ok  auc=0.838  39.2s
[pmp] [29/105] pmp / heterophily_rewire_nonoracle / sev=0.15 / gs=0 / ts=3  ok  auc=0.843  38.1s
[pmp] [30/105] pmp / heterophily_rewire_nonoracle / sev=0.15 / gs=0 / ts=4  ok  auc=0.841  34.8s
[pmp] [30/105] ETA ~48m 58s
[pmp] [31/105] pmp / heterophily_rewire_nonoracle / sev=0.15 / gs=1 / ts=0  ok  auc=0.842  36.9s
[pmp] [32/105] pmp / heterophily_rewire_nonoracle / sev=0.15 / gs=1 / ts=1  ok  auc=0.820  21.2s
[pmp] [33/105] pmp / heterophily_rewire_nonoracle / sev=0.15 / gs=1 / ts=2  ok  auc=0.830  32.4s
[pmp] [34/105] pmp / heterophily_rewire_nonoracle / sev=0.15 / gs=1 / ts=3  ok  auc=0.837  39.4s
[pmp] [35/105] pmp / heterophily_rewire_nonoracle / sev=0.15 / gs=1 / ts=4  ok  auc=0.840  33.3s
[pmp] [36/105] pmp / heterophily_rewire_nonoracle / sev=0.3 / gs=0 / ts=0  ok  auc=0.839  42.2s
[pmp] [37/105] pmp / heterophily_rewire_nonoracle / sev=0.3 / gs=0 / ts=1  ok  auc=0.832  38.4s
[pmp] [38/105] pmp / heterophily_rewire_nonoracle / sev=0.3 / gs=0 / ts=2  ok  auc=0.835  35.5s
[pmp] [39/105] pmp / heterophily_rewire_nonoracle / sev=0.3 / gs=0 / ts=3  ok  auc=0.839  43.1s
[pmp] [40/105] pmp / heterophily_rewire_nonoracle / sev=0.3 / gs=0 / ts=4  ok  auc=0.837  41.5s
[pmp] [40/105] ETA ~43m 29s
[pmp] [41/105] pmp / heterophily_rewire_nonoracle / sev=0.3 / gs=1 / ts=0  ok  auc=0.839  41.6s
[pmp] [42/105] pmp / heterophily_rewire_nonoracle / sev=0.3 / gs=1 / ts=1  ok  auc=0.831  44.0s
[pmp] [43/105] pmp / heterophily_rewire_nonoracle / sev=0.3 / gs=1 / ts=2  ok  auc=0.830  32.2s
[pmp] [44/105] pmp / heterophily_rewire_nonoracle / sev=0.3 / gs=1 / ts=3  ok  auc=0.832  41.2s
[pmp] [45/105] pmp / heterophily_rewire_nonoracle / sev=0.3 / gs=1 / ts=4  ok  auc=0.843  36.4s
[pmp] [46/105] pmp / camouflage_feature_oracle / sev=0.15 / gs=0 / ts=0  ok  auc=0.817  59.4s
[pmp] [47/105] pmp / camouflage_feature_oracle / sev=0.15 / gs=0 / ts=1  ok  auc=0.808  58.8s
[pmp] [48/105] pmp / camouflage_feature_oracle / sev=0.15 / gs=0 / ts=2  ok  auc=0.807  48.3s
[pmp] [49/105] pmp / camouflage_feature_oracle / sev=0.15 / gs=0 / ts=3  ok  auc=0.802  36.9s
[pmp] [50/105] pmp / camouflage_feature_oracle / sev=0.15 / gs=0 / ts=4  ok  auc=0.811  59.2s
[pmp] [50/105] ETA ~48m 8s
[pmp] [51/105] pmp / camouflage_feature_oracle / sev=0.15 / gs=1 / ts=0  ok  auc=0.804  57.1s
[pmp] [52/105] pmp / camouflage_feature_oracle / sev=0.15 / gs=1 / ts=1  ok  auc=0.791  51.8s
[pmp] [53/105] pmp / camouflage_feature_oracle / sev=0.15 / gs=1 / ts=2  ok  auc=0.785  31.4s
[pmp] [54/105] pmp / camouflage_feature_oracle / sev=0.15 / gs=1 / ts=3  ok  auc=0.798  44.8s
[pmp] [55/105] pmp / camouflage_feature_oracle / sev=0.15 / gs=1 / ts=4  ok  auc=0.793  47.9s
[pmp] [56/105] pmp / camouflage_feature_oracle / sev=0.3 / gs=0 / ts=0  ok  auc=0.765  38.5s
[pmp] [57/105] pmp / camouflage_feature_oracle / sev=0.3 / gs=0 / ts=1  ok  auc=0.758  29.4s
[pmp] [58/105] pmp / camouflage_feature_oracle / sev=0.3 / gs=0 / ts=2  ok  auc=0.765  52.6s
[pmp] [59/105] pmp / camouflage_feature_oracle / sev=0.3 / gs=0 / ts=3  ok  auc=0.775  43.0s
[pmp] [60/105] pmp / camouflage_feature_oracle / sev=0.3 / gs=0 / ts=4  ok  auc=0.778  50.6s
[pmp] [60/105] ETA ~32m 7s
[pmp] [61/105] pmp / camouflage_feature_oracle / sev=0.3 / gs=1 / ts=0  ok  auc=0.767  41.9s
[pmp] [62/105] pmp / camouflage_feature_oracle / sev=0.3 / gs=1 / ts=1  ok  auc=0.748  30.1s
[pmp] [63/105] pmp / camouflage_feature_oracle / sev=0.3 / gs=1 / ts=2  ok  auc=0.756  51.0s
[pmp] [64/105] pmp / camouflage_feature_oracle / sev=0.3 / gs=1 / ts=3  ok  auc=0.753  36.8s
[pmp] [65/105] pmp / camouflage_feature_oracle / sev=0.3 / gs=1 / ts=4  ok  auc=0.747  28.6s
[pmp] [66/105] pmp / camouflage_relation_oracle / sev=0.15 / gs=0 / ts=0  ok  auc=0.846  37.3s
[pmp] [67/105] pmp / camouflage_relation_oracle / sev=0.15 / gs=0 / ts=1  ok  auc=0.845  48.0s
[pmp] [68/105] pmp / camouflage_relation_oracle / sev=0.15 / gs=0 / ts=2  ok  auc=0.839  31.0s
[pmp] [69/105] pmp / camouflage_relation_oracle / sev=0.15 / gs=0 / ts=3  ok  auc=0.832  32.0s
[pmp] [70/105] pmp / camouflage_relation_oracle / sev=0.15 / gs=0 / ts=4  ok  auc=0.849  58.2s
[pmp] [70/105] ETA ~24m 5s
[pmp] [71/105] pmp / camouflage_relation_oracle / sev=0.15 / gs=1 / ts=0  ok  auc=0.845  35.2s
[pmp] [72/105] pmp / camouflage_relation_oracle / sev=0.15 / gs=1 / ts=1  ok  auc=0.840  39.0s
[pmp] [73/105] pmp / camouflage_relation_oracle / sev=0.15 / gs=1 / ts=2  ok  auc=0.845  38.8s
[pmp] [74/105] pmp / camouflage_relation_oracle / sev=0.15 / gs=1 / ts=3  ok  auc=0.844  41.9s
[pmp] [75/105] pmp / camouflage_relation_oracle / sev=0.15 / gs=1 / ts=4  ok  auc=0.847  48.6s
[pmp] [76/105] pmp / camouflage_relation_oracle / sev=0.3 / gs=0 / ts=0  ok  auc=0.846  38.6s
[pmp] [77/105] pmp / camouflage_relation_oracle / sev=0.3 / gs=0 / ts=1  ok  auc=0.848  53.6s
[pmp] [78/105] pmp / camouflage_relation_oracle / sev=0.3 / gs=0 / ts=2  ok  auc=0.843  33.4s
[pmp] [79/105] pmp / camouflage_relation_oracle / sev=0.3 / gs=0 / ts=3  ok  auc=0.830  24.0s
[pmp] [80/105] pmp / camouflage_relation_oracle / sev=0.3 / gs=0 / ts=4  ok  auc=0.849  57.8s
[pmp] [80/105] ETA ~17m 17s
[pmp] [81/105] pmp / camouflage_relation_oracle / sev=0.3 / gs=1 / ts=0  ok  auc=0.846  44.2s
[pmp] [82/105] pmp / camouflage_relation_oracle / sev=0.3 / gs=1 / ts=1  ok  auc=0.840  29.2s
[pmp] [83/105] pmp / camouflage_relation_oracle / sev=0.3 / gs=1 / ts=2  ok  auc=0.839  28.9s
[pmp] [84/105] pmp / camouflage_relation_oracle / sev=0.3 / gs=1 / ts=3  ok  auc=0.836  27.1s
[pmp] [85/105] pmp / camouflage_relation_oracle / sev=0.3 / gs=1 / ts=4  ok  auc=0.839  29.0s
[pmp] [86/105] pmp / noise_edges_uniform / sev=0.1 / gs=0 / ts=0  ok  auc=0.842  41.5s
[pmp] [87/105] pmp / noise_edges_uniform / sev=0.1 / gs=0 / ts=1  ok  auc=0.845  35.5s
[pmp] [88/105] pmp / noise_edges_uniform / sev=0.1 / gs=0 / ts=2  ok  auc=0.835  26.2s
[pmp] [89/105] pmp / noise_edges_uniform / sev=0.1 / gs=0 / ts=3  ok  auc=0.829  22.2s
[pmp] [90/105] pmp / noise_edges_uniform / sev=0.1 / gs=0 / ts=4  ok  auc=0.840  32.5s
[pmp] [90/105] ETA ~7m 54s
[pmp] [91/105] pmp / noise_edges_uniform / sev=0.1 / gs=1 / ts=0  ok  auc=0.840  31.3s
[pmp] [92/105] pmp / noise_edges_uniform / sev=0.1 / gs=1 / ts=1  ok  auc=0.841  30.2s
[pmp] [93/105] pmp / noise_edges_uniform / sev=0.1 / gs=1 / ts=2  ok  auc=0.837  23.8s
[pmp] [94/105] pmp / noise_edges_uniform / sev=0.1 / gs=1 / ts=3  ok  auc=0.837  38.6s
[pmp] [95/105] pmp / noise_edges_uniform / sev=0.1 / gs=1 / ts=4  ok  auc=0.840  30.6s
[pmp] [96/105] pmp / noise_edges_uniform / sev=0.2 / gs=0 / ts=0  ok  auc=0.839  29.5s
[pmp] [97/105] pmp / noise_edges_uniform / sev=0.2 / gs=0 / ts=1  ok  auc=0.840  33.6s
[pmp] [98/105] pmp / noise_edges_uniform / sev=0.2 / gs=0 / ts=2  ok  auc=0.837  34.9s
[pmp] [99/105] pmp / noise_edges_uniform / sev=0.2 / gs=0 / ts=3  ok  auc=0.837  37.2s
[pmp] [100/105] pmp / noise_edges_uniform / sev=0.2 / gs=0 / ts=4  ok  auc=0.846  42.0s
[pmp] [100/105] ETA ~2m 57s
[pmp] [101/105] pmp / noise_edges_uniform / sev=0.2 / gs=1 / ts=0  ok  auc=0.838  32.6s
[pmp] [102/105] pmp / noise_edges_uniform / sev=0.2 / gs=1 / ts=1  ok  auc=0.831  28.8s
[pmp] [103/105] pmp / noise_edges_uniform / sev=0.2 / gs=1 / ts=2  ok  auc=0.830  27.0s
[pmp] [104/105] pmp / noise_edges_uniform / sev=0.2 / gs=1 / ts=3  ok  auc=0.837  29.5s
[pmp] [105/105] pmp / noise_edges_uniform / sev=0.2 / gs=1 / ts=4  ok  auc=0.840  33.8s
[run] stage=matrix done in 4164.06s; out=/kaggle/working/gfd-robustness-v4-factorial-r1/lanes/r40_s0_variant_pmp
