

=== attempt 1; GPU 0; 2026-07-13T11:10:42.604154+00:00 ===
[preflight] 21 variants x 5 seeds x 2 models = 210 runs total
[preflight] 0 already done, 210 remaining
[preflight] no estimate available
[preflight] 21 variants x 5 seeds x 2 models = 210 runs total
[preflight] 0 already done, 210 remaining
[preflight] no estimate available
[baselines] [1/210] mlp / clean / sev=0 / gs=1729 / ts=0  ok  auc=0.741  1.4s
[baselines] [2/210] sage / clean / sev=0 / gs=1729 / ts=0  ok  auc=0.782  3.4s
[baselines] [3/210] mlp / clean / sev=0 / gs=1729 / ts=1  ok  auc=0.789  1.6s
[baselines] [4/210] sage / clean / sev=0 / gs=1729 / ts=1  ok  auc=0.613  1.0s
[baselines] [5/210] mlp / clean / sev=0 / gs=1729 / ts=2  ok  auc=0.790  2.0s
[baselines] [6/210] sage / clean / sev=0 / gs=1729 / ts=2  ok  auc=0.785  3.5s
[baselines] [7/210] mlp / clean / sev=0 / gs=1729 / ts=3  ok  auc=0.789  1.7s
[baselines] [8/210] sage / clean / sev=0 / gs=1729 / ts=3  ok  auc=0.782  3.1s
[baselines] [9/210] mlp / clean / sev=0 / gs=1729 / ts=4  ok  auc=0.789  2.1s
[baselines] [10/210] sage / clean / sev=0 / gs=1729 / ts=4  ok  auc=0.785  3.4s
[baselines] [10/210] ETA ~9m 12s
[baselines] [11/210] mlp / heterophily_rewire_oracle / sev=0.15 / gs=0 / ts=0  ok  auc=0.741  0.5s
[baselines] [12/210] sage / heterophily_rewire_oracle / sev=0.15 / gs=0 / ts=0  ok  auc=0.841  3.4s
[baselines] [13/210] mlp / heterophily_rewire_oracle / sev=0.15 / gs=0 / ts=1  ok  auc=0.789  1.9s
[baselines] [14/210] sage / heterophily_rewire_oracle / sev=0.15 / gs=0 / ts=1  ok  auc=0.835  3.5s
[baselines] [15/210] mlp / heterophily_rewire_oracle / sev=0.15 / gs=0 / ts=2  ok  auc=0.790  2.1s
[baselines] [16/210] sage / heterophily_rewire_oracle / sev=0.15 / gs=0 / ts=2  ok  auc=0.847  3.3s
[baselines] [17/210] mlp / heterophily_rewire_oracle / sev=0.15 / gs=0 / ts=3  ok  auc=0.789  2.0s
[baselines] [18/210] sage / heterophily_rewire_oracle / sev=0.15 / gs=0 / ts=3  ok  auc=0.853  3.4s
[baselines] [19/210] mlp / heterophily_rewire_oracle / sev=0.15 / gs=0 / ts=4  ok  auc=0.789  2.0s
[baselines] [20/210] sage / heterophily_rewire_oracle / sev=0.15 / gs=0 / ts=4  ok  auc=0.833  3.3s
[baselines] [20/210] ETA ~8m 51s
[baselines] [21/210] mlp / heterophily_rewire_oracle / sev=0.15 / gs=1 / ts=0  ok  auc=0.741  0.5s
[baselines] [22/210] sage / heterophily_rewire_oracle / sev=0.15 / gs=1 / ts=0  ok  auc=0.829  3.4s
[baselines] [23/210] mlp / heterophily_rewire_oracle / sev=0.15 / gs=1 / ts=1  ok  auc=0.789  1.9s
[baselines] [24/210] sage / heterophily_rewire_oracle / sev=0.15 / gs=1 / ts=1  ok  auc=0.834  3.3s
[baselines] [25/210] mlp / heterophily_rewire_oracle / sev=0.15 / gs=1 / ts=2  ok  auc=0.790  2.1s
[baselines] [26/210] sage / heterophily_rewire_oracle / sev=0.15 / gs=1 / ts=2  ok  auc=0.848  3.5s
[baselines] [27/210] mlp / heterophily_rewire_oracle / sev=0.15 / gs=1 / ts=3  ok  auc=0.789  1.8s
[baselines] [28/210] sage / heterophily_rewire_oracle / sev=0.15 / gs=1 / ts=3  ok  auc=0.856  3.3s
[baselines] [29/210] mlp / heterophily_rewire_oracle / sev=0.15 / gs=1 / ts=4  ok  auc=0.789  2.0s
[baselines] [30/210] sage / heterophily_rewire_oracle / sev=0.15 / gs=1 / ts=4  ok  auc=0.851  3.4s
[baselines] [30/210] ETA ~8m 23s
[baselines] [31/210] mlp / heterophily_rewire_oracle / sev=0.3 / gs=0 / ts=0  ok  auc=0.741  0.4s
[baselines] [32/210] sage / heterophily_rewire_oracle / sev=0.3 / gs=0 / ts=0  ok  auc=0.895  3.2s
[baselines] [33/210] mlp / heterophily_rewire_oracle / sev=0.3 / gs=0 / ts=1  ok  auc=0.789  2.1s
[baselines] [34/210] sage / heterophily_rewire_oracle / sev=0.3 / gs=0 / ts=1  ok  auc=0.876  3.5s
[baselines] [35/210] mlp / heterophily_rewire_oracle / sev=0.3 / gs=0 / ts=2  ok  auc=0.790  2.0s
[baselines] [36/210] sage / heterophily_rewire_oracle / sev=0.3 / gs=0 / ts=2  ok  auc=0.900  3.4s
[baselines] [37/210] mlp / heterophily_rewire_oracle / sev=0.3 / gs=0 / ts=3  ok  auc=0.789  2.0s
[baselines] [38/210] sage / heterophily_rewire_oracle / sev=0.3 / gs=0 / ts=3  ok  auc=0.910  3.5s
[baselines] [39/210] mlp / heterophily_rewire_oracle / sev=0.3 / gs=0 / ts=4  ok  auc=0.789  1.9s
[baselines] [40/210] sage / heterophily_rewire_oracle / sev=0.3 / gs=0 / ts=4  ok  auc=0.889  3.5s
[baselines] [40/210] ETA ~8m 6s
[baselines] [41/210] mlp / heterophily_rewire_oracle / sev=0.3 / gs=1 / ts=0  ok  auc=0.741  0.5s
[baselines] [42/210] sage / heterophily_rewire_oracle / sev=0.3 / gs=1 / ts=0  ok  auc=0.893  3.4s
[baselines] [43/210] mlp / heterophily_rewire_oracle / sev=0.3 / gs=1 / ts=1  ok  auc=0.789  2.1s
[baselines] [44/210] sage / heterophily_rewire_oracle / sev=0.3 / gs=1 / ts=1  ok  auc=0.740  1.3s
[baselines] [45/210] mlp / heterophily_rewire_oracle / sev=0.3 / gs=1 / ts=2  ok  auc=0.790  2.0s
[baselines] [46/210] sage / heterophily_rewire_oracle / sev=0.3 / gs=1 / ts=2  ok  auc=0.896  3.5s
[baselines] [47/210] mlp / heterophily_rewire_oracle / sev=0.3 / gs=1 / ts=3  ok  auc=0.789  2.1s
[baselines] [48/210] sage / heterophily_rewire_oracle / sev=0.3 / gs=1 / ts=3  ok  auc=0.917  3.3s
[baselines] [49/210] mlp / heterophily_rewire_oracle / sev=0.3 / gs=1 / ts=4  ok  auc=0.789  2.1s
[baselines] [50/210] sage / heterophily_rewire_oracle / sev=0.3 / gs=1 / ts=4  ok  auc=0.903  3.4s
[baselines] [50/210] ETA ~7m 40s
[baselines] [51/210] mlp / heterophily_rewire_nonoracle / sev=0.15 / gs=0 / ts=0  ok  auc=0.741  0.5s
[baselines] [52/210] sage / heterophily_rewire_nonoracle / sev=0.15 / gs=0 / ts=0  ok  auc=0.775  3.4s
[baselines] [53/210] mlp / heterophily_rewire_nonoracle / sev=0.15 / gs=0 / ts=1  ok  auc=0.789  1.9s
[baselines] [54/210] sage / heterophily_rewire_nonoracle / sev=0.15 / gs=0 / ts=1  ok  auc=0.611  1.0s
[baselines] [55/210] mlp / heterophily_rewire_nonoracle / sev=0.15 / gs=0 / ts=2  ok  auc=0.790  1.7s
[baselines] [56/210] sage / heterophily_rewire_nonoracle / sev=0.15 / gs=0 / ts=2  ok  auc=0.783  3.4s
[baselines] [57/210] mlp / heterophily_rewire_nonoracle / sev=0.15 / gs=0 / ts=3  ok  auc=0.789  1.8s
[baselines] [58/210] sage / heterophily_rewire_nonoracle / sev=0.15 / gs=0 / ts=3  ok  auc=0.778  3.2s
[baselines] [59/210] mlp / heterophily_rewire_nonoracle / sev=0.15 / gs=0 / ts=4  ok  auc=0.789  2.1s
[baselines] [60/210] sage / heterophily_rewire_nonoracle / sev=0.15 / gs=0 / ts=4  ok  auc=0.781  3.4s
[baselines] [60/210] ETA ~6m 57s
[baselines] [61/210] mlp / heterophily_rewire_nonoracle / sev=0.15 / gs=1 / ts=0  ok  auc=0.741  0.5s
[baselines] [62/210] sage / heterophily_rewire_nonoracle / sev=0.15 / gs=1 / ts=0  ok  auc=0.775  3.3s
[baselines] [63/210] mlp / heterophily_rewire_nonoracle / sev=0.15 / gs=1 / ts=1  ok  auc=0.789  1.8s
[baselines] [64/210] sage / heterophily_rewire_nonoracle / sev=0.15 / gs=1 / ts=1  ok  auc=0.610  1.0s
[baselines] [65/210] mlp / heterophily_rewire_nonoracle / sev=0.15 / gs=1 / ts=2  ok  auc=0.790  2.0s
[baselines] [66/210] sage / heterophily_rewire_nonoracle / sev=0.15 / gs=1 / ts=2  ok  auc=0.779  3.3s
[baselines] [67/210] mlp / heterophily_rewire_nonoracle / sev=0.15 / gs=1 / ts=3  ok  auc=0.789  2.1s
[baselines] [68/210] sage / heterophily_rewire_nonoracle / sev=0.15 / gs=1 / ts=3  ok  auc=0.778  3.5s
[baselines] [69/210] mlp / heterophily_rewire_nonoracle / sev=0.15 / gs=1 / ts=4  ok  auc=0.789  2.1s
[baselines] [70/210] sage / heterophily_rewire_nonoracle / sev=0.15 / gs=1 / ts=4  ok  auc=0.779  3.4s
[baselines] [70/210] ETA ~6m 45s
[baselines] [71/210] mlp / heterophily_rewire_nonoracle / sev=0.3 / gs=0 / ts=0  ok  auc=0.741  0.4s
[baselines] [72/210] sage / heterophily_rewire_nonoracle / sev=0.3 / gs=0 / ts=0  ok  auc=0.773  3.4s
[baselines] [73/210] mlp / heterophily_rewire_nonoracle / sev=0.3 / gs=0 / ts=1  ok  auc=0.789  2.0s
[baselines] [74/210] sage / heterophily_rewire_nonoracle / sev=0.3 / gs=0 / ts=1  ok  auc=0.646  1.0s
[baselines] [75/210] mlp / heterophily_rewire_nonoracle / sev=0.3 / gs=0 / ts=2  ok  auc=0.790  2.1s
[baselines] [76/210] sage / heterophily_rewire_nonoracle / sev=0.3 / gs=0 / ts=2  ok  auc=0.776  3.3s
[baselines] [77/210] mlp / heterophily_rewire_nonoracle / sev=0.3 / gs=0 / ts=3  ok  auc=0.789  2.1s
[baselines] [78/210] sage / heterophily_rewire_nonoracle / sev=0.3 / gs=0 / ts=3  ok  auc=0.775  3.1s
[baselines] [79/210] mlp / heterophily_rewire_nonoracle / sev=0.3 / gs=0 / ts=4  ok  auc=0.789  2.0s
[baselines] [80/210] sage / heterophily_rewire_nonoracle / sev=0.3 / gs=0 / ts=4  ok  auc=0.779  3.5s
[baselines] [80/210] ETA ~6m 2s
[baselines] [81/210] mlp / heterophily_rewire_nonoracle / sev=0.3 / gs=1 / ts=0  ok  auc=0.741  0.5s
[baselines] [82/210] sage / heterophily_rewire_nonoracle / sev=0.3 / gs=1 / ts=0  ok  auc=0.774  3.5s
[baselines] [83/210] mlp / heterophily_rewire_nonoracle / sev=0.3 / gs=1 / ts=1  ok  auc=0.789  2.0s
[baselines] [84/210] sage / heterophily_rewire_nonoracle / sev=0.3 / gs=1 / ts=1  ok  auc=0.641  1.0s
[baselines] [85/210] mlp / heterophily_rewire_nonoracle / sev=0.3 / gs=1 / ts=2  ok  auc=0.790  2.0s
[baselines] [86/210] sage / heterophily_rewire_nonoracle / sev=0.3 / gs=1 / ts=2  ok  auc=0.776  3.4s
[baselines] [87/210] mlp / heterophily_rewire_nonoracle / sev=0.3 / gs=1 / ts=3  ok  auc=0.789  1.8s
[baselines] [88/210] sage / heterophily_rewire_nonoracle / sev=0.3 / gs=1 / ts=3  ok  auc=0.776  3.4s
[baselines] [89/210] mlp / heterophily_rewire_nonoracle / sev=0.3 / gs=1 / ts=4  ok  auc=0.789  2.1s
[baselines] [90/210] sage / heterophily_rewire_nonoracle / sev=0.3 / gs=1 / ts=4  ok  auc=0.780  3.6s
[baselines] [90/210] ETA ~5m 43s
[baselines] [91/210] mlp / camouflage_feature_oracle / sev=0.15 / gs=0 / ts=0  ok  auc=0.707  0.4s
[baselines] [92/210] sage / camouflage_feature_oracle / sev=0.15 / gs=0 / ts=0  ok  auc=0.754  3.3s
[baselines] [93/210] mlp / camouflage_feature_oracle / sev=0.15 / gs=0 / ts=1  ok  auc=0.746  2.0s
[baselines] [94/210] sage / camouflage_feature_oracle / sev=0.15 / gs=0 / ts=1  ok  auc=0.586  1.0s
[baselines] [95/210] mlp / camouflage_feature_oracle / sev=0.15 / gs=0 / ts=2  ok  auc=0.747  1.9s
[baselines] [96/210] sage / camouflage_feature_oracle / sev=0.15 / gs=0 / ts=2  ok  auc=0.744  3.4s
[baselines] [97/210] mlp / camouflage_feature_oracle / sev=0.15 / gs=0 / ts=3  ok  auc=0.746  1.8s
[baselines] [98/210] sage / camouflage_feature_oracle / sev=0.15 / gs=0 / ts=3  ok  auc=0.743  3.4s
[baselines] [99/210] mlp / camouflage_feature_oracle / sev=0.15 / gs=0 / ts=4  ok  auc=0.745  1.9s
[baselines] [100/210] sage / camouflage_feature_oracle / sev=0.15 / gs=0 / ts=4  ok  auc=0.746  3.3s
[baselines] [100/210] ETA ~5m 4s
[baselines] [101/210] mlp / camouflage_feature_oracle / sev=0.15 / gs=1 / ts=0  ok  auc=0.701  0.4s
[baselines] [102/210] sage / camouflage_feature_oracle / sev=0.15 / gs=1 / ts=0  ok  auc=0.748  3.3s
[baselines] [103/210] mlp / camouflage_feature_oracle / sev=0.15 / gs=1 / ts=1  ok  auc=0.740  2.1s
[baselines] [104/210] sage / camouflage_feature_oracle / sev=0.15 / gs=1 / ts=1  ok  auc=0.583  1.1s
[baselines] [105/210] mlp / camouflage_feature_oracle / sev=0.15 / gs=1 / ts=2  ok  auc=0.740  2.1s
[baselines] [106/210] sage / camouflage_feature_oracle / sev=0.15 / gs=1 / ts=2  ok  auc=0.735  3.4s
[baselines] [107/210] mlp / camouflage_feature_oracle / sev=0.15 / gs=1 / ts=3  ok  auc=0.736  2.0s
[baselines] [108/210] sage / camouflage_feature_oracle / sev=0.15 / gs=1 / ts=3  ok  auc=0.736  3.1s
[baselines] [109/210] mlp / camouflage_feature_oracle / sev=0.15 / gs=1 / ts=4  ok  auc=0.738  1.7s
[baselines] [110/210] sage / camouflage_feature_oracle / sev=0.15 / gs=1 / ts=4  ok  auc=0.738  3.2s
[baselines] [110/210] ETA ~4m 29s
[baselines] [111/210] mlp / camouflage_feature_oracle / sev=0.3 / gs=0 / ts=0  ok  auc=0.704  1.9s
[baselines] [112/210] sage / camouflage_feature_oracle / sev=0.3 / gs=0 / ts=0  ok  auc=0.705  3.2s
[baselines] [113/210] mlp / camouflage_feature_oracle / sev=0.3 / gs=0 / ts=1  ok  auc=0.701  1.9s
[baselines] [114/210] sage / camouflage_feature_oracle / sev=0.3 / gs=0 / ts=1  ok  auc=0.561  1.0s
[baselines] [115/210] mlp / camouflage_feature_oracle / sev=0.3 / gs=0 / ts=2  ok  auc=0.702  2.1s
[baselines] [116/210] sage / camouflage_feature_oracle / sev=0.3 / gs=0 / ts=2  ok  auc=0.706  3.3s
[baselines] [117/210] mlp / camouflage_feature_oracle / sev=0.3 / gs=0 / ts=3  ok  auc=0.700  2.0s
[baselines] [118/210] sage / camouflage_feature_oracle / sev=0.3 / gs=0 / ts=3  ok  auc=0.703  3.2s
[baselines] [119/210] mlp / camouflage_feature_oracle / sev=0.3 / gs=0 / ts=4  ok  auc=0.701  2.1s
[baselines] [120/210] sage / camouflage_feature_oracle / sev=0.3 / gs=0 / ts=4  ok  auc=0.549  0.8s
[baselines] [120/210] ETA ~3m 24s
[baselines] [121/210] mlp / camouflage_feature_oracle / sev=0.3 / gs=1 / ts=0  ok  auc=0.662  0.5s
[baselines] [122/210] sage / camouflage_feature_oracle / sev=0.3 / gs=1 / ts=0  ok  auc=0.689  3.2s
[baselines] [123/210] mlp / camouflage_feature_oracle / sev=0.3 / gs=1 / ts=1  ok  auc=0.696  1.9s
[baselines] [124/210] sage / camouflage_feature_oracle / sev=0.3 / gs=1 / ts=1  ok  auc=0.686  3.2s
[baselines] [125/210] mlp / camouflage_feature_oracle / sev=0.3 / gs=1 / ts=2  ok  auc=0.697  1.6s
[baselines] [126/210] sage / camouflage_feature_oracle / sev=0.3 / gs=1 / ts=2  ok  auc=0.693  3.3s
[baselines] [127/210] mlp / camouflage_feature_oracle / sev=0.3 / gs=1 / ts=3  ok  auc=0.657  0.7s
[baselines] [128/210] sage / camouflage_feature_oracle / sev=0.3 / gs=1 / ts=3  ok  auc=0.700  3.2s
[baselines] [129/210] mlp / camouflage_feature_oracle / sev=0.3 / gs=1 / ts=4  ok  auc=0.695  1.9s
[baselines] [130/210] sage / camouflage_feature_oracle / sev=0.3 / gs=1 / ts=4  ok  auc=0.552  0.8s
[baselines] [130/210] ETA ~2m 37s
[baselines] [131/210] mlp / camouflage_relation_oracle / sev=0.15 / gs=0 / ts=0  ok  auc=0.741  0.5s
[baselines] [132/210] sage / camouflage_relation_oracle / sev=0.15 / gs=0 / ts=0  ok  auc=0.780  3.5s
[baselines] [133/210] mlp / camouflage_relation_oracle / sev=0.15 / gs=0 / ts=1  ok  auc=0.789  2.1s
[baselines] [134/210] sage / camouflage_relation_oracle / sev=0.15 / gs=0 / ts=1  ok  auc=0.617  1.0s
[baselines] [135/210] mlp / camouflage_relation_oracle / sev=0.15 / gs=0 / ts=2  ok  auc=0.790  2.0s
[baselines] [136/210] sage / camouflage_relation_oracle / sev=0.15 / gs=0 / ts=2  ok  auc=0.785  3.4s
[baselines] [137/210] mlp / camouflage_relation_oracle / sev=0.15 / gs=0 / ts=3  ok  auc=0.789  2.0s
[baselines] [138/210] sage / camouflage_relation_oracle / sev=0.15 / gs=0 / ts=3  ok  auc=0.782  3.4s
[baselines] [139/210] mlp / camouflage_relation_oracle / sev=0.15 / gs=0 / ts=4  ok  auc=0.789  1.9s
[baselines] [140/210] sage / camouflage_relation_oracle / sev=0.15 / gs=0 / ts=4  ok  auc=0.783  3.3s
[baselines] [140/210] ETA ~3m 16s
[baselines] [141/210] mlp / camouflage_relation_oracle / sev=0.15 / gs=1 / ts=0  ok  auc=0.741  0.5s
[baselines] [142/210] sage / camouflage_relation_oracle / sev=0.15 / gs=1 / ts=0  ok  auc=0.783  3.3s
[baselines] [143/210] mlp / camouflage_relation_oracle / sev=0.15 / gs=1 / ts=1  ok  auc=0.789  2.0s
[baselines] [144/210] sage / camouflage_relation_oracle / sev=0.15 / gs=1 / ts=1  ok  auc=0.617  1.0s
[baselines] [145/210] mlp / camouflage_relation_oracle / sev=0.15 / gs=1 / ts=2  ok  auc=0.790  2.0s
[baselines] [146/210] sage / camouflage_relation_oracle / sev=0.15 / gs=1 / ts=2  ok  auc=0.784  3.4s
[baselines] [147/210] mlp / camouflage_relation_oracle / sev=0.15 / gs=1 / ts=3  ok  auc=0.789  2.0s
[baselines] [148/210] sage / camouflage_relation_oracle / sev=0.15 / gs=1 / ts=3  ok  auc=0.781  3.4s
[baselines] [149/210] mlp / camouflage_relation_oracle / sev=0.15 / gs=1 / ts=4  ok  auc=0.789  2.1s
[baselines] [150/210] sage / camouflage_relation_oracle / sev=0.15 / gs=1 / ts=4  ok  auc=0.786  3.4s
[baselines] [150/210] ETA ~2m 53s
[baselines] [151/210] mlp / camouflage_relation_oracle / sev=0.3 / gs=0 / ts=0  ok  auc=0.741  0.5s
[baselines] [152/210] sage / camouflage_relation_oracle / sev=0.3 / gs=0 / ts=0  ok  auc=0.799  3.4s
[baselines] [153/210] mlp / camouflage_relation_oracle / sev=0.3 / gs=0 / ts=1  ok  auc=0.789  2.2s
[baselines] [154/210] sage / camouflage_relation_oracle / sev=0.3 / gs=0 / ts=1  ok  auc=0.619  0.9s
[baselines] [155/210] mlp / camouflage_relation_oracle / sev=0.3 / gs=0 / ts=2  ok  auc=0.790  2.0s
[baselines] [156/210] sage / camouflage_relation_oracle / sev=0.3 / gs=0 / ts=2  ok  auc=0.789  3.5s
[baselines] [157/210] mlp / camouflage_relation_oracle / sev=0.3 / gs=0 / ts=3  ok  auc=0.789  2.1s
[baselines] [158/210] sage / camouflage_relation_oracle / sev=0.3 / gs=0 / ts=3  ok  auc=0.783  3.4s
[baselines] [159/210] mlp / camouflage_relation_oracle / sev=0.3 / gs=0 / ts=4  ok  auc=0.789  2.1s
[baselines] [160/210] sage / camouflage_relation_oracle / sev=0.3 / gs=0 / ts=4  ok  auc=0.790  3.4s
[baselines] [160/210] ETA ~2m 24s
[baselines] [161/210] mlp / camouflage_relation_oracle / sev=0.3 / gs=1 / ts=0  ok  auc=0.741  0.5s
[baselines] [162/210] sage / camouflage_relation_oracle / sev=0.3 / gs=1 / ts=0  ok  auc=0.784  3.3s
[baselines] [163/210] mlp / camouflage_relation_oracle / sev=0.3 / gs=1 / ts=1  ok  auc=0.789  1.8s
[baselines] [164/210] sage / camouflage_relation_oracle / sev=0.3 / gs=1 / ts=1  ok  auc=0.620  1.0s
[baselines] [165/210] mlp / camouflage_relation_oracle / sev=0.3 / gs=1 / ts=2  ok  auc=0.790  1.6s
[baselines] [166/210] sage / camouflage_relation_oracle / sev=0.3 / gs=1 / ts=2  ok  auc=0.788  3.3s
[baselines] [167/210] mlp / camouflage_relation_oracle / sev=0.3 / gs=1 / ts=3  ok  auc=0.789  1.7s
[baselines] [168/210] sage / camouflage_relation_oracle / sev=0.3 / gs=1 / ts=3  ok  auc=0.785  3.3s
[baselines] [169/210] mlp / camouflage_relation_oracle / sev=0.3 / gs=1 / ts=4  ok  auc=0.789  2.0s
[baselines] [170/210] sage / camouflage_relation_oracle / sev=0.3 / gs=1 / ts=4  ok  auc=0.784  3.2s
[baselines] [170/210] ETA ~1m 48s
[baselines] [171/210] mlp / noise_edges_uniform / sev=0.1 / gs=0 / ts=0  ok  auc=0.741  0.5s
[baselines] [172/210] sage / noise_edges_uniform / sev=0.1 / gs=0 / ts=0  ok  auc=0.780  3.6s
[baselines] [173/210] mlp / noise_edges_uniform / sev=0.1 / gs=0 / ts=1  ok  auc=0.789  1.8s
[baselines] [174/210] sage / noise_edges_uniform / sev=0.1 / gs=0 / ts=1  ok  auc=0.613  1.1s
[baselines] [175/210] mlp / noise_edges_uniform / sev=0.1 / gs=0 / ts=2  ok  auc=0.790  1.9s
[baselines] [176/210] sage / noise_edges_uniform / sev=0.1 / gs=0 / ts=2  ok  auc=0.780  3.6s
[baselines] [177/210] mlp / noise_edges_uniform / sev=0.1 / gs=0 / ts=3  ok  auc=0.789  1.9s
[baselines] [178/210] sage / noise_edges_uniform / sev=0.1 / gs=0 / ts=3  ok  auc=0.780  3.6s
[baselines] [179/210] mlp / noise_edges_uniform / sev=0.1 / gs=0 / ts=4  ok  auc=0.789  1.8s
[baselines] [180/210] sage / noise_edges_uniform / sev=0.1 / gs=0 / ts=4  ok  auc=0.781  3.7s
[baselines] [180/210] ETA ~1m 27s
[baselines] [181/210] mlp / noise_edges_uniform / sev=0.1 / gs=1 / ts=0  ok  auc=0.741  0.5s
[baselines] [182/210] sage / noise_edges_uniform / sev=0.1 / gs=1 / ts=0  ok  auc=0.776  3.6s
[baselines] [183/210] mlp / noise_edges_uniform / sev=0.1 / gs=1 / ts=1  ok  auc=0.789  2.1s
[baselines] [184/210] sage / noise_edges_uniform / sev=0.1 / gs=1 / ts=1  ok  auc=0.612  1.1s
[baselines] [185/210] mlp / noise_edges_uniform / sev=0.1 / gs=1 / ts=2  ok  auc=0.790  1.9s
[baselines] [186/210] sage / noise_edges_uniform / sev=0.1 / gs=1 / ts=2  ok  auc=0.781  3.5s
[baselines] [187/210] mlp / noise_edges_uniform / sev=0.1 / gs=1 / ts=3  ok  auc=0.789  1.7s
[baselines] [188/210] sage / noise_edges_uniform / sev=0.1 / gs=1 / ts=3  ok  auc=0.778  3.5s
[baselines] [189/210] mlp / noise_edges_uniform / sev=0.1 / gs=1 / ts=4  ok  auc=0.789  2.0s
[baselines] [190/210] sage / noise_edges_uniform / sev=0.1 / gs=1 / ts=4  ok  auc=0.780  3.3s
[baselines] [190/210] ETA ~56s
[baselines] [191/210] mlp / noise_edges_uniform / sev=0.2 / gs=0 / ts=0  ok  auc=0.741  0.5s
[baselines] [192/210] sage / noise_edges_uniform / sev=0.2 / gs=0 / ts=0  ok  auc=0.777  3.8s
[baselines] [193/210] mlp / noise_edges_uniform / sev=0.2 / gs=0 / ts=1  ok  auc=0.789  2.0s
[baselines] [194/210] sage / noise_edges_uniform / sev=0.2 / gs=0 / ts=1  ok  auc=0.614  1.1s
[baselines] [195/210] mlp / noise_edges_uniform / sev=0.2 / gs=0 / ts=2  ok  auc=0.790  1.9s
[baselines] [196/210] sage / noise_edges_uniform / sev=0.2 / gs=0 / ts=2  ok  auc=0.778  3.7s
[baselines] [197/210] mlp / noise_edges_uniform / sev=0.2 / gs=0 / ts=3  ok  auc=0.789  1.7s
[baselines] [198/210] sage / noise_edges_uniform / sev=0.2 / gs=0 / ts=3  ok  auc=0.777  3.8s
[baselines] [199/210] mlp / noise_edges_uniform / sev=0.2 / gs=0 / ts=4  ok  auc=0.789  2.1s
[baselines] [200/210] sage / noise_edges_uniform / sev=0.2 / gs=0 / ts=4  ok  auc=0.781  3.8s
[baselines] [200/210] ETA ~30s
[baselines] [201/210] mlp / noise_edges_uniform / sev=0.2 / gs=1 / ts=0  ok  auc=0.741  0.5s
[baselines] [202/210] sage / noise_edges_uniform / sev=0.2 / gs=1 / ts=0  ok  auc=0.778  3.9s
[baselines] [203/210] mlp / noise_edges_uniform / sev=0.2 / gs=1 / ts=1  ok  auc=0.789  2.0s
[baselines] [204/210] sage / noise_edges_uniform / sev=0.2 / gs=1 / ts=1  ok  auc=0.613  1.1s
[baselines] [205/210] mlp / noise_edges_uniform / sev=0.2 / gs=1 / ts=2  ok  auc=0.790  1.6s
[baselines] [206/210] sage / noise_edges_uniform / sev=0.2 / gs=1 / ts=2  ok  auc=0.777  3.8s
[baselines] [207/210] mlp / noise_edges_uniform / sev=0.2 / gs=1 / ts=3  ok  auc=0.789  2.0s
[baselines] [208/210] sage / noise_edges_uniform / sev=0.2 / gs=1 / ts=3  ok  auc=0.777  3.7s
[baselines] [209/210] mlp / noise_edges_uniform / sev=0.2 / gs=1 / ts=4  ok  auc=0.789  2.1s
[baselines] [210/210] sage / noise_edges_uniform / sev=0.2 / gs=1 / ts=4  ok  auc=0.781  3.9s
[baselines] [210/210] ETA ~0s
[run] stage=matrix done in 495.05s; out=/kaggle/working/gfd-robustness-v4-factorial-r1/lanes/r40_s1_variant_baselines
