

=== attempt 1; GPU 0; 2026-07-13T16:38:02.545277+00:00 ===
[preflight] 21 variants x 5 seeds x 1 models = 105 runs total
[preflight] 0 already done, 105 remaining
[preflight] no estimate available
[preflight] 21 variants x 5 seeds x 1 models = 105 runs total
[preflight] 0 already done, 105 remaining
[preflight] no estimate available
[shift] [1/105] secgfd / clean / sev=0 / gs=1729 / ts=0  ok  auc=0.799  5.8s
[shift] [2/105] secgfd / heterophily_rewire_oracle / sev=0.15 / gs=0 / ts=0  ok  auc=0.655  0.1s
[shift] [3/105] secgfd / heterophily_rewire_oracle / sev=0.15 / gs=1 / ts=0  ok  auc=0.655  0.1s
[shift] [4/105] secgfd / heterophily_rewire_oracle / sev=0.3 / gs=0 / ts=0  ok  auc=0.480  0.1s
[shift] [5/105] secgfd / heterophily_rewire_oracle / sev=0.3 / gs=1 / ts=0  ok  auc=0.480  0.1s
[shift] [6/105] secgfd / heterophily_rewire_nonoracle / sev=0.15 / gs=0 / ts=0  ok  auc=0.793  0.2s
[shift] [7/105] secgfd / heterophily_rewire_nonoracle / sev=0.15 / gs=1 / ts=0  ok  auc=0.793  0.2s
[shift] [8/105] secgfd / heterophily_rewire_nonoracle / sev=0.3 / gs=0 / ts=0  ok  auc=0.790  0.2s
[shift] [9/105] secgfd / heterophily_rewire_nonoracle / sev=0.3 / gs=1 / ts=0  ok  auc=0.791  0.2s
[shift] [10/105] secgfd / camouflage_feature_oracle / sev=0.15 / gs=0 / ts=0  ok  auc=0.752  0.2s
[shift] [10/105] ETA ~15s
[shift] [11/105] secgfd / camouflage_feature_oracle / sev=0.15 / gs=1 / ts=0  ok  auc=0.761  0.2s
[shift] [12/105] secgfd / camouflage_feature_oracle / sev=0.3 / gs=0 / ts=0  ok  auc=0.714  0.2s
[shift] [13/105] secgfd / camouflage_feature_oracle / sev=0.3 / gs=1 / ts=0  ok  auc=0.709  0.2s
[shift] [14/105] secgfd / camouflage_relation_oracle / sev=0.15 / gs=0 / ts=0  ok  auc=0.801  0.2s
[shift] [15/105] secgfd / camouflage_relation_oracle / sev=0.15 / gs=1 / ts=0  ok  auc=0.801  0.2s
[shift] [16/105] secgfd / camouflage_relation_oracle / sev=0.3 / gs=0 / ts=0  ok  auc=0.803  0.2s
[shift] [17/105] secgfd / camouflage_relation_oracle / sev=0.3 / gs=1 / ts=0  ok  auc=0.803  0.2s
[shift] [18/105] secgfd / noise_edges_uniform / sev=0.1 / gs=0 / ts=0  ok  auc=0.796  0.2s
[shift] [19/105] secgfd / noise_edges_uniform / sev=0.1 / gs=1 / ts=0  ok  auc=0.796  0.2s
[shift] [20/105] secgfd / noise_edges_uniform / sev=0.2 / gs=0 / ts=0  ok  auc=0.794  0.2s
[shift] [20/105] ETA ~16s
[shift] [21/105] secgfd / noise_edges_uniform / sev=0.2 / gs=1 / ts=0  ok  auc=0.794  0.2s
[shift] [22/105] secgfd / clean / sev=0 / gs=1729 / ts=1  ok  auc=0.788  4.5s
[shift] [23/105] secgfd / heterophily_rewire_oracle / sev=0.15 / gs=0 / ts=1  ok  auc=0.637  0.2s
[shift] [24/105] secgfd / heterophily_rewire_oracle / sev=0.15 / gs=1 / ts=1  ok  auc=0.637  0.2s
[shift] [25/105] secgfd / heterophily_rewire_oracle / sev=0.3 / gs=0 / ts=1  ok  auc=0.467  0.2s
[shift] [26/105] secgfd / heterophily_rewire_oracle / sev=0.3 / gs=1 / ts=1  ok  auc=0.467  0.2s
[shift] [27/105] secgfd / heterophily_rewire_nonoracle / sev=0.15 / gs=0 / ts=1  ok  auc=0.787  0.2s
[shift] [28/105] secgfd / heterophily_rewire_nonoracle / sev=0.15 / gs=1 / ts=1  ok  auc=0.787  0.2s
[shift] [29/105] secgfd / heterophily_rewire_nonoracle / sev=0.3 / gs=0 / ts=1  ok  auc=0.785  0.2s
[shift] [30/105] secgfd / heterophily_rewire_nonoracle / sev=0.3 / gs=1 / ts=1  ok  auc=0.787  0.2s
[shift] [30/105] ETA ~13s
[shift] [31/105] secgfd / camouflage_feature_oracle / sev=0.15 / gs=0 / ts=1  ok  auc=0.742  0.2s
[shift] [32/105] secgfd / camouflage_feature_oracle / sev=0.15 / gs=1 / ts=1  ok  auc=0.750  0.2s
[shift] [33/105] secgfd / camouflage_feature_oracle / sev=0.3 / gs=0 / ts=1  ok  auc=0.706  0.2s
[shift] [34/105] secgfd / camouflage_feature_oracle / sev=0.3 / gs=1 / ts=1  ok  auc=0.702  0.2s
[shift] [35/105] secgfd / camouflage_relation_oracle / sev=0.15 / gs=0 / ts=1  ok  auc=0.790  0.2s
[shift] [36/105] secgfd / camouflage_relation_oracle / sev=0.15 / gs=1 / ts=1  ok  auc=0.791  0.2s
[shift] [37/105] secgfd / camouflage_relation_oracle / sev=0.3 / gs=0 / ts=1  ok  auc=0.793  0.2s
[shift] [38/105] secgfd / camouflage_relation_oracle / sev=0.3 / gs=1 / ts=1  ok  auc=0.793  0.2s
[shift] [39/105] secgfd / noise_edges_uniform / sev=0.1 / gs=0 / ts=1  ok  auc=0.788  0.2s
[shift] [40/105] secgfd / noise_edges_uniform / sev=0.1 / gs=1 / ts=1  ok  auc=0.789  0.2s
[shift] [40/105] ETA ~13s
[shift] [41/105] secgfd / noise_edges_uniform / sev=0.2 / gs=0 / ts=1  ok  auc=0.787  0.2s
[shift] [42/105] secgfd / noise_edges_uniform / sev=0.2 / gs=1 / ts=1  ok  auc=0.788  0.2s
[shift] [43/105] secgfd / clean / sev=0 / gs=1729 / ts=2  ok  auc=0.797  4.5s
[shift] [44/105] secgfd / heterophily_rewire_oracle / sev=0.15 / gs=0 / ts=2  ok  auc=0.646  0.1s
[shift] [45/105] secgfd / heterophily_rewire_oracle / sev=0.15 / gs=1 / ts=2  ok  auc=0.645  0.1s
[shift] [46/105] secgfd / heterophily_rewire_oracle / sev=0.3 / gs=0 / ts=2  ok  auc=0.468  0.1s
[shift] [47/105] secgfd / heterophily_rewire_oracle / sev=0.3 / gs=1 / ts=2  ok  auc=0.468  0.1s
[shift] [48/105] secgfd / heterophily_rewire_nonoracle / sev=0.15 / gs=0 / ts=2  ok  auc=0.793  0.1s
[shift] [49/105] secgfd / heterophily_rewire_nonoracle / sev=0.15 / gs=1 / ts=2  ok  auc=0.793  0.1s
[shift] [50/105] secgfd / heterophily_rewire_nonoracle / sev=0.3 / gs=0 / ts=2  ok  auc=0.789  0.2s
[shift] [50/105] ETA ~9s
[shift] [51/105] secgfd / heterophily_rewire_nonoracle / sev=0.3 / gs=1 / ts=2  ok  auc=0.790  0.2s
[shift] [52/105] secgfd / camouflage_feature_oracle / sev=0.15 / gs=0 / ts=2  ok  auc=0.752  0.2s
[shift] [53/105] secgfd / camouflage_feature_oracle / sev=0.15 / gs=1 / ts=2  ok  auc=0.758  0.2s
[shift] [54/105] secgfd / camouflage_feature_oracle / sev=0.3 / gs=0 / ts=2  ok  auc=0.713  0.2s
[shift] [55/105] secgfd / camouflage_feature_oracle / sev=0.3 / gs=1 / ts=2  ok  auc=0.712  0.2s
[shift] [56/105] secgfd / camouflage_relation_oracle / sev=0.15 / gs=0 / ts=2  ok  auc=0.801  0.2s
[shift] [57/105] secgfd / camouflage_relation_oracle / sev=0.15 / gs=1 / ts=2  ok  auc=0.801  0.2s
[shift] [58/105] secgfd / camouflage_relation_oracle / sev=0.3 / gs=0 / ts=2  ok  auc=0.805  0.2s
[shift] [59/105] secgfd / camouflage_relation_oracle / sev=0.3 / gs=1 / ts=2  ok  auc=0.804  0.2s
[shift] [60/105] secgfd / noise_edges_uniform / sev=0.1 / gs=0 / ts=2  ok  auc=0.795  0.2s
[shift] [60/105] ETA ~8s
[shift] [61/105] secgfd / noise_edges_uniform / sev=0.1 / gs=1 / ts=2  ok  auc=0.796  0.2s
[shift] [62/105] secgfd / noise_edges_uniform / sev=0.2 / gs=0 / ts=2  ok  auc=0.793  0.2s
[shift] [63/105] secgfd / noise_edges_uniform / sev=0.2 / gs=1 / ts=2  ok  auc=0.793  0.2s
[shift] [64/105] secgfd / clean / sev=0 / gs=1729 / ts=3  ok  auc=0.781  4.5s
[shift] [65/105] secgfd / heterophily_rewire_oracle / sev=0.15 / gs=0 / ts=3  ok  auc=0.618  0.2s
[shift] [66/105] secgfd / heterophily_rewire_oracle / sev=0.15 / gs=1 / ts=3  ok  auc=0.617  0.1s
[shift] [67/105] secgfd / heterophily_rewire_oracle / sev=0.3 / gs=0 / ts=3  ok  auc=0.415  0.1s
[shift] [68/105] secgfd / heterophily_rewire_oracle / sev=0.3 / gs=1 / ts=3  ok  auc=0.415  0.1s
[shift] [69/105] secgfd / heterophily_rewire_nonoracle / sev=0.15 / gs=0 / ts=3  ok  auc=0.777  0.1s
[shift] [70/105] secgfd / heterophily_rewire_nonoracle / sev=0.15 / gs=1 / ts=3  ok  auc=0.776  0.1s
[shift] [70/105] ETA ~5s
[shift] [71/105] secgfd / heterophily_rewire_nonoracle / sev=0.3 / gs=0 / ts=3  ok  auc=0.773  0.2s
[shift] [72/105] secgfd / heterophily_rewire_nonoracle / sev=0.3 / gs=1 / ts=3  ok  auc=0.775  0.2s
[shift] [73/105] secgfd / camouflage_feature_oracle / sev=0.15 / gs=0 / ts=3  ok  auc=0.738  0.2s
[shift] [74/105] secgfd / camouflage_feature_oracle / sev=0.15 / gs=1 / ts=3  ok  auc=0.743  0.2s
[shift] [75/105] secgfd / camouflage_feature_oracle / sev=0.3 / gs=0 / ts=3  ok  auc=0.700  0.2s
[shift] [76/105] secgfd / camouflage_feature_oracle / sev=0.3 / gs=1 / ts=3  ok  auc=0.696  0.2s
[shift] [77/105] secgfd / camouflage_relation_oracle / sev=0.15 / gs=0 / ts=3  ok  auc=0.785  0.2s
[shift] [78/105] secgfd / camouflage_relation_oracle / sev=0.15 / gs=1 / ts=3  ok  auc=0.785  0.2s
[shift] [79/105] secgfd / camouflage_relation_oracle / sev=0.3 / gs=0 / ts=3  ok  auc=0.790  0.2s
[shift] [80/105] secgfd / camouflage_relation_oracle / sev=0.3 / gs=1 / ts=3  ok  auc=0.790  0.2s
[shift] [80/105] ETA ~5s
[shift] [81/105] secgfd / noise_edges_uniform / sev=0.1 / gs=0 / ts=3  ok  auc=0.779  0.2s
[shift] [82/105] secgfd / noise_edges_uniform / sev=0.1 / gs=1 / ts=3  ok  auc=0.780  0.2s
[shift] [83/105] secgfd / noise_edges_uniform / sev=0.2 / gs=0 / ts=3  ok  auc=0.778  0.2s
[shift] [84/105] secgfd / noise_edges_uniform / sev=0.2 / gs=1 / ts=3  ok  auc=0.778  0.2s
[shift] [85/105] secgfd / clean / sev=0 / gs=1729 / ts=4  ok  auc=0.785  4.3s
[shift] [86/105] secgfd / heterophily_rewire_oracle / sev=0.15 / gs=0 / ts=4  ok  auc=0.641  0.2s
[shift] [87/105] secgfd / heterophily_rewire_oracle / sev=0.15 / gs=1 / ts=4  ok  auc=0.641  0.2s
[shift] [88/105] secgfd / heterophily_rewire_oracle / sev=0.3 / gs=0 / ts=4  ok  auc=0.484  0.2s
[shift] [89/105] secgfd / heterophily_rewire_oracle / sev=0.3 / gs=1 / ts=4  ok  auc=0.484  0.2s
[shift] [90/105] secgfd / heterophily_rewire_nonoracle / sev=0.15 / gs=0 / ts=4  ok  auc=0.782  0.2s
[shift] [90/105] ETA ~3s
[shift] [91/105] secgfd / heterophily_rewire_nonoracle / sev=0.15 / gs=1 / ts=4  ok  auc=0.782  0.2s
[shift] [92/105] secgfd / heterophily_rewire_nonoracle / sev=0.3 / gs=0 / ts=4  ok  auc=0.780  0.2s
[shift] [93/105] secgfd / heterophily_rewire_nonoracle / sev=0.3 / gs=1 / ts=4  ok  auc=0.782  0.2s
[shift] [94/105] secgfd / camouflage_feature_oracle / sev=0.15 / gs=0 / ts=4  ok  auc=0.741  0.2s
[shift] [95/105] secgfd / camouflage_feature_oracle / sev=0.15 / gs=1 / ts=4  ok  auc=0.748  0.2s
[shift] [96/105] secgfd / camouflage_feature_oracle / sev=0.3 / gs=0 / ts=4  ok  auc=0.705  0.2s
[shift] [97/105] secgfd / camouflage_feature_oracle / sev=0.3 / gs=1 / ts=4  ok  auc=0.700  0.2s
[shift] [98/105] secgfd / camouflage_relation_oracle / sev=0.15 / gs=0 / ts=4  ok  auc=0.788  0.2s
[shift] [99/105] secgfd / camouflage_relation_oracle / sev=0.15 / gs=1 / ts=4  ok  auc=0.788  0.2s
[shift] [100/105] secgfd / camouflage_relation_oracle / sev=0.3 / gs=0 / ts=4  ok  auc=0.791  0.2s
[shift] [100/105] ETA ~1s
[shift] [101/105] secgfd / camouflage_relation_oracle / sev=0.3 / gs=1 / ts=4  ok  auc=0.791  0.2s
[shift] [102/105] secgfd / noise_edges_uniform / sev=0.1 / gs=0 / ts=4  ok  auc=0.783  0.2s
[shift] [103/105] secgfd / noise_edges_uniform / sev=0.1 / gs=1 / ts=4  ok  auc=0.784  0.2s
[shift] [104/105] secgfd / noise_edges_uniform / sev=0.2 / gs=0 / ts=4  ok  auc=0.782  0.2s
[shift] [105/105] secgfd / noise_edges_uniform / sev=0.2 / gs=1 / ts=4  ok  auc=0.783  0.2s
[run] stage=matrix done in 63.60s; out=/kaggle/working/gfd-robustness-v4-factorial-r1/lanes/r60_s1_shift_secgfd
