

=== attempt 1; GPU 0; 2026-07-13T15:19:48.435138+00:00 ===
[preflight] 21 variants x 5 seeds x 1 models = 105 runs total
[preflight] 0 already done, 105 remaining
[preflight] no estimate available
[preflight] 21 variants x 5 seeds x 1 models = 105 runs total
[preflight] 0 already done, 105 remaining
[preflight] no estimate available
[secgfd] [1/105] secgfd / clean / sev=0 / gs=1729 / ts=0  ok  auc=0.802  6.0s
[secgfd] [2/105] secgfd / clean / sev=0 / gs=1729 / ts=1  ok  auc=0.787  4.5s
[secgfd] [3/105] secgfd / clean / sev=0 / gs=1729 / ts=2  ok  auc=0.797  4.4s
[secgfd] [4/105] secgfd / clean / sev=0 / gs=1729 / ts=3  ok  auc=0.788  4.4s
[secgfd] [5/105] secgfd / clean / sev=0 / gs=1729 / ts=4  ok  auc=0.785  4.4s
[secgfd] [6/105] secgfd / heterophily_rewire_oracle / sev=0.15 / gs=0 / ts=0  ok  auc=1.000  3.7s
[secgfd] [7/105] secgfd / heterophily_rewire_oracle / sev=0.15 / gs=0 / ts=1  ok  auc=1.000  4.4s
[secgfd] [8/105] secgfd / heterophily_rewire_oracle / sev=0.15 / gs=0 / ts=2  ok  auc=0.993  1.2s
[secgfd] [9/105] secgfd / heterophily_rewire_oracle / sev=0.15 / gs=0 / ts=3  ok  auc=1.000  4.4s
[secgfd] [10/105] secgfd / heterophily_rewire_oracle / sev=0.15 / gs=0 / ts=4  ok  auc=1.000  4.5s
[secgfd] [10/105] ETA ~5m 46s
[secgfd] [11/105] secgfd / heterophily_rewire_oracle / sev=0.15 / gs=1 / ts=0  ok  auc=1.000  4.6s
[secgfd] [12/105] secgfd / heterophily_rewire_oracle / sev=0.15 / gs=1 / ts=1  ok  auc=1.000  4.6s
[secgfd] [13/105] secgfd / heterophily_rewire_oracle / sev=0.15 / gs=1 / ts=2  ok  auc=0.993  1.3s
[secgfd] [14/105] secgfd / heterophily_rewire_oracle / sev=0.15 / gs=1 / ts=3  ok  auc=1.000  4.6s
[secgfd] [15/105] secgfd / heterophily_rewire_oracle / sev=0.15 / gs=1 / ts=4  ok  auc=1.000  4.6s
[secgfd] [16/105] secgfd / heterophily_rewire_oracle / sev=0.3 / gs=0 / ts=0  ok  auc=1.000  1.3s
[secgfd] [17/105] secgfd / heterophily_rewire_oracle / sev=0.3 / gs=0 / ts=1  ok  auc=1.000  1.4s
[secgfd] [18/105] secgfd / heterophily_rewire_oracle / sev=0.3 / gs=0 / ts=2  ok  auc=1.000  1.3s
[secgfd] [19/105] secgfd / heterophily_rewire_oracle / sev=0.3 / gs=0 / ts=3  ok  auc=1.000  1.3s
[secgfd] [20/105] secgfd / heterophily_rewire_oracle / sev=0.3 / gs=0 / ts=4  ok  auc=1.000  1.3s
[secgfd] [20/105] ETA ~1m 50s
[secgfd] [21/105] secgfd / heterophily_rewire_oracle / sev=0.3 / gs=1 / ts=0  ok  auc=1.000  1.3s
[secgfd] [22/105] secgfd / heterophily_rewire_oracle / sev=0.3 / gs=1 / ts=1  ok  auc=1.000  1.5s
[secgfd] [23/105] secgfd / heterophily_rewire_oracle / sev=0.3 / gs=1 / ts=2  ok  auc=1.000  1.3s
[secgfd] [24/105] secgfd / heterophily_rewire_oracle / sev=0.3 / gs=1 / ts=3  ok  auc=1.000  1.3s
[secgfd] [25/105] secgfd / heterophily_rewire_oracle / sev=0.3 / gs=1 / ts=4  ok  auc=1.000  1.3s
[secgfd] [26/105] secgfd / heterophily_rewire_nonoracle / sev=0.15 / gs=0 / ts=0  ok  auc=0.810  4.8s
[secgfd] [27/105] secgfd / heterophily_rewire_nonoracle / sev=0.15 / gs=0 / ts=1  ok  auc=0.786  4.7s
[secgfd] [28/105] secgfd / heterophily_rewire_nonoracle / sev=0.15 / gs=0 / ts=2  ok  auc=0.791  4.8s
[secgfd] [29/105] secgfd / heterophily_rewire_nonoracle / sev=0.15 / gs=0 / ts=3  ok  auc=0.790  4.6s
[secgfd] [30/105] secgfd / heterophily_rewire_nonoracle / sev=0.15 / gs=0 / ts=4  ok  auc=0.779  4.7s
[secgfd] [30/105] ETA ~5m 54s
[secgfd] [31/105] secgfd / heterophily_rewire_nonoracle / sev=0.15 / gs=1 / ts=0  ok  auc=0.805  4.8s
[secgfd] [32/105] secgfd / heterophily_rewire_nonoracle / sev=0.15 / gs=1 / ts=1  ok  auc=0.786  4.7s
[secgfd] [33/105] secgfd / heterophily_rewire_nonoracle / sev=0.15 / gs=1 / ts=2  ok  auc=0.796  4.9s
[secgfd] [34/105] secgfd / heterophily_rewire_nonoracle / sev=0.15 / gs=1 / ts=3  ok  auc=0.795  4.9s
[secgfd] [35/105] secgfd / heterophily_rewire_nonoracle / sev=0.15 / gs=1 / ts=4  ok  auc=0.780  5.0s
[secgfd] [36/105] secgfd / heterophily_rewire_nonoracle / sev=0.3 / gs=0 / ts=0  ok  auc=0.806  4.9s
[secgfd] [37/105] secgfd / heterophily_rewire_nonoracle / sev=0.3 / gs=0 / ts=1  ok  auc=0.783  5.0s
[secgfd] [38/105] secgfd / heterophily_rewire_nonoracle / sev=0.3 / gs=0 / ts=2  ok  auc=0.793  5.0s
[secgfd] [39/105] secgfd / heterophily_rewire_nonoracle / sev=0.3 / gs=0 / ts=3  ok  auc=0.794  5.1s
[secgfd] [40/105] secgfd / heterophily_rewire_nonoracle / sev=0.3 / gs=0 / ts=4  ok  auc=0.776  5.1s
[secgfd] [40/105] ETA ~5m 26s
[secgfd] [41/105] secgfd / heterophily_rewire_nonoracle / sev=0.3 / gs=1 / ts=0  ok  auc=0.811  5.1s
[secgfd] [42/105] secgfd / heterophily_rewire_nonoracle / sev=0.3 / gs=1 / ts=1  ok  auc=0.786  5.0s
[secgfd] [43/105] secgfd / heterophily_rewire_nonoracle / sev=0.3 / gs=1 / ts=2  ok  auc=0.786  5.0s
[secgfd] [44/105] secgfd / heterophily_rewire_nonoracle / sev=0.3 / gs=1 / ts=3  ok  auc=0.798  5.0s
[secgfd] [45/105] secgfd / heterophily_rewire_nonoracle / sev=0.3 / gs=1 / ts=4  ok  auc=0.784  5.0s
[secgfd] [46/105] secgfd / camouflage_feature_oracle / sev=0.15 / gs=0 / ts=0  ok  auc=0.757  4.7s
[secgfd] [47/105] secgfd / camouflage_feature_oracle / sev=0.15 / gs=0 / ts=1  ok  auc=0.734  4.7s
[secgfd] [48/105] secgfd / camouflage_feature_oracle / sev=0.15 / gs=0 / ts=2  ok  auc=0.754  4.7s
[secgfd] [49/105] secgfd / camouflage_feature_oracle / sev=0.15 / gs=0 / ts=3  ok  auc=0.739  4.7s
[secgfd] [50/105] secgfd / camouflage_feature_oracle / sev=0.15 / gs=0 / ts=4  ok  auc=0.725  4.8s
[secgfd] [50/105] ETA ~4m 20s
[secgfd] [51/105] secgfd / camouflage_feature_oracle / sev=0.15 / gs=1 / ts=0  ok  auc=0.789  4.7s
[secgfd] [52/105] secgfd / camouflage_feature_oracle / sev=0.15 / gs=1 / ts=1  ok  auc=0.734  4.6s
[secgfd] [53/105] secgfd / camouflage_feature_oracle / sev=0.15 / gs=1 / ts=2  ok  auc=0.754  4.8s
[secgfd] [54/105] secgfd / camouflage_feature_oracle / sev=0.15 / gs=1 / ts=3  ok  auc=0.749  4.7s
[secgfd] [55/105] secgfd / camouflage_feature_oracle / sev=0.15 / gs=1 / ts=4  ok  auc=0.736  4.8s
[secgfd] [56/105] secgfd / camouflage_feature_oracle / sev=0.3 / gs=0 / ts=0  ok  auc=0.736  4.7s
[secgfd] [57/105] secgfd / camouflage_feature_oracle / sev=0.3 / gs=0 / ts=1  ok  auc=0.704  4.7s
[secgfd] [58/105] secgfd / camouflage_feature_oracle / sev=0.3 / gs=0 / ts=2  ok  auc=0.723  4.7s
[secgfd] [59/105] secgfd / camouflage_feature_oracle / sev=0.3 / gs=0 / ts=3  ok  auc=0.704  4.7s
[secgfd] [60/105] secgfd / camouflage_feature_oracle / sev=0.3 / gs=0 / ts=4  ok  auc=0.705  4.7s
[secgfd] [60/105] ETA ~3m 31s
[secgfd] [61/105] secgfd / camouflage_feature_oracle / sev=0.3 / gs=1 / ts=0  ok  auc=0.750  4.7s
[secgfd] [62/105] secgfd / camouflage_feature_oracle / sev=0.3 / gs=1 / ts=1  ok  auc=0.725  4.7s
[secgfd] [63/105] secgfd / camouflage_feature_oracle / sev=0.3 / gs=1 / ts=2  ok  auc=0.710  4.8s
[secgfd] [64/105] secgfd / camouflage_feature_oracle / sev=0.3 / gs=1 / ts=3  ok  auc=0.703  4.8s
[secgfd] [65/105] secgfd / camouflage_feature_oracle / sev=0.3 / gs=1 / ts=4  ok  auc=0.689  4.8s
[secgfd] [66/105] secgfd / camouflage_relation_oracle / sev=0.15 / gs=0 / ts=0  ok  auc=0.810  4.7s
[secgfd] [67/105] secgfd / camouflage_relation_oracle / sev=0.15 / gs=0 / ts=1  ok  auc=0.792  4.8s
[secgfd] [68/105] secgfd / camouflage_relation_oracle / sev=0.15 / gs=0 / ts=2  ok  auc=0.800  4.8s
[secgfd] [69/105] secgfd / camouflage_relation_oracle / sev=0.15 / gs=0 / ts=3  ok  auc=0.783  4.7s
[secgfd] [70/105] secgfd / camouflage_relation_oracle / sev=0.15 / gs=0 / ts=4  ok  auc=0.785  4.6s
[secgfd] [70/105] ETA ~2m 45s
[secgfd] [71/105] secgfd / camouflage_relation_oracle / sev=0.15 / gs=1 / ts=0  ok  auc=0.807  4.8s
[secgfd] [72/105] secgfd / camouflage_relation_oracle / sev=0.15 / gs=1 / ts=1  ok  auc=0.788  4.8s
[secgfd] [73/105] secgfd / camouflage_relation_oracle / sev=0.15 / gs=1 / ts=2  ok  auc=0.803  4.8s
[secgfd] [74/105] secgfd / camouflage_relation_oracle / sev=0.15 / gs=1 / ts=3  ok  auc=0.795  4.8s
[secgfd] [75/105] secgfd / camouflage_relation_oracle / sev=0.15 / gs=1 / ts=4  ok  auc=0.791  4.8s
[secgfd] [76/105] secgfd / camouflage_relation_oracle / sev=0.3 / gs=0 / ts=0  ok  auc=0.829  4.8s
[secgfd] [77/105] secgfd / camouflage_relation_oracle / sev=0.3 / gs=0 / ts=1  ok  auc=0.821  4.9s
[secgfd] [78/105] secgfd / camouflage_relation_oracle / sev=0.3 / gs=0 / ts=2  ok  auc=0.832  4.9s
[secgfd] [79/105] secgfd / camouflage_relation_oracle / sev=0.3 / gs=0 / ts=3  ok  auc=0.817  4.9s
[secgfd] [80/105] secgfd / camouflage_relation_oracle / sev=0.3 / gs=0 / ts=4  ok  auc=0.812  4.9s
[secgfd] [80/105] ETA ~2m 2s
[secgfd] [81/105] secgfd / camouflage_relation_oracle / sev=0.3 / gs=1 / ts=0  ok  auc=0.832  4.8s
[secgfd] [82/105] secgfd / camouflage_relation_oracle / sev=0.3 / gs=1 / ts=1  ok  auc=0.819  4.8s
[secgfd] [83/105] secgfd / camouflage_relation_oracle / sev=0.3 / gs=1 / ts=2  ok  auc=0.825  4.9s
[secgfd] [84/105] secgfd / camouflage_relation_oracle / sev=0.3 / gs=1 / ts=3  ok  auc=0.826  4.8s
[secgfd] [85/105] secgfd / camouflage_relation_oracle / sev=0.3 / gs=1 / ts=4  ok  auc=0.814  4.8s
[secgfd] [86/105] secgfd / noise_edges_uniform / sev=0.1 / gs=0 / ts=0  ok  auc=0.808  5.2s
[secgfd] [87/105] secgfd / noise_edges_uniform / sev=0.1 / gs=0 / ts=1  ok  auc=0.785  5.1s
[secgfd] [88/105] secgfd / noise_edges_uniform / sev=0.1 / gs=0 / ts=2  ok  auc=0.795  5.3s
[secgfd] [89/105] secgfd / noise_edges_uniform / sev=0.1 / gs=0 / ts=3  ok  auc=0.795  5.3s
[secgfd] [90/105] secgfd / noise_edges_uniform / sev=0.1 / gs=0 / ts=4  ok  auc=0.785  5.2s
[secgfd] [90/105] ETA ~1m 18s
[secgfd] [91/105] secgfd / noise_edges_uniform / sev=0.1 / gs=1 / ts=0  ok  auc=0.806  5.3s
[secgfd] [92/105] secgfd / noise_edges_uniform / sev=0.1 / gs=1 / ts=1  ok  auc=0.791  5.3s
[secgfd] [93/105] secgfd / noise_edges_uniform / sev=0.1 / gs=1 / ts=2  ok  auc=0.798  5.4s
[secgfd] [94/105] secgfd / noise_edges_uniform / sev=0.1 / gs=1 / ts=3  ok  auc=0.787  5.3s
[secgfd] [95/105] secgfd / noise_edges_uniform / sev=0.1 / gs=1 / ts=4  ok  auc=0.785  5.3s
[secgfd] [96/105] secgfd / noise_edges_uniform / sev=0.2 / gs=0 / ts=0  ok  auc=0.809  5.8s
[secgfd] [97/105] secgfd / noise_edges_uniform / sev=0.2 / gs=0 / ts=1  ok  auc=0.791  5.8s
[secgfd] [98/105] secgfd / noise_edges_uniform / sev=0.2 / gs=0 / ts=2  ok  auc=0.794  5.8s
[secgfd] [99/105] secgfd / noise_edges_uniform / sev=0.2 / gs=0 / ts=3  ok  auc=0.795  5.6s
[secgfd] [100/105] secgfd / noise_edges_uniform / sev=0.2 / gs=0 / ts=4  ok  auc=0.782  5.7s
[secgfd] [100/105] ETA ~29s
[secgfd] [101/105] secgfd / noise_edges_uniform / sev=0.2 / gs=1 / ts=0  ok  auc=0.807  5.7s
[secgfd] [102/105] secgfd / noise_edges_uniform / sev=0.2 / gs=1 / ts=1  ok  auc=0.791  5.7s
[secgfd] [103/105] secgfd / noise_edges_uniform / sev=0.2 / gs=1 / ts=2  ok  auc=0.796  5.7s
[secgfd] [104/105] secgfd / noise_edges_uniform / sev=0.2 / gs=1 / ts=3  ok  auc=0.797  5.8s
[secgfd] [105/105] secgfd / noise_edges_uniform / sev=0.2 / gs=1 / ts=4  ok  auc=0.783  5.7s
[run] stage=matrix done in 479.52s; out=/kaggle/working/gfd-robustness-v4-factorial-r1/lanes/r60_s1_variant_secgfd
