

=== attempt 1; GPU 1; 2026-07-13T16:38:02.576633+00:00 ===
[preflight] 21 variants x 5 seeds x 1 models = 105 runs total
[preflight] 0 already done, 105 remaining
[preflight] no estimate available
[preflight] 21 variants x 5 seeds x 1 models = 105 runs total
[preflight] 0 already done, 105 remaining
[preflight] no estimate available
/kaggle/working/fraud-benchmark-py311/lib/python3.11/site-packages/dgl/dataloading/dataloader.py:1149: DGLWarning: Dataloader CPU affinity opt is not enabled, consider switching it on (see enable_cpu_affinity() or CPU best practices for DGL [https://docs.dgl.ai/tutorials/cpu/cpu_best_practises.html])
  dgl_warning(
[shift] [1/105] pmp / clean / sev=0 / gs=1729 / ts=0  ok  auc=0.841  41.3s
[shift] [2/105] pmp / heterophily_rewire_oracle / sev=0.15 / gs=0 / ts=0  ok  auc=0.781  0.3s
[shift] [3/105] pmp / heterophily_rewire_oracle / sev=0.15 / gs=1 / ts=0  ok  auc=0.781  0.4s
[shift] [4/105] pmp / heterophily_rewire_oracle / sev=0.3 / gs=0 / ts=0  ok  auc=0.757  0.4s
[shift] [5/105] pmp / heterophily_rewire_oracle / sev=0.3 / gs=1 / ts=0  ok  auc=0.759  0.4s
[shift] [6/105] pmp / heterophily_rewire_nonoracle / sev=0.15 / gs=0 / ts=0  ok  auc=0.824  0.4s
[shift] [7/105] pmp / heterophily_rewire_nonoracle / sev=0.15 / gs=1 / ts=0  ok  auc=0.825  0.4s
[shift] [8/105] pmp / heterophily_rewire_nonoracle / sev=0.3 / gs=0 / ts=0  ok  auc=0.813  0.4s
[shift] [9/105] pmp / heterophily_rewire_nonoracle / sev=0.3 / gs=1 / ts=0  ok  auc=0.810  0.4s
[shift] [10/105] pmp / camouflage_feature_oracle / sev=0.15 / gs=0 / ts=0  ok  auc=0.790  0.3s
[shift] [10/105] ETA ~33s
[shift] [11/105] pmp / camouflage_feature_oracle / sev=0.15 / gs=1 / ts=0  ok  auc=0.794  0.3s
[shift] [12/105] pmp / camouflage_feature_oracle / sev=0.3 / gs=0 / ts=0  ok  auc=0.753  0.3s
[shift] [13/105] pmp / camouflage_feature_oracle / sev=0.3 / gs=1 / ts=0  ok  auc=0.757  0.3s
[shift] [14/105] pmp / camouflage_relation_oracle / sev=0.15 / gs=0 / ts=0  ok  auc=0.832  0.3s
[shift] [15/105] pmp / camouflage_relation_oracle / sev=0.15 / gs=1 / ts=0  ok  auc=0.835  0.3s
[shift] [16/105] pmp / camouflage_relation_oracle / sev=0.3 / gs=0 / ts=0  ok  auc=0.832  0.3s
[shift] [17/105] pmp / camouflage_relation_oracle / sev=0.3 / gs=1 / ts=0  ok  auc=0.830  0.3s
[shift] [18/105] pmp / noise_edges_uniform / sev=0.1 / gs=0 / ts=0  ok  auc=0.829  0.3s
[shift] [19/105] pmp / noise_edges_uniform / sev=0.1 / gs=1 / ts=0  ok  auc=0.830  0.3s
[shift] [20/105] pmp / noise_edges_uniform / sev=0.2 / gs=0 / ts=0  ok  auc=0.824  0.4s
[shift] [20/105] ETA ~27s
[shift] [21/105] pmp / noise_edges_uniform / sev=0.2 / gs=1 / ts=0  ok  auc=0.820  0.4s
[shift] [22/105] pmp / clean / sev=0 / gs=1729 / ts=1  ok  auc=0.832  49.5s
[shift] [23/105] pmp / heterophily_rewire_oracle / sev=0.15 / gs=0 / ts=1  ok  auc=0.769  0.4s
[shift] [24/105] pmp / heterophily_rewire_oracle / sev=0.15 / gs=1 / ts=1  ok  auc=0.762  0.3s
[shift] [25/105] pmp / heterophily_rewire_oracle / sev=0.3 / gs=0 / ts=1  ok  auc=0.738  0.4s
[shift] [26/105] pmp / heterophily_rewire_oracle / sev=0.3 / gs=1 / ts=1  ok  auc=0.738  0.3s
[shift] [27/105] pmp / heterophily_rewire_nonoracle / sev=0.15 / gs=0 / ts=1  ok  auc=0.821  0.4s
[shift] [28/105] pmp / heterophily_rewire_nonoracle / sev=0.15 / gs=1 / ts=1  ok  auc=0.822  0.3s
[shift] [29/105] pmp / heterophily_rewire_nonoracle / sev=0.3 / gs=0 / ts=1  ok  auc=0.809  0.3s
[shift] [30/105] pmp / heterophily_rewire_nonoracle / sev=0.3 / gs=1 / ts=1  ok  auc=0.805  0.4s
[shift] [30/105] ETA ~26s
[shift] [31/105] pmp / camouflage_feature_oracle / sev=0.15 / gs=0 / ts=1  ok  auc=0.790  0.3s
[shift] [32/105] pmp / camouflage_feature_oracle / sev=0.15 / gs=1 / ts=1  ok  auc=0.789  0.3s
[shift] [33/105] pmp / camouflage_feature_oracle / sev=0.3 / gs=0 / ts=1  ok  auc=0.753  0.3s
[shift] [34/105] pmp / camouflage_feature_oracle / sev=0.3 / gs=1 / ts=1  ok  auc=0.753  0.3s
[shift] [35/105] pmp / camouflage_relation_oracle / sev=0.15 / gs=0 / ts=1  ok  auc=0.826  0.3s
[shift] [36/105] pmp / camouflage_relation_oracle / sev=0.15 / gs=1 / ts=1  ok  auc=0.833  0.3s
[shift] [37/105] pmp / camouflage_relation_oracle / sev=0.3 / gs=0 / ts=1  ok  auc=0.828  0.3s
[shift] [38/105] pmp / camouflage_relation_oracle / sev=0.3 / gs=1 / ts=1  ok  auc=0.824  0.3s
[shift] [39/105] pmp / noise_edges_uniform / sev=0.1 / gs=0 / ts=1  ok  auc=0.823  0.3s
[shift] [40/105] pmp / noise_edges_uniform / sev=0.1 / gs=1 / ts=1  ok  auc=0.826  0.3s
[shift] [40/105] ETA ~21s
[shift] [41/105] pmp / noise_edges_uniform / sev=0.2 / gs=0 / ts=1  ok  auc=0.817  0.4s
[shift] [42/105] pmp / noise_edges_uniform / sev=0.2 / gs=1 / ts=1  ok  auc=0.823  0.4s
[shift] [43/105] pmp / clean / sev=0 / gs=1729 / ts=2  ok  auc=0.843  55.8s
[shift] [44/105] pmp / heterophily_rewire_oracle / sev=0.15 / gs=0 / ts=2  ok  auc=0.777  0.3s
[shift] [45/105] pmp / heterophily_rewire_oracle / sev=0.15 / gs=1 / ts=2  ok  auc=0.781  0.3s
[shift] [46/105] pmp / heterophily_rewire_oracle / sev=0.3 / gs=0 / ts=2  ok  auc=0.755  0.3s
[shift] [47/105] pmp / heterophily_rewire_oracle / sev=0.3 / gs=1 / ts=2  ok  auc=0.754  0.3s
[shift] [48/105] pmp / heterophily_rewire_nonoracle / sev=0.15 / gs=0 / ts=2  ok  auc=0.830  0.3s
[shift] [49/105] pmp / heterophily_rewire_nonoracle / sev=0.15 / gs=1 / ts=2  ok  auc=0.828  0.3s
[shift] [50/105] pmp / heterophily_rewire_nonoracle / sev=0.3 / gs=0 / ts=2  ok  auc=0.817  0.3s
[shift] [50/105] ETA ~16s
[shift] [51/105] pmp / heterophily_rewire_nonoracle / sev=0.3 / gs=1 / ts=2  ok  auc=0.812  0.3s
[shift] [52/105] pmp / camouflage_feature_oracle / sev=0.15 / gs=0 / ts=2  ok  auc=0.795  0.3s
[shift] [53/105] pmp / camouflage_feature_oracle / sev=0.15 / gs=1 / ts=2  ok  auc=0.801  0.3s
[shift] [54/105] pmp / camouflage_feature_oracle / sev=0.3 / gs=0 / ts=2  ok  auc=0.758  0.3s
[shift] [55/105] pmp / camouflage_feature_oracle / sev=0.3 / gs=1 / ts=2  ok  auc=0.762  0.3s
[shift] [56/105] pmp / camouflage_relation_oracle / sev=0.15 / gs=0 / ts=2  ok  auc=0.838  0.3s
[shift] [57/105] pmp / camouflage_relation_oracle / sev=0.15 / gs=1 / ts=2  ok  auc=0.838  0.3s
[shift] [58/105] pmp / camouflage_relation_oracle / sev=0.3 / gs=0 / ts=2  ok  auc=0.832  0.3s
[shift] [59/105] pmp / camouflage_relation_oracle / sev=0.3 / gs=1 / ts=2  ok  auc=0.832  0.3s
[shift] [60/105] pmp / noise_edges_uniform / sev=0.1 / gs=0 / ts=2  ok  auc=0.829  0.3s
[shift] [60/105] ETA ~12s
[shift] [61/105] pmp / noise_edges_uniform / sev=0.1 / gs=1 / ts=2  ok  auc=0.830  0.3s
[shift] [62/105] pmp / noise_edges_uniform / sev=0.2 / gs=0 / ts=2  ok  auc=0.827  0.3s
[shift] [63/105] pmp / noise_edges_uniform / sev=0.2 / gs=1 / ts=2  ok  auc=0.823  0.3s
[shift] [64/105] pmp / clean / sev=0 / gs=1729 / ts=3  ok  auc=0.840  52.1s
[shift] [65/105] pmp / heterophily_rewire_oracle / sev=0.15 / gs=0 / ts=3  ok  auc=0.775  0.3s
[shift] [66/105] pmp / heterophily_rewire_oracle / sev=0.15 / gs=1 / ts=3  ok  auc=0.771  0.3s
[shift] [67/105] pmp / heterophily_rewire_oracle / sev=0.3 / gs=0 / ts=3  ok  auc=0.746  0.3s
[shift] [68/105] pmp / heterophily_rewire_oracle / sev=0.3 / gs=1 / ts=3  ok  auc=0.744  0.3s
[shift] [69/105] pmp / heterophily_rewire_nonoracle / sev=0.15 / gs=0 / ts=3  ok  auc=0.822  0.3s
[shift] [70/105] pmp / heterophily_rewire_nonoracle / sev=0.15 / gs=1 / ts=3  ok  auc=0.824  0.3s
[shift] [70/105] ETA ~10s
[shift] [71/105] pmp / heterophily_rewire_nonoracle / sev=0.3 / gs=0 / ts=3  ok  auc=0.810  0.3s
[shift] [72/105] pmp / heterophily_rewire_nonoracle / sev=0.3 / gs=1 / ts=3  ok  auc=0.807  0.3s
[shift] [73/105] pmp / camouflage_feature_oracle / sev=0.15 / gs=0 / ts=3  ok  auc=0.795  0.3s
[shift] [74/105] pmp / camouflage_feature_oracle / sev=0.15 / gs=1 / ts=3  ok  auc=0.800  0.3s
[shift] [75/105] pmp / camouflage_feature_oracle / sev=0.3 / gs=0 / ts=3  ok  auc=0.756  0.3s
[shift] [76/105] pmp / camouflage_feature_oracle / sev=0.3 / gs=1 / ts=3  ok  auc=0.755  0.3s
[shift] [77/105] pmp / camouflage_relation_oracle / sev=0.15 / gs=0 / ts=3  ok  auc=0.835  0.3s
[shift] [78/105] pmp / camouflage_relation_oracle / sev=0.15 / gs=1 / ts=3  ok  auc=0.833  0.3s
[shift] [79/105] pmp / camouflage_relation_oracle / sev=0.3 / gs=0 / ts=3  ok  auc=0.831  0.3s
[shift] [80/105] pmp / camouflage_relation_oracle / sev=0.3 / gs=1 / ts=3  ok  auc=0.826  0.3s
[shift] [80/105] ETA ~7s
[shift] [81/105] pmp / noise_edges_uniform / sev=0.1 / gs=0 / ts=3  ok  auc=0.828  0.3s
[shift] [82/105] pmp / noise_edges_uniform / sev=0.1 / gs=1 / ts=3  ok  auc=0.828  0.3s
[shift] [83/105] pmp / noise_edges_uniform / sev=0.2 / gs=0 / ts=3  ok  auc=0.822  0.3s
[shift] [84/105] pmp / noise_edges_uniform / sev=0.2 / gs=1 / ts=3  ok  auc=0.819  0.3s
[shift] [85/105] pmp / clean / sev=0 / gs=1729 / ts=4  ok  auc=0.850  78.2s
[shift] [86/105] pmp / heterophily_rewire_oracle / sev=0.15 / gs=0 / ts=4  ok  auc=0.781  0.3s
[shift] [87/105] pmp / heterophily_rewire_oracle / sev=0.15 / gs=1 / ts=4  ok  auc=0.782  0.3s
[shift] [88/105] pmp / heterophily_rewire_oracle / sev=0.3 / gs=0 / ts=4  ok  auc=0.759  0.3s
[shift] [89/105] pmp / heterophily_rewire_oracle / sev=0.3 / gs=1 / ts=4  ok  auc=0.748  0.3s
[shift] [90/105] pmp / heterophily_rewire_nonoracle / sev=0.15 / gs=0 / ts=4  ok  auc=0.836  0.3s
[shift] [90/105] ETA ~4s
[shift] [91/105] pmp / heterophily_rewire_nonoracle / sev=0.15 / gs=1 / ts=4  ok  auc=0.836  0.3s
[shift] [92/105] pmp / heterophily_rewire_nonoracle / sev=0.3 / gs=0 / ts=4  ok  auc=0.819  0.3s
[shift] [93/105] pmp / heterophily_rewire_nonoracle / sev=0.3 / gs=1 / ts=4  ok  auc=0.817  0.3s
[shift] [94/105] pmp / camouflage_feature_oracle / sev=0.15 / gs=0 / ts=4  ok  auc=0.805  0.3s
[shift] [95/105] pmp / camouflage_feature_oracle / sev=0.15 / gs=1 / ts=4  ok  auc=0.804  0.3s
[shift] [96/105] pmp / camouflage_feature_oracle / sev=0.3 / gs=0 / ts=4  ok  auc=0.766  0.3s
[shift] [97/105] pmp / camouflage_feature_oracle / sev=0.3 / gs=1 / ts=4  ok  auc=0.767  0.3s
[shift] [98/105] pmp / camouflage_relation_oracle / sev=0.15 / gs=0 / ts=4  ok  auc=0.845  0.3s
[shift] [99/105] pmp / camouflage_relation_oracle / sev=0.15 / gs=1 / ts=4  ok  auc=0.845  0.3s
[shift] [100/105] pmp / camouflage_relation_oracle / sev=0.3 / gs=0 / ts=4  ok  auc=0.842  0.3s
[shift] [100/105] ETA ~1s
[shift] [101/105] pmp / camouflage_relation_oracle / sev=0.3 / gs=1 / ts=4  ok  auc=0.837  0.3s
[shift] [102/105] pmp / noise_edges_uniform / sev=0.1 / gs=0 / ts=4  ok  auc=0.840  0.3s
[shift] [103/105] pmp / noise_edges_uniform / sev=0.1 / gs=1 / ts=4  ok  auc=0.842  0.3s
[shift] [104/105] pmp / noise_edges_uniform / sev=0.2 / gs=0 / ts=4  ok  auc=0.832  0.3s
[shift] [105/105] pmp / noise_edges_uniform / sev=0.2 / gs=1 / ts=4  ok  auc=0.832  0.3s
[run] stage=matrix done in 330.10s; out=/kaggle/working/gfd-robustness-v4-factorial-r1/lanes/r60_s1_shift_pmp
