

=== attempt 1; GPU 0; 2026-07-13T13:51:15.517072+00:00 ===
[preflight] 21 variants x 5 seeds x 2 models = 210 runs total
[preflight] 0 already done, 210 remaining
[preflight] no estimate available
[preflight] 21 variants x 5 seeds x 2 models = 210 runs total
[preflight] 0 already done, 210 remaining
[preflight] no estimate available
[baselines] [1/210] mlp / clean / sev=0 / gs=717 / ts=0  ok  auc=0.750  1.5s
[baselines] [2/210] sage / clean / sev=0 / gs=717 / ts=0  ok  auc=0.796  3.5s
[baselines] [3/210] mlp / clean / sev=0 / gs=717 / ts=1  ok  auc=0.807  1.8s
[baselines] [4/210] sage / clean / sev=0 / gs=717 / ts=1  ok  auc=0.599  0.9s
[baselines] [5/210] mlp / clean / sev=0 / gs=717 / ts=2  ok  auc=0.806  1.9s
[baselines] [6/210] sage / clean / sev=0 / gs=717 / ts=2  ok  auc=0.797  3.4s
[baselines] [7/210] mlp / clean / sev=0 / gs=717 / ts=3  ok  auc=0.805  1.8s
[baselines] [8/210] sage / clean / sev=0 / gs=717 / ts=3  ok  auc=0.801  3.2s
[baselines] [9/210] mlp / clean / sev=0 / gs=717 / ts=4  ok  auc=0.805  1.6s
[baselines] [10/210] sage / clean / sev=0 / gs=717 / ts=4  ok  auc=0.807  3.4s
[baselines] [10/210] ETA ~8m 57s
[baselines] [11/210] mlp / heterophily_rewire_oracle / sev=0.15 / gs=0 / ts=0  ok  auc=0.750  0.4s
[baselines] [12/210] sage / heterophily_rewire_oracle / sev=0.15 / gs=0 / ts=0  ok  auc=0.853  3.3s
[baselines] [13/210] mlp / heterophily_rewire_oracle / sev=0.15 / gs=0 / ts=1  ok  auc=0.807  1.6s
[baselines] [14/210] sage / heterophily_rewire_oracle / sev=0.15 / gs=0 / ts=1  ok  auc=0.702  1.1s
[baselines] [15/210] mlp / heterophily_rewire_oracle / sev=0.15 / gs=0 / ts=2  ok  auc=0.806  1.9s
[baselines] [16/210] sage / heterophily_rewire_oracle / sev=0.15 / gs=0 / ts=2  ok  auc=0.860  3.3s
[baselines] [17/210] mlp / heterophily_rewire_oracle / sev=0.15 / gs=0 / ts=3  ok  auc=0.805  2.0s
[baselines] [18/210] sage / heterophily_rewire_oracle / sev=0.15 / gs=0 / ts=3  ok  auc=0.858  3.4s
[baselines] [19/210] mlp / heterophily_rewire_oracle / sev=0.15 / gs=0 / ts=4  ok  auc=0.805  2.0s
[baselines] [20/210] sage / heterophily_rewire_oracle / sev=0.15 / gs=0 / ts=4  ok  auc=0.858  3.3s
[baselines] [20/210] ETA ~8m 50s
[baselines] [21/210] mlp / heterophily_rewire_oracle / sev=0.15 / gs=1 / ts=0  ok  auc=0.750  0.3s
[baselines] [22/210] sage / heterophily_rewire_oracle / sev=0.15 / gs=1 / ts=0  ok  auc=0.850  3.3s
[baselines] [23/210] mlp / heterophily_rewire_oracle / sev=0.15 / gs=1 / ts=1  ok  auc=0.807  1.8s
[baselines] [24/210] sage / heterophily_rewire_oracle / sev=0.15 / gs=1 / ts=1  ok  auc=0.838  3.3s
[baselines] [25/210] mlp / heterophily_rewire_oracle / sev=0.15 / gs=1 / ts=2  ok  auc=0.806  1.9s
[baselines] [26/210] sage / heterophily_rewire_oracle / sev=0.15 / gs=1 / ts=2  ok  auc=0.866  3.4s
[baselines] [27/210] mlp / heterophily_rewire_oracle / sev=0.15 / gs=1 / ts=3  ok  auc=0.805  1.9s
[baselines] [28/210] sage / heterophily_rewire_oracle / sev=0.15 / gs=1 / ts=3  ok  auc=0.861  3.1s
[baselines] [29/210] mlp / heterophily_rewire_oracle / sev=0.15 / gs=1 / ts=4  ok  auc=0.805  2.0s
[baselines] [30/210] sage / heterophily_rewire_oracle / sev=0.15 / gs=1 / ts=4  ok  auc=0.857  3.2s
[baselines] [30/210] ETA ~8m 8s
[baselines] [31/210] mlp / heterophily_rewire_oracle / sev=0.3 / gs=0 / ts=0  ok  auc=0.750  0.4s
[baselines] [32/210] sage / heterophily_rewire_oracle / sev=0.3 / gs=0 / ts=0  ok  auc=0.897  3.4s
[baselines] [33/210] mlp / heterophily_rewire_oracle / sev=0.3 / gs=0 / ts=1  ok  auc=0.807  2.0s
[baselines] [34/210] sage / heterophily_rewire_oracle / sev=0.3 / gs=0 / ts=1  ok  auc=0.891  3.4s
[baselines] [35/210] mlp / heterophily_rewire_oracle / sev=0.3 / gs=0 / ts=2  ok  auc=0.806  1.7s
[baselines] [36/210] sage / heterophily_rewire_oracle / sev=0.3 / gs=0 / ts=2  ok  auc=0.907  3.2s
[baselines] [37/210] mlp / heterophily_rewire_oracle / sev=0.3 / gs=0 / ts=3  ok  auc=0.805  1.8s
[baselines] [38/210] sage / heterophily_rewire_oracle / sev=0.3 / gs=0 / ts=3  ok  auc=0.909  3.4s
[baselines] [39/210] mlp / heterophily_rewire_oracle / sev=0.3 / gs=0 / ts=4  ok  auc=0.805  1.8s
[baselines] [40/210] sage / heterophily_rewire_oracle / sev=0.3 / gs=0 / ts=4  ok  auc=0.894  3.4s
[baselines] [40/210] ETA ~7m 38s
[baselines] [41/210] mlp / heterophily_rewire_oracle / sev=0.3 / gs=1 / ts=0  ok  auc=0.750  0.3s
[baselines] [42/210] sage / heterophily_rewire_oracle / sev=0.3 / gs=1 / ts=0  ok  auc=0.896  3.4s
[baselines] [43/210] mlp / heterophily_rewire_oracle / sev=0.3 / gs=1 / ts=1  ok  auc=0.807  1.7s
[baselines] [44/210] sage / heterophily_rewire_oracle / sev=0.3 / gs=1 / ts=1  ok  auc=0.889  3.3s
[baselines] [45/210] mlp / heterophily_rewire_oracle / sev=0.3 / gs=1 / ts=2  ok  auc=0.806  2.0s
[baselines] [46/210] sage / heterophily_rewire_oracle / sev=0.3 / gs=1 / ts=2  ok  auc=0.912  3.4s
[baselines] [47/210] mlp / heterophily_rewire_oracle / sev=0.3 / gs=1 / ts=3  ok  auc=0.805  1.9s
[baselines] [48/210] sage / heterophily_rewire_oracle / sev=0.3 / gs=1 / ts=3  ok  auc=0.914  3.3s
[baselines] [49/210] mlp / heterophily_rewire_oracle / sev=0.3 / gs=1 / ts=4  ok  auc=0.805  2.1s
[baselines] [50/210] sage / heterophily_rewire_oracle / sev=0.3 / gs=1 / ts=4  ok  auc=0.911  3.5s
[baselines] [50/210] ETA ~7m 33s
[baselines] [51/210] mlp / heterophily_rewire_nonoracle / sev=0.15 / gs=0 / ts=0  ok  auc=0.750  0.4s
[baselines] [52/210] sage / heterophily_rewire_nonoracle / sev=0.15 / gs=0 / ts=0  ok  auc=0.793  3.4s
[baselines] [53/210] mlp / heterophily_rewire_nonoracle / sev=0.15 / gs=0 / ts=1  ok  auc=0.807  1.9s
[baselines] [54/210] sage / heterophily_rewire_nonoracle / sev=0.15 / gs=0 / ts=1  ok  auc=0.599  0.9s
[baselines] [55/210] mlp / heterophily_rewire_nonoracle / sev=0.15 / gs=0 / ts=2  ok  auc=0.806  1.9s
[baselines] [56/210] sage / heterophily_rewire_nonoracle / sev=0.15 / gs=0 / ts=2  ok  auc=0.795  3.3s
[baselines] [57/210] mlp / heterophily_rewire_nonoracle / sev=0.15 / gs=0 / ts=3  ok  auc=0.805  1.9s
[baselines] [58/210] sage / heterophily_rewire_nonoracle / sev=0.15 / gs=0 / ts=3  ok  auc=0.793  3.2s
[baselines] [59/210] mlp / heterophily_rewire_nonoracle / sev=0.15 / gs=0 / ts=4  ok  auc=0.805  2.0s
[baselines] [60/210] sage / heterophily_rewire_nonoracle / sev=0.15 / gs=0 / ts=4  ok  auc=0.793  3.3s
[baselines] [60/210] ETA ~6m 51s
[baselines] [61/210] mlp / heterophily_rewire_nonoracle / sev=0.15 / gs=1 / ts=0  ok  auc=0.750  0.4s
[baselines] [62/210] sage / heterophily_rewire_nonoracle / sev=0.15 / gs=1 / ts=0  ok  auc=0.789  3.1s
[baselines] [63/210] mlp / heterophily_rewire_nonoracle / sev=0.15 / gs=1 / ts=1  ok  auc=0.807  1.7s
[baselines] [64/210] sage / heterophily_rewire_nonoracle / sev=0.15 / gs=1 / ts=1  ok  auc=0.597  0.8s
[baselines] [65/210] mlp / heterophily_rewire_nonoracle / sev=0.15 / gs=1 / ts=2  ok  auc=0.806  2.1s
[baselines] [66/210] sage / heterophily_rewire_nonoracle / sev=0.15 / gs=1 / ts=2  ok  auc=0.791  3.3s
[baselines] [67/210] mlp / heterophily_rewire_nonoracle / sev=0.15 / gs=1 / ts=3  ok  auc=0.805  1.8s
[baselines] [68/210] sage / heterophily_rewire_nonoracle / sev=0.15 / gs=1 / ts=3  ok  auc=0.791  3.3s
[baselines] [69/210] mlp / heterophily_rewire_nonoracle / sev=0.15 / gs=1 / ts=4  ok  auc=0.805  1.8s
[baselines] [70/210] sage / heterophily_rewire_nonoracle / sev=0.15 / gs=1 / ts=4  ok  auc=0.794  3.3s
[baselines] [70/210] ETA ~6m 17s
[baselines] [71/210] mlp / heterophily_rewire_nonoracle / sev=0.3 / gs=0 / ts=0  ok  auc=0.750  0.4s
[baselines] [72/210] sage / heterophily_rewire_nonoracle / sev=0.3 / gs=0 / ts=0  ok  auc=0.787  3.3s
[baselines] [73/210] mlp / heterophily_rewire_nonoracle / sev=0.3 / gs=0 / ts=1  ok  auc=0.807  2.0s
[baselines] [74/210] sage / heterophily_rewire_nonoracle / sev=0.3 / gs=0 / ts=1  ok  auc=0.637  1.0s
[baselines] [75/210] mlp / heterophily_rewire_nonoracle / sev=0.3 / gs=0 / ts=2  ok  auc=0.806  1.9s
[baselines] [76/210] sage / heterophily_rewire_nonoracle / sev=0.3 / gs=0 / ts=2  ok  auc=0.792  3.4s
[baselines] [77/210] mlp / heterophily_rewire_nonoracle / sev=0.3 / gs=0 / ts=3  ok  auc=0.805  1.9s
[baselines] [78/210] sage / heterophily_rewire_nonoracle / sev=0.3 / gs=0 / ts=3  ok  auc=0.789  3.4s
[baselines] [79/210] mlp / heterophily_rewire_nonoracle / sev=0.3 / gs=0 / ts=4  ok  auc=0.805  2.0s
[baselines] [80/210] sage / heterophily_rewire_nonoracle / sev=0.3 / gs=0 / ts=4  ok  auc=0.792  3.5s
[baselines] [80/210] ETA ~6m 6s
[baselines] [81/210] mlp / heterophily_rewire_nonoracle / sev=0.3 / gs=1 / ts=0  ok  auc=0.750  0.4s
[baselines] [82/210] sage / heterophily_rewire_nonoracle / sev=0.3 / gs=1 / ts=0  ok  auc=0.786  3.4s
[baselines] [83/210] mlp / heterophily_rewire_nonoracle / sev=0.3 / gs=1 / ts=1  ok  auc=0.807  1.9s
[baselines] [84/210] sage / heterophily_rewire_nonoracle / sev=0.3 / gs=1 / ts=1  ok  auc=0.597  0.8s
[baselines] [85/210] mlp / heterophily_rewire_nonoracle / sev=0.3 / gs=1 / ts=2  ok  auc=0.806  1.9s
[baselines] [86/210] sage / heterophily_rewire_nonoracle / sev=0.3 / gs=1 / ts=2  ok  auc=0.791  3.2s
[baselines] [87/210] mlp / heterophily_rewire_nonoracle / sev=0.3 / gs=1 / ts=3  ok  auc=0.805  1.7s
[baselines] [88/210] sage / heterophily_rewire_nonoracle / sev=0.3 / gs=1 / ts=3  ok  auc=0.790  3.4s
[baselines] [89/210] mlp / heterophily_rewire_nonoracle / sev=0.3 / gs=1 / ts=4  ok  auc=0.805  2.0s
[baselines] [90/210] sage / heterophily_rewire_nonoracle / sev=0.3 / gs=1 / ts=4  ok  auc=0.789  3.4s
[baselines] [90/210] ETA ~5m 29s
[baselines] [91/210] mlp / camouflage_feature_oracle / sev=0.15 / gs=0 / ts=0  ok  auc=0.774  1.6s
[baselines] [92/210] sage / camouflage_feature_oracle / sev=0.15 / gs=0 / ts=0  ok  auc=0.779  3.2s
[baselines] [93/210] mlp / camouflage_feature_oracle / sev=0.15 / gs=0 / ts=1  ok  auc=0.767  1.9s
[baselines] [94/210] sage / camouflage_feature_oracle / sev=0.15 / gs=0 / ts=1  ok  auc=0.570  0.8s
[baselines] [95/210] mlp / camouflage_feature_oracle / sev=0.15 / gs=0 / ts=2  ok  auc=0.767  2.0s
[baselines] [96/210] sage / camouflage_feature_oracle / sev=0.15 / gs=0 / ts=2  ok  auc=0.771  3.3s
[baselines] [97/210] mlp / camouflage_feature_oracle / sev=0.15 / gs=0 / ts=3  ok  auc=0.766  1.7s
[baselines] [98/210] sage / camouflage_feature_oracle / sev=0.15 / gs=0 / ts=3  ok  auc=0.766  3.3s
[baselines] [99/210] mlp / camouflage_feature_oracle / sev=0.15 / gs=0 / ts=4  ok  auc=0.768  1.8s
[baselines] [100/210] sage / camouflage_feature_oracle / sev=0.15 / gs=0 / ts=4  ok  auc=0.768  3.2s
[baselines] [100/210] ETA ~4m 55s
[baselines] [101/210] mlp / camouflage_feature_oracle / sev=0.15 / gs=1 / ts=0  ok  auc=0.760  1.8s
[baselines] [102/210] sage / camouflage_feature_oracle / sev=0.15 / gs=1 / ts=0  ok  auc=0.748  3.2s
[baselines] [103/210] mlp / camouflage_feature_oracle / sev=0.15 / gs=1 / ts=1  ok  auc=0.755  1.9s
[baselines] [104/210] sage / camouflage_feature_oracle / sev=0.15 / gs=1 / ts=1  ok  auc=0.579  0.9s
[baselines] [105/210] mlp / camouflage_feature_oracle / sev=0.15 / gs=1 / ts=2  ok  auc=0.751  1.8s
[baselines] [106/210] sage / camouflage_feature_oracle / sev=0.15 / gs=1 / ts=2  ok  auc=0.750  3.2s
[baselines] [107/210] mlp / camouflage_feature_oracle / sev=0.15 / gs=1 / ts=3  ok  auc=0.752  2.0s
[baselines] [108/210] sage / camouflage_feature_oracle / sev=0.15 / gs=1 / ts=3  ok  auc=0.750  3.3s
[baselines] [109/210] mlp / camouflage_feature_oracle / sev=0.15 / gs=1 / ts=4  ok  auc=0.752  2.1s
[baselines] [110/210] sage / camouflage_feature_oracle / sev=0.15 / gs=1 / ts=4  ok  auc=0.760  3.4s
[baselines] [110/210] ETA ~4m 40s
[baselines] [111/210] mlp / camouflage_feature_oracle / sev=0.3 / gs=0 / ts=0  ok  auc=0.720  1.9s
[baselines] [112/210] sage / camouflage_feature_oracle / sev=0.3 / gs=0 / ts=0  ok  auc=0.728  3.4s
[baselines] [113/210] mlp / camouflage_feature_oracle / sev=0.3 / gs=0 / ts=1  ok  auc=0.716  1.8s
[baselines] [114/210] sage / camouflage_feature_oracle / sev=0.3 / gs=0 / ts=1  ok  auc=0.713  3.3s
[baselines] [115/210] mlp / camouflage_feature_oracle / sev=0.3 / gs=0 / ts=2  ok  auc=0.716  1.8s
[baselines] [116/210] sage / camouflage_feature_oracle / sev=0.3 / gs=0 / ts=2  ok  auc=0.721  3.1s
[baselines] [117/210] mlp / camouflage_feature_oracle / sev=0.3 / gs=0 / ts=3  ok  auc=0.714  2.0s
[baselines] [118/210] sage / camouflage_feature_oracle / sev=0.3 / gs=0 / ts=3  ok  auc=0.718  3.3s
[baselines] [119/210] mlp / camouflage_feature_oracle / sev=0.3 / gs=0 / ts=4  ok  auc=0.715  1.8s
[baselines] [120/210] sage / camouflage_feature_oracle / sev=0.3 / gs=0 / ts=4  ok  auc=0.540  0.7s
[baselines] [120/210] ETA ~3m 15s
[baselines] [121/210] mlp / camouflage_feature_oracle / sev=0.3 / gs=1 / ts=0  ok  auc=0.706  2.0s
[baselines] [122/210] sage / camouflage_feature_oracle / sev=0.3 / gs=1 / ts=0  ok  auc=0.702  3.3s
[baselines] [123/210] mlp / camouflage_feature_oracle / sev=0.3 / gs=1 / ts=1  ok  auc=0.700  1.8s
[baselines] [124/210] sage / camouflage_feature_oracle / sev=0.3 / gs=1 / ts=1  ok  auc=0.682  3.3s
[baselines] [125/210] mlp / camouflage_feature_oracle / sev=0.3 / gs=1 / ts=2  ok  auc=0.701  2.0s
[baselines] [126/210] sage / camouflage_feature_oracle / sev=0.3 / gs=1 / ts=2  ok  auc=0.703  3.3s
[baselines] [127/210] mlp / camouflage_feature_oracle / sev=0.3 / gs=1 / ts=3  ok  auc=0.696  1.7s
[baselines] [128/210] sage / camouflage_feature_oracle / sev=0.3 / gs=1 / ts=3  ok  auc=0.697  3.2s
[baselines] [129/210] mlp / camouflage_feature_oracle / sev=0.3 / gs=1 / ts=4  ok  auc=0.698  1.7s
[baselines] [130/210] sage / camouflage_feature_oracle / sev=0.3 / gs=1 / ts=4  ok  auc=0.543  0.7s
[baselines] [130/210] ETA ~2m 50s
[baselines] [131/210] mlp / camouflage_relation_oracle / sev=0.15 / gs=0 / ts=0  ok  auc=0.750  0.5s
[baselines] [132/210] sage / camouflage_relation_oracle / sev=0.15 / gs=0 / ts=0  ok  auc=0.811  3.2s
[baselines] [133/210] mlp / camouflage_relation_oracle / sev=0.15 / gs=0 / ts=1  ok  auc=0.807  1.7s
[baselines] [134/210] sage / camouflage_relation_oracle / sev=0.15 / gs=0 / ts=1  ok  auc=0.602  0.8s
[baselines] [135/210] mlp / camouflage_relation_oracle / sev=0.15 / gs=0 / ts=2  ok  auc=0.806  1.6s
[baselines] [136/210] sage / camouflage_relation_oracle / sev=0.15 / gs=0 / ts=2  ok  auc=0.800  3.4s
[baselines] [137/210] mlp / camouflage_relation_oracle / sev=0.15 / gs=0 / ts=3  ok  auc=0.805  1.8s
[baselines] [138/210] sage / camouflage_relation_oracle / sev=0.15 / gs=0 / ts=3  ok  auc=0.796  3.1s
[baselines] [139/210] mlp / camouflage_relation_oracle / sev=0.15 / gs=0 / ts=4  ok  auc=0.805  1.8s
[baselines] [140/210] sage / camouflage_relation_oracle / sev=0.15 / gs=0 / ts=4  ok  auc=0.805  3.3s
[baselines] [140/210] ETA ~3m 8s
[baselines] [141/210] mlp / camouflage_relation_oracle / sev=0.15 / gs=1 / ts=0  ok  auc=0.750  0.4s
[baselines] [142/210] sage / camouflage_relation_oracle / sev=0.15 / gs=1 / ts=0  ok  auc=0.809  3.2s
[baselines] [143/210] mlp / camouflage_relation_oracle / sev=0.15 / gs=1 / ts=1  ok  auc=0.807  1.7s
[baselines] [144/210] sage / camouflage_relation_oracle / sev=0.15 / gs=1 / ts=1  ok  auc=0.603  0.9s
[baselines] [145/210] mlp / camouflage_relation_oracle / sev=0.15 / gs=1 / ts=2  ok  auc=0.806  1.8s
[baselines] [146/210] sage / camouflage_relation_oracle / sev=0.15 / gs=1 / ts=2  ok  auc=0.799  3.2s
[baselines] [147/210] mlp / camouflage_relation_oracle / sev=0.15 / gs=1 / ts=3  ok  auc=0.805  1.6s
[baselines] [148/210] sage / camouflage_relation_oracle / sev=0.15 / gs=1 / ts=3  ok  auc=0.795  3.1s
[baselines] [149/210] mlp / camouflage_relation_oracle / sev=0.15 / gs=1 / ts=4  ok  auc=0.805  1.9s
[baselines] [150/210] sage / camouflage_relation_oracle / sev=0.15 / gs=1 / ts=4  ok  auc=0.804  3.4s
[baselines] [150/210] ETA ~2m 39s
[baselines] [151/210] mlp / camouflage_relation_oracle / sev=0.3 / gs=0 / ts=0  ok  auc=0.750  0.4s
[baselines] [152/210] sage / camouflage_relation_oracle / sev=0.3 / gs=0 / ts=0  ok  auc=0.796  3.3s
[baselines] [153/210] mlp / camouflage_relation_oracle / sev=0.3 / gs=0 / ts=1  ok  auc=0.807  1.9s
[baselines] [154/210] sage / camouflage_relation_oracle / sev=0.3 / gs=0 / ts=1  ok  auc=0.606  0.9s
[baselines] [155/210] mlp / camouflage_relation_oracle / sev=0.3 / gs=0 / ts=2  ok  auc=0.806  1.9s
[baselines] [156/210] sage / camouflage_relation_oracle / sev=0.3 / gs=0 / ts=2  ok  auc=0.802  3.3s
[baselines] [157/210] mlp / camouflage_relation_oracle / sev=0.3 / gs=0 / ts=3  ok  auc=0.805  1.8s
[baselines] [158/210] sage / camouflage_relation_oracle / sev=0.3 / gs=0 / ts=3  ok  auc=0.795  3.2s
[baselines] [159/210] mlp / camouflage_relation_oracle / sev=0.3 / gs=0 / ts=4  ok  auc=0.805  1.6s
[baselines] [160/210] sage / camouflage_relation_oracle / sev=0.3 / gs=0 / ts=4  ok  auc=0.809  3.4s
[baselines] [160/210] ETA ~2m 14s
[baselines] [161/210] mlp / camouflage_relation_oracle / sev=0.3 / gs=1 / ts=0  ok  auc=0.750  0.4s
[baselines] [162/210] sage / camouflage_relation_oracle / sev=0.3 / gs=1 / ts=0  ok  auc=0.796  3.3s
[baselines] [163/210] mlp / camouflage_relation_oracle / sev=0.3 / gs=1 / ts=1  ok  auc=0.807  1.7s
[baselines] [164/210] sage / camouflage_relation_oracle / sev=0.3 / gs=1 / ts=1  ok  auc=0.605  0.9s
[baselines] [165/210] mlp / camouflage_relation_oracle / sev=0.3 / gs=1 / ts=2  ok  auc=0.806  2.0s
[baselines] [166/210] sage / camouflage_relation_oracle / sev=0.3 / gs=1 / ts=2  ok  auc=0.806  3.3s
[baselines] [167/210] mlp / camouflage_relation_oracle / sev=0.3 / gs=1 / ts=3  ok  auc=0.805  1.7s
[baselines] [168/210] sage / camouflage_relation_oracle / sev=0.3 / gs=1 / ts=3  ok  auc=0.795  3.3s
[baselines] [169/210] mlp / camouflage_relation_oracle / sev=0.3 / gs=1 / ts=4  ok  auc=0.805  2.0s
[baselines] [170/210] sage / camouflage_relation_oracle / sev=0.3 / gs=1 / ts=4  ok  auc=0.812  3.4s
[baselines] [170/210] ETA ~1m 50s
[baselines] [171/210] mlp / noise_edges_uniform / sev=0.1 / gs=0 / ts=0  ok  auc=0.750  0.4s
[baselines] [172/210] sage / noise_edges_uniform / sev=0.1 / gs=0 / ts=0  ok  auc=0.794  3.3s
[baselines] [173/210] mlp / noise_edges_uniform / sev=0.1 / gs=0 / ts=1  ok  auc=0.807  1.7s
[baselines] [174/210] sage / noise_edges_uniform / sev=0.1 / gs=0 / ts=1  ok  auc=0.599  1.0s
[baselines] [175/210] mlp / noise_edges_uniform / sev=0.1 / gs=0 / ts=2  ok  auc=0.806  1.8s
[baselines] [176/210] sage / noise_edges_uniform / sev=0.1 / gs=0 / ts=2  ok  auc=0.795  3.5s
[baselines] [177/210] mlp / noise_edges_uniform / sev=0.1 / gs=0 / ts=3  ok  auc=0.805  1.7s
[baselines] [178/210] sage / noise_edges_uniform / sev=0.1 / gs=0 / ts=3  ok  auc=0.794  3.5s
[baselines] [179/210] mlp / noise_edges_uniform / sev=0.1 / gs=0 / ts=4  ok  auc=0.805  2.0s
[baselines] [180/210] sage / noise_edges_uniform / sev=0.1 / gs=0 / ts=4  ok  auc=0.797  3.5s
[baselines] [180/210] ETA ~1m 25s
[baselines] [181/210] mlp / noise_edges_uniform / sev=0.1 / gs=1 / ts=0  ok  auc=0.750  0.5s
[baselines] [182/210] sage / noise_edges_uniform / sev=0.1 / gs=1 / ts=0  ok  auc=0.790  3.5s
[baselines] [183/210] mlp / noise_edges_uniform / sev=0.1 / gs=1 / ts=1  ok  auc=0.807  2.0s
[baselines] [184/210] sage / noise_edges_uniform / sev=0.1 / gs=1 / ts=1  ok  auc=0.598  0.9s
[baselines] [185/210] mlp / noise_edges_uniform / sev=0.1 / gs=1 / ts=2  ok  auc=0.806  1.9s
[baselines] [186/210] sage / noise_edges_uniform / sev=0.1 / gs=1 / ts=2  ok  auc=0.793  3.5s
[baselines] [187/210] mlp / noise_edges_uniform / sev=0.1 / gs=1 / ts=3  ok  auc=0.805  1.9s
[baselines] [188/210] sage / noise_edges_uniform / sev=0.1 / gs=1 / ts=3  ok  auc=0.794  3.5s
[baselines] [189/210] mlp / noise_edges_uniform / sev=0.1 / gs=1 / ts=4  ok  auc=0.805  1.9s
[baselines] [190/210] sage / noise_edges_uniform / sev=0.1 / gs=1 / ts=4  ok  auc=0.797  3.5s
[baselines] [190/210] ETA ~58s
[baselines] [191/210] mlp / noise_edges_uniform / sev=0.2 / gs=0 / ts=0  ok  auc=0.750  0.4s
[baselines] [192/210] sage / noise_edges_uniform / sev=0.2 / gs=0 / ts=0  ok  auc=0.788  3.7s
[baselines] [193/210] mlp / noise_edges_uniform / sev=0.2 / gs=0 / ts=1  ok  auc=0.807  2.0s
[baselines] [194/210] sage / noise_edges_uniform / sev=0.2 / gs=0 / ts=1  ok  auc=0.600  1.0s
[baselines] [195/210] mlp / noise_edges_uniform / sev=0.2 / gs=0 / ts=2  ok  auc=0.806  1.9s
[baselines] [196/210] sage / noise_edges_uniform / sev=0.2 / gs=0 / ts=2  ok  auc=0.793  3.7s
[baselines] [197/210] mlp / noise_edges_uniform / sev=0.2 / gs=0 / ts=3  ok  auc=0.805  1.9s
[baselines] [198/210] sage / noise_edges_uniform / sev=0.2 / gs=0 / ts=3  ok  auc=0.791  3.6s
[baselines] [199/210] mlp / noise_edges_uniform / sev=0.2 / gs=0 / ts=4  ok  auc=0.805  2.0s
[baselines] [200/210] sage / noise_edges_uniform / sev=0.2 / gs=0 / ts=4  ok  auc=0.793  3.7s
[baselines] [200/210] ETA ~30s
[baselines] [201/210] mlp / noise_edges_uniform / sev=0.2 / gs=1 / ts=0  ok  auc=0.750  0.4s
[baselines] [202/210] sage / noise_edges_uniform / sev=0.2 / gs=1 / ts=0  ok  auc=0.785  3.8s
[baselines] [203/210] mlp / noise_edges_uniform / sev=0.2 / gs=1 / ts=1  ok  auc=0.807  2.0s
[baselines] [204/210] sage / noise_edges_uniform / sev=0.2 / gs=1 / ts=1  ok  auc=0.601  1.0s
[baselines] [205/210] mlp / noise_edges_uniform / sev=0.2 / gs=1 / ts=2  ok  auc=0.806  1.7s
[baselines] [206/210] sage / noise_edges_uniform / sev=0.2 / gs=1 / ts=2  ok  auc=0.793  3.7s
[baselines] [207/210] mlp / noise_edges_uniform / sev=0.2 / gs=1 / ts=3  ok  auc=0.805  1.9s
[baselines] [208/210] sage / noise_edges_uniform / sev=0.2 / gs=1 / ts=3  ok  auc=0.792  3.7s
[baselines] [209/210] mlp / noise_edges_uniform / sev=0.2 / gs=1 / ts=4  ok  auc=0.805  1.8s
[baselines] [210/210] sage / noise_edges_uniform / sev=0.2 / gs=1 / ts=4  ok  auc=0.795  3.7s
[baselines] [210/210] ETA ~0s
[run] stage=matrix done in 485.95s; out=/kaggle/working/gfd-robustness-v4-factorial-r1/lanes/r60_s0_variant_baselines
