

=== attempt 1; GPU 0; 2026-07-13T16:49:13.100258+00:00 ===
[preflight] 21 variants x 5 seeds x 1 models = 105 runs total
[preflight] 0 already done, 105 remaining
[preflight] no estimate available
[preflight] 21 variants x 5 seeds x 1 models = 105 runs total
[preflight] 0 already done, 105 remaining
[preflight] no estimate available
[secgfd] [1/105] secgfd / clean / sev=0 / gs=3253 / ts=0  ok  auc=0.824  6.0s
[secgfd] [2/105] secgfd / clean / sev=0 / gs=3253 / ts=1  ok  auc=0.796  4.4s
[secgfd] [3/105] secgfd / clean / sev=0 / gs=3253 / ts=2  ok  auc=0.822  4.5s
[secgfd] [4/105] secgfd / clean / sev=0 / gs=3253 / ts=3  ok  auc=0.815  4.5s
[secgfd] [5/105] secgfd / clean / sev=0 / gs=3253 / ts=4  ok  auc=0.802  4.5s
[secgfd] [6/105] secgfd / heterophily_rewire_oracle / sev=0.15 / gs=0 / ts=0  ok  auc=1.000  4.6s
[secgfd] [7/105] secgfd / heterophily_rewire_oracle / sev=0.15 / gs=0 / ts=1  ok  auc=1.000  4.4s
[secgfd] [8/105] secgfd / heterophily_rewire_oracle / sev=0.15 / gs=0 / ts=2  ok  auc=0.988  1.3s
[secgfd] [9/105] secgfd / heterophily_rewire_oracle / sev=0.15 / gs=0 / ts=3  ok  auc=1.000  4.7s
[secgfd] [10/105] secgfd / heterophily_rewire_oracle / sev=0.15 / gs=0 / ts=4  ok  auc=1.000  4.7s
[secgfd] [10/105] ETA ~6m 14s
[secgfd] [11/105] secgfd / heterophily_rewire_oracle / sev=0.15 / gs=1 / ts=0  ok  auc=0.999  3.9s
[secgfd] [12/105] secgfd / heterophily_rewire_oracle / sev=0.15 / gs=1 / ts=1  ok  auc=0.999  4.6s
[secgfd] [13/105] secgfd / heterophily_rewire_oracle / sev=0.15 / gs=1 / ts=2  ok  auc=0.988  1.3s
[secgfd] [14/105] secgfd / heterophily_rewire_oracle / sev=0.15 / gs=1 / ts=3  ok  auc=0.999  3.6s
[secgfd] [15/105] secgfd / heterophily_rewire_oracle / sev=0.15 / gs=1 / ts=4  ok  auc=0.999  4.7s
[secgfd] [16/105] secgfd / heterophily_rewire_oracle / sev=0.3 / gs=0 / ts=0  ok  auc=1.000  1.3s
[secgfd] [17/105] secgfd / heterophily_rewire_oracle / sev=0.3 / gs=0 / ts=1  ok  auc=1.000  1.5s
[secgfd] [18/105] secgfd / heterophily_rewire_oracle / sev=0.3 / gs=0 / ts=2  ok  auc=1.000  1.3s
[secgfd] [19/105] secgfd / heterophily_rewire_oracle / sev=0.3 / gs=0 / ts=3  ok  auc=1.000  1.3s
[secgfd] [20/105] secgfd / heterophily_rewire_oracle / sev=0.3 / gs=0 / ts=4  ok  auc=1.000  1.3s
[secgfd] [20/105] ETA ~1m 55s
[secgfd] [21/105] secgfd / heterophily_rewire_oracle / sev=0.3 / gs=1 / ts=0  ok  auc=1.000  1.4s
[secgfd] [22/105] secgfd / heterophily_rewire_oracle / sev=0.3 / gs=1 / ts=1  ok  auc=1.000  1.5s
[secgfd] [23/105] secgfd / heterophily_rewire_oracle / sev=0.3 / gs=1 / ts=2  ok  auc=1.000  1.4s
[secgfd] [24/105] secgfd / heterophily_rewire_oracle / sev=0.3 / gs=1 / ts=3  ok  auc=1.000  1.4s
[secgfd] [25/105] secgfd / heterophily_rewire_oracle / sev=0.3 / gs=1 / ts=4  ok  auc=1.000  1.3s
[secgfd] [26/105] secgfd / heterophily_rewire_nonoracle / sev=0.15 / gs=0 / ts=0  ok  auc=0.830  4.8s
[secgfd] [27/105] secgfd / heterophily_rewire_nonoracle / sev=0.15 / gs=0 / ts=1  ok  auc=0.812  4.9s
[secgfd] [28/105] secgfd / heterophily_rewire_nonoracle / sev=0.15 / gs=0 / ts=2  ok  auc=0.816  5.0s
[secgfd] [29/105] secgfd / heterophily_rewire_nonoracle / sev=0.15 / gs=0 / ts=3  ok  auc=0.816  4.9s
[secgfd] [30/105] secgfd / heterophily_rewire_nonoracle / sev=0.15 / gs=0 / ts=4  ok  auc=0.799  5.0s
[secgfd] [30/105] ETA ~6m 9s
[secgfd] [31/105] secgfd / heterophily_rewire_nonoracle / sev=0.15 / gs=1 / ts=0  ok  auc=0.829  5.0s
[secgfd] [32/105] secgfd / heterophily_rewire_nonoracle / sev=0.15 / gs=1 / ts=1  ok  auc=0.813  5.0s
[secgfd] [33/105] secgfd / heterophily_rewire_nonoracle / sev=0.15 / gs=1 / ts=2  ok  auc=0.820  5.0s
[secgfd] [34/105] secgfd / heterophily_rewire_nonoracle / sev=0.15 / gs=1 / ts=3  ok  auc=0.819  5.0s
[secgfd] [35/105] secgfd / heterophily_rewire_nonoracle / sev=0.15 / gs=1 / ts=4  ok  auc=0.789  4.9s
[secgfd] [36/105] secgfd / heterophily_rewire_nonoracle / sev=0.3 / gs=0 / ts=0  ok  auc=0.836  5.0s
[secgfd] [37/105] secgfd / heterophily_rewire_nonoracle / sev=0.3 / gs=0 / ts=1  ok  auc=0.814  5.0s
[secgfd] [38/105] secgfd / heterophily_rewire_nonoracle / sev=0.3 / gs=0 / ts=2  ok  auc=0.817  4.9s
[secgfd] [39/105] secgfd / heterophily_rewire_nonoracle / sev=0.3 / gs=0 / ts=3  ok  auc=0.815  4.9s
[secgfd] [40/105] secgfd / heterophily_rewire_nonoracle / sev=0.3 / gs=0 / ts=4  ok  auc=0.797  5.0s
[secgfd] [40/105] ETA ~5m 22s
[secgfd] [41/105] secgfd / heterophily_rewire_nonoracle / sev=0.3 / gs=1 / ts=0  ok  auc=0.837  5.0s
[secgfd] [42/105] secgfd / heterophily_rewire_nonoracle / sev=0.3 / gs=1 / ts=1  ok  auc=0.817  5.0s
[secgfd] [43/105] secgfd / heterophily_rewire_nonoracle / sev=0.3 / gs=1 / ts=2  ok  auc=0.815  5.0s
[secgfd] [44/105] secgfd / heterophily_rewire_nonoracle / sev=0.3 / gs=1 / ts=3  ok  auc=0.818  5.0s
[secgfd] [45/105] secgfd / heterophily_rewire_nonoracle / sev=0.3 / gs=1 / ts=4  ok  auc=0.803  5.0s
[secgfd] [46/105] secgfd / camouflage_feature_oracle / sev=0.15 / gs=0 / ts=0  ok  auc=0.778  4.8s
[secgfd] [47/105] secgfd / camouflage_feature_oracle / sev=0.15 / gs=0 / ts=1  ok  auc=0.768  4.7s
[secgfd] [48/105] secgfd / camouflage_feature_oracle / sev=0.15 / gs=0 / ts=2  ok  auc=0.787  4.8s
[secgfd] [49/105] secgfd / camouflage_feature_oracle / sev=0.15 / gs=0 / ts=3  ok  auc=0.765  4.8s
[secgfd] [50/105] secgfd / camouflage_feature_oracle / sev=0.15 / gs=0 / ts=4  ok  auc=0.764  4.8s
[secgfd] [50/105] ETA ~4m 23s
[secgfd] [51/105] secgfd / camouflage_feature_oracle / sev=0.15 / gs=1 / ts=0  ok  auc=0.801  4.8s
[secgfd] [52/105] secgfd / camouflage_feature_oracle / sev=0.15 / gs=1 / ts=1  ok  auc=0.758  4.8s
[secgfd] [53/105] secgfd / camouflage_feature_oracle / sev=0.15 / gs=1 / ts=2  ok  auc=0.774  4.8s
[secgfd] [54/105] secgfd / camouflage_feature_oracle / sev=0.15 / gs=1 / ts=3  ok  auc=0.761  4.9s
[secgfd] [55/105] secgfd / camouflage_feature_oracle / sev=0.15 / gs=1 / ts=4  ok  auc=0.758  4.7s
[secgfd] [56/105] secgfd / camouflage_feature_oracle / sev=0.3 / gs=0 / ts=0  ok  auc=0.768  4.7s
[secgfd] [57/105] secgfd / camouflage_feature_oracle / sev=0.3 / gs=0 / ts=1  ok  auc=0.746  4.7s
[secgfd] [58/105] secgfd / camouflage_feature_oracle / sev=0.3 / gs=0 / ts=2  ok  auc=0.734  4.8s
[secgfd] [59/105] secgfd / camouflage_feature_oracle / sev=0.3 / gs=0 / ts=3  ok  auc=0.710  4.8s
[secgfd] [60/105] secgfd / camouflage_feature_oracle / sev=0.3 / gs=0 / ts=4  ok  auc=0.716  4.7s
[secgfd] [60/105] ETA ~3m 33s
[secgfd] [61/105] secgfd / camouflage_feature_oracle / sev=0.3 / gs=1 / ts=0  ok  auc=0.777  4.7s
[secgfd] [62/105] secgfd / camouflage_feature_oracle / sev=0.3 / gs=1 / ts=1  ok  auc=0.735  4.8s
[secgfd] [63/105] secgfd / camouflage_feature_oracle / sev=0.3 / gs=1 / ts=2  ok  auc=0.736  4.8s
[secgfd] [64/105] secgfd / camouflage_feature_oracle / sev=0.3 / gs=1 / ts=3  ok  auc=0.694  3.2s
[secgfd] [65/105] secgfd / camouflage_feature_oracle / sev=0.3 / gs=1 / ts=4  ok  auc=0.719  4.7s
[secgfd] [66/105] secgfd / camouflage_relation_oracle / sev=0.15 / gs=0 / ts=0  ok  auc=0.828  4.8s
[secgfd] [67/105] secgfd / camouflage_relation_oracle / sev=0.15 / gs=0 / ts=1  ok  auc=0.817  4.8s
[secgfd] [68/105] secgfd / camouflage_relation_oracle / sev=0.15 / gs=0 / ts=2  ok  auc=0.825  4.8s
[secgfd] [69/105] secgfd / camouflage_relation_oracle / sev=0.15 / gs=0 / ts=3  ok  auc=0.821  4.8s
[secgfd] [70/105] secgfd / camouflage_relation_oracle / sev=0.15 / gs=0 / ts=4  ok  auc=0.809  4.9s
[secgfd] [70/105] ETA ~2m 49s
[secgfd] [71/105] secgfd / camouflage_relation_oracle / sev=0.15 / gs=1 / ts=0  ok  auc=0.827  4.8s
[secgfd] [72/105] secgfd / camouflage_relation_oracle / sev=0.15 / gs=1 / ts=1  ok  auc=0.813  4.8s
[secgfd] [73/105] secgfd / camouflage_relation_oracle / sev=0.15 / gs=1 / ts=2  ok  auc=0.827  4.8s
[secgfd] [74/105] secgfd / camouflage_relation_oracle / sev=0.15 / gs=1 / ts=3  ok  auc=0.821  4.8s
[secgfd] [75/105] secgfd / camouflage_relation_oracle / sev=0.15 / gs=1 / ts=4  ok  auc=0.808  4.7s
[secgfd] [76/105] secgfd / camouflage_relation_oracle / sev=0.3 / gs=0 / ts=0  ok  auc=0.846  4.8s
[secgfd] [77/105] secgfd / camouflage_relation_oracle / sev=0.3 / gs=0 / ts=1  ok  auc=0.841  4.8s
[secgfd] [78/105] secgfd / camouflage_relation_oracle / sev=0.3 / gs=0 / ts=2  ok  auc=0.845  4.8s
[secgfd] [79/105] secgfd / camouflage_relation_oracle / sev=0.3 / gs=0 / ts=3  ok  auc=0.838  4.8s
[secgfd] [80/105] secgfd / camouflage_relation_oracle / sev=0.3 / gs=0 / ts=4  ok  auc=0.830  4.8s
[secgfd] [80/105] ETA ~2m 1s
[secgfd] [81/105] secgfd / camouflage_relation_oracle / sev=0.3 / gs=1 / ts=0  ok  auc=0.843  4.9s
[secgfd] [82/105] secgfd / camouflage_relation_oracle / sev=0.3 / gs=1 / ts=1  ok  auc=0.840  4.8s
[secgfd] [83/105] secgfd / camouflage_relation_oracle / sev=0.3 / gs=1 / ts=2  ok  auc=0.845  4.8s
[secgfd] [84/105] secgfd / camouflage_relation_oracle / sev=0.3 / gs=1 / ts=3  ok  auc=0.837  4.8s
[secgfd] [85/105] secgfd / camouflage_relation_oracle / sev=0.3 / gs=1 / ts=4  ok  auc=0.830  4.8s
[secgfd] [86/105] secgfd / noise_edges_uniform / sev=0.1 / gs=0 / ts=0  ok  auc=0.831  5.2s
[secgfd] [87/105] secgfd / noise_edges_uniform / sev=0.1 / gs=0 / ts=1  ok  auc=0.805  5.3s
[secgfd] [88/105] secgfd / noise_edges_uniform / sev=0.1 / gs=0 / ts=2  ok  auc=0.812  5.3s
[secgfd] [89/105] secgfd / noise_edges_uniform / sev=0.1 / gs=0 / ts=3  ok  auc=0.818  5.3s
[secgfd] [90/105] secgfd / noise_edges_uniform / sev=0.1 / gs=0 / ts=4  ok  auc=0.799  5.2s
[secgfd] [90/105] ETA ~1m 19s
[secgfd] [91/105] secgfd / noise_edges_uniform / sev=0.1 / gs=1 / ts=0  ok  auc=0.829  5.2s
[secgfd] [92/105] secgfd / noise_edges_uniform / sev=0.1 / gs=1 / ts=1  ok  auc=0.807  5.4s
[secgfd] [93/105] secgfd / noise_edges_uniform / sev=0.1 / gs=1 / ts=2  ok  auc=0.818  5.3s
[secgfd] [94/105] secgfd / noise_edges_uniform / sev=0.1 / gs=1 / ts=3  ok  auc=0.817  5.3s
[secgfd] [95/105] secgfd / noise_edges_uniform / sev=0.1 / gs=1 / ts=4  ok  auc=0.796  5.2s
[secgfd] [96/105] secgfd / noise_edges_uniform / sev=0.2 / gs=0 / ts=0  ok  auc=0.833  5.7s
[secgfd] [97/105] secgfd / noise_edges_uniform / sev=0.2 / gs=0 / ts=1  ok  auc=0.805  5.8s
[secgfd] [98/105] secgfd / noise_edges_uniform / sev=0.2 / gs=0 / ts=2  ok  auc=0.816  5.8s
[secgfd] [99/105] secgfd / noise_edges_uniform / sev=0.2 / gs=0 / ts=3  ok  auc=0.818  5.8s
[secgfd] [100/105] secgfd / noise_edges_uniform / sev=0.2 / gs=0 / ts=4  ok  auc=0.793  5.8s
[secgfd] [100/105] ETA ~29s
[secgfd] [101/105] secgfd / noise_edges_uniform / sev=0.2 / gs=1 / ts=0  ok  auc=0.829  5.8s
[secgfd] [102/105] secgfd / noise_edges_uniform / sev=0.2 / gs=1 / ts=1  ok  auc=0.812  5.8s
[secgfd] [103/105] secgfd / noise_edges_uniform / sev=0.2 / gs=1 / ts=2  ok  auc=0.825  5.7s
[secgfd] [104/105] secgfd / noise_edges_uniform / sev=0.2 / gs=1 / ts=3  ok  auc=0.820  5.8s
[secgfd] [105/105] secgfd / noise_edges_uniform / sev=0.2 / gs=1 / ts=4  ok  auc=0.799  5.7s
[run] stage=matrix done in 481.69s; out=/kaggle/working/gfd-robustness-v4-factorial-r1/lanes/r60_s2_variant_secgfd
