

=== attempt 1; GPU 0; 2026-07-13T18:13:53.182123+00:00 ===
[preflight] 21 variants x 5 seeds x 2 models = 210 runs total
[preflight] 0 already done, 210 remaining
[preflight] no estimate available
[preflight] 21 variants x 5 seeds x 2 models = 210 runs total
[preflight] 0 already done, 210 remaining
[preflight] no estimate available
[shift] [1/210] mlp / clean / sev=0 / gs=3253 / ts=0  ok  auc=0.810  2.6s
[shift] [2/210] mlp / heterophily_rewire_oracle / sev=0.15 / gs=0 / ts=0  ok  auc=0.810  0.1s
[shift] [3/210] mlp / heterophily_rewire_oracle / sev=0.15 / gs=1 / ts=0  ok  auc=0.810  0.1s
[shift] [4/210] mlp / heterophily_rewire_oracle / sev=0.3 / gs=0 / ts=0  ok  auc=0.810  0.1s
[shift] [5/210] mlp / heterophily_rewire_oracle / sev=0.3 / gs=1 / ts=0  ok  auc=0.810  0.1s
[shift] [6/210] mlp / heterophily_rewire_nonoracle / sev=0.15 / gs=0 / ts=0  ok  auc=0.810  0.1s
[shift] [7/210] mlp / heterophily_rewire_nonoracle / sev=0.15 / gs=1 / ts=0  ok  auc=0.810  0.1s
[shift] [8/210] mlp / heterophily_rewire_nonoracle / sev=0.3 / gs=0 / ts=0  ok  auc=0.810  0.1s
[shift] [9/210] mlp / heterophily_rewire_nonoracle / sev=0.3 / gs=1 / ts=0  ok  auc=0.810  0.1s
[shift] [10/210] mlp / camouflage_feature_oracle / sev=0.15 / gs=0 / ts=0  ok  auc=0.774  0.1s
[shift] [10/210] ETA ~14s
[shift] [11/210] mlp / camouflage_feature_oracle / sev=0.15 / gs=1 / ts=0  ok  auc=0.763  0.1s
[shift] [12/210] mlp / camouflage_feature_oracle / sev=0.3 / gs=0 / ts=0  ok  auc=0.720  0.1s
[shift] [13/210] mlp / camouflage_feature_oracle / sev=0.3 / gs=1 / ts=0  ok  auc=0.721  0.1s
[shift] [14/210] mlp / camouflage_relation_oracle / sev=0.15 / gs=0 / ts=0  ok  auc=0.810  0.1s
[shift] [15/210] mlp / camouflage_relation_oracle / sev=0.15 / gs=1 / ts=0  ok  auc=0.810  0.1s
[shift] [16/210] mlp / camouflage_relation_oracle / sev=0.3 / gs=0 / ts=0  ok  auc=0.810  0.1s
[shift] [17/210] mlp / camouflage_relation_oracle / sev=0.3 / gs=1 / ts=0  ok  auc=0.810  0.1s
[shift] [18/210] mlp / noise_edges_uniform / sev=0.1 / gs=0 / ts=0  ok  auc=0.810  0.1s
[shift] [19/210] mlp / noise_edges_uniform / sev=0.1 / gs=1 / ts=0  ok  auc=0.810  0.1s
[shift] [20/210] mlp / noise_edges_uniform / sev=0.2 / gs=0 / ts=0  ok  auc=0.810  0.1s
[shift] [20/210] ETA ~17s
[shift] [21/210] mlp / noise_edges_uniform / sev=0.2 / gs=1 / ts=0  ok  auc=0.810  0.1s
[shift] [22/210] mlp / clean / sev=0 / gs=3253 / ts=1  ok  auc=0.801  1.7s
[shift] [23/210] mlp / heterophily_rewire_oracle / sev=0.15 / gs=0 / ts=1  ok  auc=0.801  0.1s
[shift] [24/210] mlp / heterophily_rewire_oracle / sev=0.15 / gs=1 / ts=1  ok  auc=0.801  0.1s
[shift] [25/210] mlp / heterophily_rewire_oracle / sev=0.3 / gs=0 / ts=1  ok  auc=0.801  0.1s
[shift] [26/210] mlp / heterophily_rewire_oracle / sev=0.3 / gs=1 / ts=1  ok  auc=0.801  0.1s
[shift] [27/210] mlp / heterophily_rewire_nonoracle / sev=0.15 / gs=0 / ts=1  ok  auc=0.801  0.1s
[shift] [28/210] mlp / heterophily_rewire_nonoracle / sev=0.15 / gs=1 / ts=1  ok  auc=0.801  0.1s
[shift] [29/210] mlp / heterophily_rewire_nonoracle / sev=0.3 / gs=0 / ts=1  ok  auc=0.801  0.1s
[shift] [30/210] mlp / heterophily_rewire_nonoracle / sev=0.3 / gs=1 / ts=1  ok  auc=0.801  0.1s
[shift] [30/210] ETA ~16s
[shift] [31/210] mlp / camouflage_feature_oracle / sev=0.15 / gs=0 / ts=1  ok  auc=0.766  0.1s
[shift] [32/210] mlp / camouflage_feature_oracle / sev=0.15 / gs=1 / ts=1  ok  auc=0.756  0.1s
[shift] [33/210] mlp / camouflage_feature_oracle / sev=0.3 / gs=0 / ts=1  ok  auc=0.712  0.1s
[shift] [34/210] mlp / camouflage_feature_oracle / sev=0.3 / gs=1 / ts=1  ok  auc=0.715  0.1s
[shift] [35/210] mlp / camouflage_relation_oracle / sev=0.15 / gs=0 / ts=1  ok  auc=0.801  0.1s
[shift] [36/210] mlp / camouflage_relation_oracle / sev=0.15 / gs=1 / ts=1  ok  auc=0.801  0.1s
[shift] [37/210] mlp / camouflage_relation_oracle / sev=0.3 / gs=0 / ts=1  ok  auc=0.801  0.1s
[shift] [38/210] mlp / camouflage_relation_oracle / sev=0.3 / gs=1 / ts=1  ok  auc=0.801  0.1s
[shift] [39/210] mlp / noise_edges_uniform / sev=0.1 / gs=0 / ts=1  ok  auc=0.801  0.1s
[shift] [40/210] mlp / noise_edges_uniform / sev=0.1 / gs=1 / ts=1  ok  auc=0.801  0.1s
[shift] [40/210] ETA ~15s
[shift] [41/210] mlp / noise_edges_uniform / sev=0.2 / gs=0 / ts=1  ok  auc=0.801  0.1s
[shift] [42/210] mlp / noise_edges_uniform / sev=0.2 / gs=1 / ts=1  ok  auc=0.801  0.1s
[shift] [43/210] mlp / clean / sev=0 / gs=3253 / ts=2  ok  auc=0.805  2.1s
[shift] [44/210] mlp / heterophily_rewire_oracle / sev=0.15 / gs=0 / ts=2  ok  auc=0.805  0.1s
[shift] [45/210] mlp / heterophily_rewire_oracle / sev=0.15 / gs=1 / ts=2  ok  auc=0.805  0.1s
[shift] [46/210] mlp / heterophily_rewire_oracle / sev=0.3 / gs=0 / ts=2  ok  auc=0.805  0.1s
[shift] [47/210] mlp / heterophily_rewire_oracle / sev=0.3 / gs=1 / ts=2  ok  auc=0.805  0.1s
[shift] [48/210] mlp / heterophily_rewire_nonoracle / sev=0.15 / gs=0 / ts=2  ok  auc=0.805  0.1s
[shift] [49/210] mlp / heterophily_rewire_nonoracle / sev=0.15 / gs=1 / ts=2  ok  auc=0.805  0.1s
[shift] [50/210] mlp / heterophily_rewire_nonoracle / sev=0.3 / gs=0 / ts=2  ok  auc=0.805  0.1s
[shift] [50/210] ETA ~14s
[shift] [51/210] mlp / heterophily_rewire_nonoracle / sev=0.3 / gs=1 / ts=2  ok  auc=0.805  0.1s
[shift] [52/210] mlp / camouflage_feature_oracle / sev=0.15 / gs=0 / ts=2  ok  auc=0.770  0.1s
[shift] [53/210] mlp / camouflage_feature_oracle / sev=0.15 / gs=1 / ts=2  ok  auc=0.759  0.1s
[shift] [54/210] mlp / camouflage_feature_oracle / sev=0.3 / gs=0 / ts=2  ok  auc=0.715  0.1s
[shift] [55/210] mlp / camouflage_feature_oracle / sev=0.3 / gs=1 / ts=2  ok  auc=0.718  0.1s
[shift] [56/210] mlp / camouflage_relation_oracle / sev=0.15 / gs=0 / ts=2  ok  auc=0.805  0.1s
[shift] [57/210] mlp / camouflage_relation_oracle / sev=0.15 / gs=1 / ts=2  ok  auc=0.805  0.1s
[shift] [58/210] mlp / camouflage_relation_oracle / sev=0.3 / gs=0 / ts=2  ok  auc=0.805  0.1s
[shift] [59/210] mlp / camouflage_relation_oracle / sev=0.3 / gs=1 / ts=2  ok  auc=0.805  0.1s
[shift] [60/210] mlp / noise_edges_uniform / sev=0.1 / gs=0 / ts=2  ok  auc=0.805  0.1s
[shift] [60/210] ETA ~13s
[shift] [61/210] mlp / noise_edges_uniform / sev=0.1 / gs=1 / ts=2  ok  auc=0.805  0.1s
[shift] [62/210] mlp / noise_edges_uniform / sev=0.2 / gs=0 / ts=2  ok  auc=0.805  0.1s
[shift] [63/210] mlp / noise_edges_uniform / sev=0.2 / gs=1 / ts=2  ok  auc=0.805  0.1s
[shift] [64/210] mlp / clean / sev=0 / gs=3253 / ts=3  ok  auc=0.803  2.2s
[shift] [65/210] mlp / heterophily_rewire_oracle / sev=0.15 / gs=0 / ts=3  ok  auc=0.803  0.1s
[shift] [66/210] mlp / heterophily_rewire_oracle / sev=0.15 / gs=1 / ts=3  ok  auc=0.803  0.1s
[shift] [67/210] mlp / heterophily_rewire_oracle / sev=0.3 / gs=0 / ts=3  ok  auc=0.803  0.1s
[shift] [68/210] mlp / heterophily_rewire_oracle / sev=0.3 / gs=1 / ts=3  ok  auc=0.803  0.1s
[shift] [69/210] mlp / heterophily_rewire_nonoracle / sev=0.15 / gs=0 / ts=3  ok  auc=0.803  0.1s
[shift] [70/210] mlp / heterophily_rewire_nonoracle / sev=0.15 / gs=1 / ts=3  ok  auc=0.803  0.1s
[shift] [70/210] ETA ~11s
[shift] [71/210] mlp / heterophily_rewire_nonoracle / sev=0.3 / gs=0 / ts=3  ok  auc=0.803  0.1s
[shift] [72/210] mlp / heterophily_rewire_nonoracle / sev=0.3 / gs=1 / ts=3  ok  auc=0.803  0.1s
[shift] [73/210] mlp / camouflage_feature_oracle / sev=0.15 / gs=0 / ts=3  ok  auc=0.768  0.1s
[shift] [74/210] mlp / camouflage_feature_oracle / sev=0.15 / gs=1 / ts=3  ok  auc=0.758  0.1s
[shift] [75/210] mlp / camouflage_feature_oracle / sev=0.3 / gs=0 / ts=3  ok  auc=0.712  0.1s
[shift] [76/210] mlp / camouflage_feature_oracle / sev=0.3 / gs=1 / ts=3  ok  auc=0.715  0.1s
[shift] [77/210] mlp / camouflage_relation_oracle / sev=0.15 / gs=0 / ts=3  ok  auc=0.803  0.1s
[shift] [78/210] mlp / camouflage_relation_oracle / sev=0.15 / gs=1 / ts=3  ok  auc=0.803  0.1s
[shift] [79/210] mlp / camouflage_relation_oracle / sev=0.3 / gs=0 / ts=3  ok  auc=0.803  0.1s
[shift] [80/210] mlp / camouflage_relation_oracle / sev=0.3 / gs=1 / ts=3  ok  auc=0.803  0.1s
[shift] [80/210] ETA ~13s
[shift] [81/210] mlp / noise_edges_uniform / sev=0.1 / gs=0 / ts=3  ok  auc=0.803  0.1s
[shift] [82/210] mlp / noise_edges_uniform / sev=0.1 / gs=1 / ts=3  ok  auc=0.803  0.1s
[shift] [83/210] mlp / noise_edges_uniform / sev=0.2 / gs=0 / ts=3  ok  auc=0.803  0.1s
[shift] [84/210] mlp / noise_edges_uniform / sev=0.2 / gs=1 / ts=3  ok  auc=0.803  0.1s
[shift] [85/210] mlp / clean / sev=0 / gs=3253 / ts=4  ok  auc=0.802  1.8s
[shift] [86/210] mlp / heterophily_rewire_oracle / sev=0.15 / gs=0 / ts=4  ok  auc=0.802  0.1s
[shift] [87/210] mlp / heterophily_rewire_oracle / sev=0.15 / gs=1 / ts=4  ok  auc=0.802  0.1s
[shift] [88/210] mlp / heterophily_rewire_oracle / sev=0.3 / gs=0 / ts=4  ok  auc=0.802  0.1s
[shift] [89/210] mlp / heterophily_rewire_oracle / sev=0.3 / gs=1 / ts=4  ok  auc=0.802  0.1s
[shift] [90/210] mlp / heterophily_rewire_nonoracle / sev=0.15 / gs=0 / ts=4  ok  auc=0.802  0.1s
[shift] [90/210] ETA ~12s
[shift] [91/210] mlp / heterophily_rewire_nonoracle / sev=0.15 / gs=1 / ts=4  ok  auc=0.802  0.1s
[shift] [92/210] mlp / heterophily_rewire_nonoracle / sev=0.3 / gs=0 / ts=4  ok  auc=0.802  0.1s
[shift] [93/210] mlp / heterophily_rewire_nonoracle / sev=0.3 / gs=1 / ts=4  ok  auc=0.802  0.1s
[shift] [94/210] mlp / camouflage_feature_oracle / sev=0.15 / gs=0 / ts=4  ok  auc=0.767  0.1s
[shift] [95/210] mlp / camouflage_feature_oracle / sev=0.15 / gs=1 / ts=4  ok  auc=0.757  0.1s
[shift] [96/210] mlp / camouflage_feature_oracle / sev=0.3 / gs=0 / ts=4  ok  auc=0.712  0.1s
[shift] [97/210] mlp / camouflage_feature_oracle / sev=0.3 / gs=1 / ts=4  ok  auc=0.714  0.1s
[shift] [98/210] mlp / camouflage_relation_oracle / sev=0.15 / gs=0 / ts=4  ok  auc=0.802  0.1s
[shift] [99/210] mlp / camouflage_relation_oracle / sev=0.15 / gs=1 / ts=4  ok  auc=0.802  0.1s
[shift] [100/210] mlp / camouflage_relation_oracle / sev=0.3 / gs=0 / ts=4  ok  auc=0.802  0.1s
[shift] [100/210] ETA ~10s
[shift] [101/210] mlp / camouflage_relation_oracle / sev=0.3 / gs=1 / ts=4  ok  auc=0.802  0.1s
[shift] [102/210] mlp / noise_edges_uniform / sev=0.1 / gs=0 / ts=4  ok  auc=0.802  0.1s
[shift] [103/210] mlp / noise_edges_uniform / sev=0.1 / gs=1 / ts=4  ok  auc=0.802  0.1s
[shift] [104/210] mlp / noise_edges_uniform / sev=0.2 / gs=0 / ts=4  ok  auc=0.802  0.1s
[shift] [105/210] mlp / noise_edges_uniform / sev=0.2 / gs=1 / ts=4  ok  auc=0.802  0.1s
[shift] [106/210] sage / clean / sev=0 / gs=3253 / ts=0  ok  auc=0.809  3.3s
[shift] [107/210] sage / heterophily_rewire_oracle / sev=0.15 / gs=0 / ts=0  ok  auc=0.792  0.1s
[shift] [108/210] sage / heterophily_rewire_oracle / sev=0.15 / gs=1 / ts=0  ok  auc=0.792  0.1s
[shift] [109/210] sage / heterophily_rewire_oracle / sev=0.3 / gs=0 / ts=0  ok  auc=0.788  0.1s
[shift] [110/210] sage / heterophily_rewire_oracle / sev=0.3 / gs=1 / ts=0  ok  auc=0.788  0.1s
[shift] [110/210] ETA ~1m 17s
[shift] [111/210] sage / heterophily_rewire_nonoracle / sev=0.15 / gs=0 / ts=0  ok  auc=0.800  0.1s
[shift] [112/210] sage / heterophily_rewire_nonoracle / sev=0.15 / gs=1 / ts=0  ok  auc=0.799  0.1s
[shift] [113/210] sage / heterophily_rewire_nonoracle / sev=0.3 / gs=0 / ts=0  ok  auc=0.795  0.1s
[shift] [114/210] sage / heterophily_rewire_nonoracle / sev=0.3 / gs=1 / ts=0  ok  auc=0.795  0.1s
[shift] [115/210] sage / camouflage_feature_oracle / sev=0.15 / gs=0 / ts=0  ok  auc=0.775  0.1s
[shift] [116/210] sage / camouflage_feature_oracle / sev=0.15 / gs=1 / ts=0  ok  auc=0.764  0.1s
[shift] [117/210] sage / camouflage_feature_oracle / sev=0.3 / gs=0 / ts=0  ok  auc=0.718  0.1s
[shift] [118/210] sage / camouflage_feature_oracle / sev=0.3 / gs=1 / ts=0  ok  auc=0.721  0.1s
[shift] [119/210] sage / camouflage_relation_oracle / sev=0.15 / gs=0 / ts=0  ok  auc=0.808  0.1s
[shift] [120/210] sage / camouflage_relation_oracle / sev=0.15 / gs=1 / ts=0  ok  auc=0.808  0.1s
[shift] [120/210] ETA ~10s
[shift] [121/210] sage / camouflage_relation_oracle / sev=0.3 / gs=0 / ts=0  ok  auc=0.808  0.1s
[shift] [122/210] sage / camouflage_relation_oracle / sev=0.3 / gs=1 / ts=0  ok  auc=0.808  0.1s
[shift] [123/210] sage / noise_edges_uniform / sev=0.1 / gs=0 / ts=0  ok  auc=0.803  0.1s
[shift] [124/210] sage / noise_edges_uniform / sev=0.1 / gs=1 / ts=0  ok  auc=0.803  0.2s
[shift] [125/210] sage / noise_edges_uniform / sev=0.2 / gs=0 / ts=0  ok  auc=0.801  0.1s
[shift] [126/210] sage / noise_edges_uniform / sev=0.2 / gs=1 / ts=0  ok  auc=0.801  0.1s
[shift] [127/210] sage / clean / sev=0 / gs=3253 / ts=1  ok  auc=0.620  0.9s
[shift] [128/210] sage / heterophily_rewire_oracle / sev=0.15 / gs=0 / ts=1  ok  auc=0.627  0.1s
[shift] [129/210] sage / heterophily_rewire_oracle / sev=0.15 / gs=1 / ts=1  ok  auc=0.626  0.1s
[shift] [130/210] sage / heterophily_rewire_oracle / sev=0.3 / gs=0 / ts=1  ok  auc=0.637  0.1s
[shift] [130/210] ETA ~23s
[shift] [131/210] sage / heterophily_rewire_oracle / sev=0.3 / gs=1 / ts=1  ok  auc=0.638  0.2s
[shift] [132/210] sage / heterophily_rewire_nonoracle / sev=0.15 / gs=0 / ts=1  ok  auc=0.615  0.2s
[shift] [133/210] sage / heterophily_rewire_nonoracle / sev=0.15 / gs=1 / ts=1  ok  auc=0.617  0.1s
[shift] [134/210] sage / heterophily_rewire_nonoracle / sev=0.3 / gs=0 / ts=1  ok  auc=0.615  0.1s
[shift] [135/210] sage / heterophily_rewire_nonoracle / sev=0.3 / gs=1 / ts=1  ok  auc=0.615  0.1s
[shift] [136/210] sage / camouflage_feature_oracle / sev=0.15 / gs=0 / ts=1  ok  auc=0.613  0.1s
[shift] [137/210] sage / camouflage_feature_oracle / sev=0.15 / gs=1 / ts=1  ok  auc=0.603  0.1s
[shift] [138/210] sage / camouflage_feature_oracle / sev=0.3 / gs=0 / ts=1  ok  auc=0.584  0.1s
[shift] [139/210] sage / camouflage_feature_oracle / sev=0.3 / gs=1 / ts=1  ok  auc=0.581  0.1s
[shift] [140/210] sage / camouflage_relation_oracle / sev=0.15 / gs=0 / ts=1  ok  auc=0.622  0.1s
[shift] [140/210] ETA ~9s
[shift] [141/210] sage / camouflage_relation_oracle / sev=0.15 / gs=1 / ts=1  ok  auc=0.624  0.1s
[shift] [142/210] sage / camouflage_relation_oracle / sev=0.3 / gs=0 / ts=1  ok  auc=0.626  0.1s
[shift] [143/210] sage / camouflage_relation_oracle / sev=0.3 / gs=1 / ts=1  ok  auc=0.625  0.1s
[shift] [144/210] sage / noise_edges_uniform / sev=0.1 / gs=0 / ts=1  ok  auc=0.619  0.1s
[shift] [145/210] sage / noise_edges_uniform / sev=0.1 / gs=1 / ts=1  ok  auc=0.618  0.1s
[shift] [146/210] sage / noise_edges_uniform / sev=0.2 / gs=0 / ts=1  ok  auc=0.620  0.1s
[shift] [147/210] sage / noise_edges_uniform / sev=0.2 / gs=1 / ts=1  ok  auc=0.616  0.2s
[shift] [148/210] sage / clean / sev=0 / gs=3253 / ts=2  ok  auc=0.805  3.0s
[shift] [149/210] sage / heterophily_rewire_oracle / sev=0.15 / gs=0 / ts=2  ok  auc=0.788  0.1s
[shift] [150/210] sage / heterophily_rewire_oracle / sev=0.15 / gs=1 / ts=2  ok  auc=0.788  0.1s
[shift] [150/210] ETA ~43s
[shift] [151/210] sage / heterophily_rewire_oracle / sev=0.3 / gs=0 / ts=2  ok  auc=0.780  0.1s
[shift] [152/210] sage / heterophily_rewire_oracle / sev=0.3 / gs=1 / ts=2  ok  auc=0.781  0.1s
[shift] [153/210] sage / heterophily_rewire_nonoracle / sev=0.15 / gs=0 / ts=2  ok  auc=0.798  0.2s
[shift] [154/210] sage / heterophily_rewire_nonoracle / sev=0.15 / gs=1 / ts=2  ok  auc=0.797  0.1s
[shift] [155/210] sage / heterophily_rewire_nonoracle / sev=0.3 / gs=0 / ts=2  ok  auc=0.793  0.1s
[shift] [156/210] sage / heterophily_rewire_nonoracle / sev=0.3 / gs=1 / ts=2  ok  auc=0.794  0.1s
[shift] [157/210] sage / camouflage_feature_oracle / sev=0.15 / gs=0 / ts=2  ok  auc=0.772  0.1s
[shift] [158/210] sage / camouflage_feature_oracle / sev=0.15 / gs=1 / ts=2  ok  auc=0.761  0.1s
[shift] [159/210] sage / camouflage_feature_oracle / sev=0.3 / gs=0 / ts=2  ok  auc=0.717  0.1s
[shift] [160/210] sage / camouflage_feature_oracle / sev=0.3 / gs=1 / ts=2  ok  auc=0.719  0.1s
[shift] [160/210] ETA ~6s
[shift] [161/210] sage / camouflage_relation_oracle / sev=0.15 / gs=0 / ts=2  ok  auc=0.803  0.1s
[shift] [162/210] sage / camouflage_relation_oracle / sev=0.15 / gs=1 / ts=2  ok  auc=0.803  0.1s
[shift] [163/210] sage / camouflage_relation_oracle / sev=0.3 / gs=0 / ts=2  ok  auc=0.801  0.2s
[shift] [164/210] sage / camouflage_relation_oracle / sev=0.3 / gs=1 / ts=2  ok  auc=0.801  0.1s
[shift] [165/210] sage / noise_edges_uniform / sev=0.1 / gs=0 / ts=2  ok  auc=0.800  0.1s
[shift] [166/210] sage / noise_edges_uniform / sev=0.1 / gs=1 / ts=2  ok  auc=0.800  0.1s
[shift] [167/210] sage / noise_edges_uniform / sev=0.2 / gs=0 / ts=2  ok  auc=0.798  0.1s
[shift] [168/210] sage / noise_edges_uniform / sev=0.2 / gs=1 / ts=2  ok  auc=0.799  0.1s
[shift] [169/210] sage / clean / sev=0 / gs=3253 / ts=3  ok  auc=0.795  3.1s
[shift] [170/210] sage / heterophily_rewire_oracle / sev=0.15 / gs=0 / ts=3  ok  auc=0.778  0.1s
[shift] [170/210] ETA ~29s
[shift] [171/210] sage / heterophily_rewire_oracle / sev=0.15 / gs=1 / ts=3  ok  auc=0.778  0.1s
[shift] [172/210] sage / heterophily_rewire_oracle / sev=0.3 / gs=0 / ts=3  ok  auc=0.771  0.1s
[shift] [173/210] sage / heterophily_rewire_oracle / sev=0.3 / gs=1 / ts=3  ok  auc=0.771  0.1s
[shift] [174/210] sage / heterophily_rewire_nonoracle / sev=0.15 / gs=0 / ts=3  ok  auc=0.790  0.1s
[shift] [175/210] sage / heterophily_rewire_nonoracle / sev=0.15 / gs=1 / ts=3  ok  auc=0.789  0.1s
[shift] [176/210] sage / heterophily_rewire_nonoracle / sev=0.3 / gs=0 / ts=3  ok  auc=0.787  0.1s
[shift] [177/210] sage / heterophily_rewire_nonoracle / sev=0.3 / gs=1 / ts=3  ok  auc=0.787  0.1s
[shift] [178/210] sage / camouflage_feature_oracle / sev=0.15 / gs=0 / ts=3  ok  auc=0.762  0.1s
[shift] [179/210] sage / camouflage_feature_oracle / sev=0.15 / gs=1 / ts=3  ok  auc=0.752  0.2s
[shift] [180/210] sage / camouflage_feature_oracle / sev=0.3 / gs=0 / ts=3  ok  auc=0.709  0.1s
[shift] [180/210] ETA ~4s
[shift] [181/210] sage / camouflage_feature_oracle / sev=0.3 / gs=1 / ts=3  ok  auc=0.711  0.1s
[shift] [182/210] sage / camouflage_relation_oracle / sev=0.15 / gs=0 / ts=3  ok  auc=0.793  0.1s
[shift] [183/210] sage / camouflage_relation_oracle / sev=0.15 / gs=1 / ts=3  ok  auc=0.793  0.1s
[shift] [184/210] sage / camouflage_relation_oracle / sev=0.3 / gs=0 / ts=3  ok  auc=0.792  0.1s
[shift] [185/210] sage / camouflage_relation_oracle / sev=0.3 / gs=1 / ts=3  ok  auc=0.792  0.1s
[shift] [186/210] sage / noise_edges_uniform / sev=0.1 / gs=0 / ts=3  ok  auc=0.791  0.1s
[shift] [187/210] sage / noise_edges_uniform / sev=0.1 / gs=1 / ts=3  ok  auc=0.791  0.1s
[shift] [188/210] sage / noise_edges_uniform / sev=0.2 / gs=0 / ts=3  ok  auc=0.790  0.1s
[shift] [189/210] sage / noise_edges_uniform / sev=0.2 / gs=1 / ts=3  ok  auc=0.790  0.1s
[shift] [190/210] sage / clean / sev=0 / gs=3253 / ts=4  ok  auc=0.799  3.3s
[shift] [190/210] ETA ~15s
[shift] [191/210] sage / heterophily_rewire_oracle / sev=0.15 / gs=0 / ts=4  ok  auc=0.787  0.1s
[shift] [192/210] sage / heterophily_rewire_oracle / sev=0.15 / gs=1 / ts=4  ok  auc=0.787  0.1s
[shift] [193/210] sage / heterophily_rewire_oracle / sev=0.3 / gs=0 / ts=4  ok  auc=0.780  0.1s
[shift] [194/210] sage / heterophily_rewire_oracle / sev=0.3 / gs=1 / ts=4  ok  auc=0.780  0.1s
[shift] [195/210] sage / heterophily_rewire_nonoracle / sev=0.15 / gs=0 / ts=4  ok  auc=0.795  0.1s
[shift] [196/210] sage / heterophily_rewire_nonoracle / sev=0.15 / gs=1 / ts=4  ok  auc=0.795  0.1s
[shift] [197/210] sage / heterophily_rewire_nonoracle / sev=0.3 / gs=0 / ts=4  ok  auc=0.792  0.1s
[shift] [198/210] sage / heterophily_rewire_nonoracle / sev=0.3 / gs=1 / ts=4  ok  auc=0.792  0.1s
[shift] [199/210] sage / camouflage_feature_oracle / sev=0.15 / gs=0 / ts=4  ok  auc=0.766  0.1s
[shift] [200/210] sage / camouflage_feature_oracle / sev=0.15 / gs=1 / ts=4  ok  auc=0.756  0.1s
[shift] [200/210] ETA ~1s
[shift] [201/210] sage / camouflage_feature_oracle / sev=0.3 / gs=0 / ts=4  ok  auc=0.713  0.1s
[shift] [202/210] sage / camouflage_feature_oracle / sev=0.3 / gs=1 / ts=4  ok  auc=0.714  0.1s
[shift] [203/210] sage / camouflage_relation_oracle / sev=0.15 / gs=0 / ts=4  ok  auc=0.797  0.1s
[shift] [204/210] sage / camouflage_relation_oracle / sev=0.15 / gs=1 / ts=4  ok  auc=0.797  0.1s
[shift] [205/210] sage / camouflage_relation_oracle / sev=0.3 / gs=0 / ts=4  ok  auc=0.795  0.1s
[shift] [206/210] sage / camouflage_relation_oracle / sev=0.3 / gs=1 / ts=4  ok  auc=0.795  0.1s
[shift] [207/210] sage / noise_edges_uniform / sev=0.1 / gs=0 / ts=4  ok  auc=0.796  0.2s
[shift] [208/210] sage / noise_edges_uniform / sev=0.1 / gs=1 / ts=4  ok  auc=0.796  0.1s
[shift] [209/210] sage / noise_edges_uniform / sev=0.2 / gs=0 / ts=4  ok  auc=0.794  0.1s
[shift] [210/210] sage / noise_edges_uniform / sev=0.2 / gs=1 / ts=4  ok  auc=0.795  0.1s
[shift] [210/210] ETA ~0s
[run] stage=matrix done in 89.51s; out=/kaggle/working/gfd-robustness-v4-factorial-r1/lanes/r60_s2_shift_baselines
