

=== attempt 1; GPU 0; 2026-07-13T15:27:49.082043+00:00 ===
[preflight] 21 variants x 5 seeds x 2 models = 210 runs total
[preflight] 0 already done, 210 remaining
[preflight] no estimate available
[preflight] 21 variants x 5 seeds x 2 models = 210 runs total
[preflight] 0 already done, 210 remaining
[preflight] no estimate available
[baselines] [1/210] mlp / clean / sev=0 / gs=1729 / ts=0  ok  auc=0.731  1.6s
[baselines] [2/210] sage / clean / sev=0 / gs=1729 / ts=0  ok  auc=0.789  3.3s
[baselines] [3/210] mlp / clean / sev=0 / gs=1729 / ts=1  ok  auc=0.784  1.9s
[baselines] [4/210] sage / clean / sev=0 / gs=1729 / ts=1  ok  auc=0.612  1.0s
[baselines] [5/210] mlp / clean / sev=0 / gs=1729 / ts=2  ok  auc=0.784  1.8s
[baselines] [6/210] sage / clean / sev=0 / gs=1729 / ts=2  ok  auc=0.766  3.2s
[baselines] [7/210] mlp / clean / sev=0 / gs=1729 / ts=3  ok  auc=0.782  1.9s
[baselines] [8/210] sage / clean / sev=0 / gs=1729 / ts=3  ok  auc=0.773  3.2s
[baselines] [9/210] mlp / clean / sev=0 / gs=1729 / ts=4  ok  auc=0.781  2.0s
[baselines] [10/210] sage / clean / sev=0 / gs=1729 / ts=4  ok  auc=0.776  3.1s
[baselines] [10/210] ETA ~8m 57s
[baselines] [11/210] mlp / heterophily_rewire_oracle / sev=0.15 / gs=0 / ts=0  ok  auc=0.731  0.4s
[baselines] [12/210] sage / heterophily_rewire_oracle / sev=0.15 / gs=0 / ts=0  ok  auc=0.833  3.0s
[baselines] [13/210] mlp / heterophily_rewire_oracle / sev=0.15 / gs=0 / ts=1  ok  auc=0.784  1.9s
[baselines] [14/210] sage / heterophily_rewire_oracle / sev=0.15 / gs=0 / ts=1  ok  auc=0.821  3.3s
[baselines] [15/210] mlp / heterophily_rewire_oracle / sev=0.15 / gs=0 / ts=2  ok  auc=0.784  1.6s
[baselines] [16/210] sage / heterophily_rewire_oracle / sev=0.15 / gs=0 / ts=2  ok  auc=0.840  3.1s
[baselines] [17/210] mlp / heterophily_rewire_oracle / sev=0.15 / gs=0 / ts=3  ok  auc=0.782  1.7s
[baselines] [18/210] sage / heterophily_rewire_oracle / sev=0.15 / gs=0 / ts=3  ok  auc=0.849  3.2s
[baselines] [19/210] mlp / heterophily_rewire_oracle / sev=0.15 / gs=0 / ts=4  ok  auc=0.781  1.8s
[baselines] [20/210] sage / heterophily_rewire_oracle / sev=0.15 / gs=0 / ts=4  ok  auc=0.839  3.3s
[baselines] [20/210] ETA ~8m 16s
[baselines] [21/210] mlp / heterophily_rewire_oracle / sev=0.15 / gs=1 / ts=0  ok  auc=0.731  0.4s
[baselines] [22/210] sage / heterophily_rewire_oracle / sev=0.15 / gs=1 / ts=0  ok  auc=0.829  3.3s
[baselines] [23/210] mlp / heterophily_rewire_oracle / sev=0.15 / gs=1 / ts=1  ok  auc=0.784  1.9s
[baselines] [24/210] sage / heterophily_rewire_oracle / sev=0.15 / gs=1 / ts=1  ok  auc=0.822  3.3s
[baselines] [25/210] mlp / heterophily_rewire_oracle / sev=0.15 / gs=1 / ts=2  ok  auc=0.784  1.8s
[baselines] [26/210] sage / heterophily_rewire_oracle / sev=0.15 / gs=1 / ts=2  ok  auc=0.833  3.3s
[baselines] [27/210] mlp / heterophily_rewire_oracle / sev=0.15 / gs=1 / ts=3  ok  auc=0.782  1.7s
[baselines] [28/210] sage / heterophily_rewire_oracle / sev=0.15 / gs=1 / ts=3  ok  auc=0.848  3.3s
[baselines] [29/210] mlp / heterophily_rewire_oracle / sev=0.15 / gs=1 / ts=4  ok  auc=0.781  1.8s
[baselines] [30/210] sage / heterophily_rewire_oracle / sev=0.15 / gs=1 / ts=4  ok  auc=0.828  3.2s
[baselines] [30/210] ETA ~7m 58s
[baselines] [31/210] mlp / heterophily_rewire_oracle / sev=0.3 / gs=0 / ts=0  ok  auc=0.731  0.4s
[baselines] [32/210] sage / heterophily_rewire_oracle / sev=0.3 / gs=0 / ts=0  ok  auc=0.888  3.3s
[baselines] [33/210] mlp / heterophily_rewire_oracle / sev=0.3 / gs=0 / ts=1  ok  auc=0.784  1.9s
[baselines] [34/210] sage / heterophily_rewire_oracle / sev=0.3 / gs=0 / ts=1  ok  auc=0.871  3.4s
[baselines] [35/210] mlp / heterophily_rewire_oracle / sev=0.3 / gs=0 / ts=2  ok  auc=0.784  1.9s
[baselines] [36/210] sage / heterophily_rewire_oracle / sev=0.3 / gs=0 / ts=2  ok  auc=0.897  3.3s
[baselines] [37/210] mlp / heterophily_rewire_oracle / sev=0.3 / gs=0 / ts=3  ok  auc=0.782  1.8s
[baselines] [38/210] sage / heterophily_rewire_oracle / sev=0.3 / gs=0 / ts=3  ok  auc=0.906  3.2s
[baselines] [39/210] mlp / heterophily_rewire_oracle / sev=0.3 / gs=0 / ts=4  ok  auc=0.781  1.8s
[baselines] [40/210] sage / heterophily_rewire_oracle / sev=0.3 / gs=0 / ts=4  ok  auc=0.882  3.3s
[baselines] [40/210] ETA ~7m 37s
[baselines] [41/210] mlp / heterophily_rewire_oracle / sev=0.3 / gs=1 / ts=0  ok  auc=0.731  0.4s
[baselines] [42/210] sage / heterophily_rewire_oracle / sev=0.3 / gs=1 / ts=0  ok  auc=0.768  1.0s
[baselines] [43/210] mlp / heterophily_rewire_oracle / sev=0.3 / gs=1 / ts=1  ok  auc=0.784  1.7s
[baselines] [44/210] sage / heterophily_rewire_oracle / sev=0.3 / gs=1 / ts=1  ok  auc=0.872  3.5s
[baselines] [45/210] mlp / heterophily_rewire_oracle / sev=0.3 / gs=1 / ts=2  ok  auc=0.784  1.9s
[baselines] [46/210] sage / heterophily_rewire_oracle / sev=0.3 / gs=1 / ts=2  ok  auc=0.890  3.3s
[baselines] [47/210] mlp / heterophily_rewire_oracle / sev=0.3 / gs=1 / ts=3  ok  auc=0.782  1.7s
[baselines] [48/210] sage / heterophily_rewire_oracle / sev=0.3 / gs=1 / ts=3  ok  auc=0.904  3.3s
[baselines] [49/210] mlp / heterophily_rewire_oracle / sev=0.3 / gs=1 / ts=4  ok  auc=0.781  1.9s
[baselines] [50/210] sage / heterophily_rewire_oracle / sev=0.3 / gs=1 / ts=4  ok  auc=0.888  3.3s
[baselines] [50/210] ETA ~7m 7s
[baselines] [51/210] mlp / heterophily_rewire_nonoracle / sev=0.15 / gs=0 / ts=0  ok  auc=0.731  0.4s
[baselines] [52/210] sage / heterophily_rewire_nonoracle / sev=0.15 / gs=0 / ts=0  ok  auc=0.765  3.3s
[baselines] [53/210] mlp / heterophily_rewire_nonoracle / sev=0.15 / gs=0 / ts=1  ok  auc=0.784  2.0s
[baselines] [54/210] sage / heterophily_rewire_nonoracle / sev=0.15 / gs=0 / ts=1  ok  auc=0.610  0.9s
[baselines] [55/210] mlp / heterophily_rewire_nonoracle / sev=0.15 / gs=0 / ts=2  ok  auc=0.784  1.9s
[baselines] [56/210] sage / heterophily_rewire_nonoracle / sev=0.15 / gs=0 / ts=2  ok  auc=0.767  3.2s
[baselines] [57/210] mlp / heterophily_rewire_nonoracle / sev=0.15 / gs=0 / ts=3  ok  auc=0.782  1.8s
[baselines] [58/210] sage / heterophily_rewire_nonoracle / sev=0.15 / gs=0 / ts=3  ok  auc=0.766  3.1s
[baselines] [59/210] mlp / heterophily_rewire_nonoracle / sev=0.15 / gs=0 / ts=4  ok  auc=0.781  1.9s
[baselines] [60/210] sage / heterophily_rewire_nonoracle / sev=0.15 / gs=0 / ts=4  ok  auc=0.769  3.3s
[baselines] [60/210] ETA ~6m 39s
[baselines] [61/210] mlp / heterophily_rewire_nonoracle / sev=0.15 / gs=1 / ts=0  ok  auc=0.731  0.3s
[baselines] [62/210] sage / heterophily_rewire_nonoracle / sev=0.15 / gs=1 / ts=0  ok  auc=0.763  3.3s
[baselines] [63/210] mlp / heterophily_rewire_nonoracle / sev=0.15 / gs=1 / ts=1  ok  auc=0.784  1.9s
[baselines] [64/210] sage / heterophily_rewire_nonoracle / sev=0.15 / gs=1 / ts=1  ok  auc=0.609  0.8s
[baselines] [65/210] mlp / heterophily_rewire_nonoracle / sev=0.15 / gs=1 / ts=2  ok  auc=0.784  1.6s
[baselines] [66/210] sage / heterophily_rewire_nonoracle / sev=0.15 / gs=1 / ts=2  ok  auc=0.769  3.2s
[baselines] [67/210] mlp / heterophily_rewire_nonoracle / sev=0.15 / gs=1 / ts=3  ok  auc=0.782  1.9s
[baselines] [68/210] sage / heterophily_rewire_nonoracle / sev=0.15 / gs=1 / ts=3  ok  auc=0.766  3.3s
[baselines] [69/210] mlp / heterophily_rewire_nonoracle / sev=0.15 / gs=1 / ts=4  ok  auc=0.781  1.9s
[baselines] [70/210] sage / heterophily_rewire_nonoracle / sev=0.15 / gs=1 / ts=4  ok  auc=0.767  3.1s
[baselines] [70/210] ETA ~6m 17s
[baselines] [71/210] mlp / heterophily_rewire_nonoracle / sev=0.3 / gs=0 / ts=0  ok  auc=0.731  0.4s
[baselines] [72/210] sage / heterophily_rewire_nonoracle / sev=0.3 / gs=0 / ts=0  ok  auc=0.764  3.3s
[baselines] [73/210] mlp / heterophily_rewire_nonoracle / sev=0.3 / gs=0 / ts=1  ok  auc=0.784  1.8s
[baselines] [74/210] sage / heterophily_rewire_nonoracle / sev=0.3 / gs=0 / ts=1  ok  auc=0.642  0.9s
[baselines] [75/210] mlp / heterophily_rewire_nonoracle / sev=0.3 / gs=0 / ts=2  ok  auc=0.784  1.9s
[baselines] [76/210] sage / heterophily_rewire_nonoracle / sev=0.3 / gs=0 / ts=2  ok  auc=0.768  3.3s
[baselines] [77/210] mlp / heterophily_rewire_nonoracle / sev=0.3 / gs=0 / ts=3  ok  auc=0.782  1.9s
[baselines] [78/210] sage / heterophily_rewire_nonoracle / sev=0.3 / gs=0 / ts=3  ok  auc=0.764  3.4s
[baselines] [79/210] mlp / heterophily_rewire_nonoracle / sev=0.3 / gs=0 / ts=4  ok  auc=0.781  1.6s
[baselines] [80/210] sage / heterophily_rewire_nonoracle / sev=0.3 / gs=0 / ts=4  ok  auc=0.766  3.3s
[baselines] [80/210] ETA ~5m 50s
[baselines] [81/210] mlp / heterophily_rewire_nonoracle / sev=0.3 / gs=1 / ts=0  ok  auc=0.731  0.4s
[baselines] [82/210] sage / heterophily_rewire_nonoracle / sev=0.3 / gs=1 / ts=0  ok  auc=0.762  3.3s
[baselines] [83/210] mlp / heterophily_rewire_nonoracle / sev=0.3 / gs=1 / ts=1  ok  auc=0.784  1.9s
[baselines] [84/210] sage / heterophily_rewire_nonoracle / sev=0.3 / gs=1 / ts=1  ok  auc=0.642  0.8s
[baselines] [85/210] mlp / heterophily_rewire_nonoracle / sev=0.3 / gs=1 / ts=2  ok  auc=0.784  1.7s
[baselines] [86/210] sage / heterophily_rewire_nonoracle / sev=0.3 / gs=1 / ts=2  ok  auc=0.766  3.1s
[baselines] [87/210] mlp / heterophily_rewire_nonoracle / sev=0.3 / gs=1 / ts=3  ok  auc=0.782  2.0s
[baselines] [88/210] sage / heterophily_rewire_nonoracle / sev=0.3 / gs=1 / ts=3  ok  auc=0.764  3.4s
[baselines] [89/210] mlp / heterophily_rewire_nonoracle / sev=0.3 / gs=1 / ts=4  ok  auc=0.781  1.9s
[baselines] [90/210] sage / heterophily_rewire_nonoracle / sev=0.3 / gs=1 / ts=4  ok  auc=0.767  3.2s
[baselines] [90/210] ETA ~5m 27s
[baselines] [91/210] mlp / camouflage_feature_oracle / sev=0.15 / gs=0 / ts=0  ok  auc=0.699  0.4s
[baselines] [92/210] sage / camouflage_feature_oracle / sev=0.15 / gs=0 / ts=0  ok  auc=0.732  3.0s
[baselines] [93/210] mlp / camouflage_feature_oracle / sev=0.15 / gs=0 / ts=1  ok  auc=0.737  1.9s
[baselines] [94/210] sage / camouflage_feature_oracle / sev=0.15 / gs=0 / ts=1  ok  auc=0.589  1.0s
[baselines] [95/210] mlp / camouflage_feature_oracle / sev=0.15 / gs=0 / ts=2  ok  auc=0.737  1.9s
[baselines] [96/210] sage / camouflage_feature_oracle / sev=0.15 / gs=0 / ts=2  ok  auc=0.732  3.0s
[baselines] [97/210] mlp / camouflage_feature_oracle / sev=0.15 / gs=0 / ts=3  ok  auc=0.734  1.9s
[baselines] [98/210] sage / camouflage_feature_oracle / sev=0.15 / gs=0 / ts=3  ok  auc=0.728  3.2s
[baselines] [99/210] mlp / camouflage_feature_oracle / sev=0.15 / gs=0 / ts=4  ok  auc=0.735  1.9s
[baselines] [100/210] sage / camouflage_feature_oracle / sev=0.15 / gs=0 / ts=4  ok  auc=0.732  3.3s
[baselines] [100/210] ETA ~4m 52s
[baselines] [101/210] mlp / camouflage_feature_oracle / sev=0.15 / gs=1 / ts=0  ok  auc=0.699  0.4s
[baselines] [102/210] sage / camouflage_feature_oracle / sev=0.15 / gs=1 / ts=0  ok  auc=0.735  3.1s
[baselines] [103/210] mlp / camouflage_feature_oracle / sev=0.15 / gs=1 / ts=1  ok  auc=0.743  1.9s
[baselines] [104/210] sage / camouflage_feature_oracle / sev=0.15 / gs=1 / ts=1  ok  auc=0.590  0.9s
[baselines] [105/210] mlp / camouflage_feature_oracle / sev=0.15 / gs=1 / ts=2  ok  auc=0.742  1.8s
[baselines] [106/210] sage / camouflage_feature_oracle / sev=0.15 / gs=1 / ts=2  ok  auc=0.733  3.3s
[baselines] [107/210] mlp / camouflage_feature_oracle / sev=0.15 / gs=1 / ts=3  ok  auc=0.737  1.9s
[baselines] [108/210] sage / camouflage_feature_oracle / sev=0.15 / gs=1 / ts=3  ok  auc=0.733  3.3s
[baselines] [109/210] mlp / camouflage_feature_oracle / sev=0.15 / gs=1 / ts=4  ok  auc=0.739  1.9s
[baselines] [110/210] sage / camouflage_feature_oracle / sev=0.15 / gs=1 / ts=4  ok  auc=0.734  3.2s
[baselines] [110/210] ETA ~4m 33s
[baselines] [111/210] mlp / camouflage_feature_oracle / sev=0.3 / gs=0 / ts=0  ok  auc=0.697  1.9s
[baselines] [112/210] sage / camouflage_feature_oracle / sev=0.3 / gs=0 / ts=0  ok  auc=0.688  3.1s
[baselines] [113/210] mlp / camouflage_feature_oracle / sev=0.3 / gs=0 / ts=1  ok  auc=0.696  1.9s
[baselines] [114/210] sage / camouflage_feature_oracle / sev=0.3 / gs=0 / ts=1  ok  auc=0.688  3.3s
[baselines] [115/210] mlp / camouflage_feature_oracle / sev=0.3 / gs=0 / ts=2  ok  auc=0.697  1.9s
[baselines] [116/210] sage / camouflage_feature_oracle / sev=0.3 / gs=0 / ts=2  ok  auc=0.697  3.3s
[baselines] [117/210] mlp / camouflage_feature_oracle / sev=0.3 / gs=0 / ts=3  ok  auc=0.693  1.9s
[baselines] [118/210] sage / camouflage_feature_oracle / sev=0.3 / gs=0 / ts=3  ok  auc=0.719  3.3s
[baselines] [119/210] mlp / camouflage_feature_oracle / sev=0.3 / gs=0 / ts=4  ok  auc=0.693  1.9s
[baselines] [120/210] sage / camouflage_feature_oracle / sev=0.3 / gs=0 / ts=4  ok  auc=0.550  0.7s
[baselines] [120/210] ETA ~3m 19s
[baselines] [121/210] mlp / camouflage_feature_oracle / sev=0.3 / gs=1 / ts=0  ok  auc=0.662  0.4s
[baselines] [122/210] sage / camouflage_feature_oracle / sev=0.3 / gs=1 / ts=0  ok  auc=0.690  3.3s
[baselines] [123/210] mlp / camouflage_feature_oracle / sev=0.3 / gs=1 / ts=1  ok  auc=0.694  1.9s
[baselines] [124/210] sage / camouflage_feature_oracle / sev=0.3 / gs=1 / ts=1  ok  auc=0.516  0.6s
[baselines] [125/210] mlp / camouflage_feature_oracle / sev=0.3 / gs=1 / ts=2  ok  auc=0.695  1.9s
[baselines] [126/210] sage / camouflage_feature_oracle / sev=0.3 / gs=1 / ts=2  ok  auc=0.698  3.4s
[baselines] [127/210] mlp / camouflage_feature_oracle / sev=0.3 / gs=1 / ts=3  ok  auc=0.690  1.7s
[baselines] [128/210] sage / camouflage_feature_oracle / sev=0.3 / gs=1 / ts=3  ok  auc=0.692  3.3s
[baselines] [129/210] mlp / camouflage_feature_oracle / sev=0.3 / gs=1 / ts=4  ok  auc=0.691  1.8s
[baselines] [130/210] sage / camouflage_feature_oracle / sev=0.3 / gs=1 / ts=4  ok  auc=0.557  0.7s
[baselines] [130/210] ETA ~2m 56s
[baselines] [131/210] mlp / camouflage_relation_oracle / sev=0.15 / gs=0 / ts=0  ok  auc=0.731  0.4s
[baselines] [132/210] sage / camouflage_relation_oracle / sev=0.15 / gs=0 / ts=0  ok  auc=0.782  3.2s
[baselines] [133/210] mlp / camouflage_relation_oracle / sev=0.15 / gs=0 / ts=1  ok  auc=0.784  2.0s
[baselines] [134/210] sage / camouflage_relation_oracle / sev=0.15 / gs=0 / ts=1  ok  auc=0.615  0.9s
[baselines] [135/210] mlp / camouflage_relation_oracle / sev=0.15 / gs=0 / ts=2  ok  auc=0.784  1.6s
[baselines] [136/210] sage / camouflage_relation_oracle / sev=0.15 / gs=0 / ts=2  ok  auc=0.770  3.2s
[baselines] [137/210] mlp / camouflage_relation_oracle / sev=0.15 / gs=0 / ts=3  ok  auc=0.782  1.8s
[baselines] [138/210] sage / camouflage_relation_oracle / sev=0.15 / gs=0 / ts=3  ok  auc=0.771  3.3s
[baselines] [139/210] mlp / camouflage_relation_oracle / sev=0.15 / gs=0 / ts=4  ok  auc=0.781  1.8s
[baselines] [140/210] sage / camouflage_relation_oracle / sev=0.15 / gs=0 / ts=4  ok  auc=0.771  3.3s
[baselines] [140/210] ETA ~3m 8s
[baselines] [141/210] mlp / camouflage_relation_oracle / sev=0.15 / gs=1 / ts=0  ok  auc=0.731  0.3s
[baselines] [142/210] sage / camouflage_relation_oracle / sev=0.15 / gs=1 / ts=0  ok  auc=0.769  3.1s
[baselines] [143/210] mlp / camouflage_relation_oracle / sev=0.15 / gs=1 / ts=1  ok  auc=0.784  1.9s
[baselines] [144/210] sage / camouflage_relation_oracle / sev=0.15 / gs=1 / ts=1  ok  auc=0.616  0.9s
[baselines] [145/210] mlp / camouflage_relation_oracle / sev=0.15 / gs=1 / ts=2  ok  auc=0.784  1.9s
[baselines] [146/210] sage / camouflage_relation_oracle / sev=0.15 / gs=1 / ts=2  ok  auc=0.778  3.2s
[baselines] [147/210] mlp / camouflage_relation_oracle / sev=0.15 / gs=1 / ts=3  ok  auc=0.782  1.8s
[baselines] [148/210] sage / camouflage_relation_oracle / sev=0.15 / gs=1 / ts=3  ok  auc=0.769  3.3s
[baselines] [149/210] mlp / camouflage_relation_oracle / sev=0.15 / gs=1 / ts=4  ok  auc=0.781  2.0s
[baselines] [150/210] sage / camouflage_relation_oracle / sev=0.15 / gs=1 / ts=4  ok  auc=0.777  3.2s
[baselines] [150/210] ETA ~2m 42s
[baselines] [151/210] mlp / camouflage_relation_oracle / sev=0.3 / gs=0 / ts=0  ok  auc=0.731  0.4s
[baselines] [152/210] sage / camouflage_relation_oracle / sev=0.3 / gs=0 / ts=0  ok  auc=0.773  3.3s
[baselines] [153/210] mlp / camouflage_relation_oracle / sev=0.3 / gs=0 / ts=1  ok  auc=0.784  2.0s
[baselines] [154/210] sage / camouflage_relation_oracle / sev=0.3 / gs=0 / ts=1  ok  auc=0.618  0.9s
[baselines] [155/210] mlp / camouflage_relation_oracle / sev=0.3 / gs=0 / ts=2  ok  auc=0.784  2.0s
[baselines] [156/210] sage / camouflage_relation_oracle / sev=0.3 / gs=0 / ts=2  ok  auc=0.779  3.2s
[baselines] [157/210] mlp / camouflage_relation_oracle / sev=0.3 / gs=0 / ts=3  ok  auc=0.782  1.9s
[baselines] [158/210] sage / camouflage_relation_oracle / sev=0.3 / gs=0 / ts=3  ok  auc=0.771  3.3s
[baselines] [159/210] mlp / camouflage_relation_oracle / sev=0.3 / gs=0 / ts=4  ok  auc=0.781  1.7s
[baselines] [160/210] sage / camouflage_relation_oracle / sev=0.3 / gs=0 / ts=4  ok  auc=0.778  3.2s
[baselines] [160/210] ETA ~2m 13s
[baselines] [161/210] mlp / camouflage_relation_oracle / sev=0.3 / gs=1 / ts=0  ok  auc=0.731  0.3s
[baselines] [162/210] sage / camouflage_relation_oracle / sev=0.3 / gs=1 / ts=0  ok  auc=0.791  3.2s
[baselines] [163/210] mlp / camouflage_relation_oracle / sev=0.3 / gs=1 / ts=1  ok  auc=0.784  1.6s
[baselines] [164/210] sage / camouflage_relation_oracle / sev=0.3 / gs=1 / ts=1  ok  auc=0.618  0.9s
[baselines] [165/210] mlp / camouflage_relation_oracle / sev=0.3 / gs=1 / ts=2  ok  auc=0.784  1.9s
[baselines] [166/210] sage / camouflage_relation_oracle / sev=0.3 / gs=1 / ts=2  ok  auc=0.777  3.3s
[baselines] [167/210] mlp / camouflage_relation_oracle / sev=0.3 / gs=1 / ts=3  ok  auc=0.782  2.0s
[baselines] [168/210] sage / camouflage_relation_oracle / sev=0.3 / gs=1 / ts=3  ok  auc=0.775  3.3s
[baselines] [169/210] mlp / camouflage_relation_oracle / sev=0.3 / gs=1 / ts=4  ok  auc=0.781  1.7s
[baselines] [170/210] sage / camouflage_relation_oracle / sev=0.3 / gs=1 / ts=4  ok  auc=0.800  3.2s
[baselines] [170/210] ETA ~1m 48s
[baselines] [171/210] mlp / noise_edges_uniform / sev=0.1 / gs=0 / ts=0  ok  auc=0.731  0.3s
[baselines] [172/210] sage / noise_edges_uniform / sev=0.1 / gs=0 / ts=0  ok  auc=0.767  3.4s
[baselines] [173/210] mlp / noise_edges_uniform / sev=0.1 / gs=0 / ts=1  ok  auc=0.784  1.9s
[baselines] [174/210] sage / noise_edges_uniform / sev=0.1 / gs=0 / ts=1  ok  auc=0.614  1.0s
[baselines] [175/210] mlp / noise_edges_uniform / sev=0.1 / gs=0 / ts=2  ok  auc=0.784  1.9s
[baselines] [176/210] sage / noise_edges_uniform / sev=0.1 / gs=0 / ts=2  ok  auc=0.767  3.5s
[baselines] [177/210] mlp / noise_edges_uniform / sev=0.1 / gs=0 / ts=3  ok  auc=0.782  1.8s
[baselines] [178/210] sage / noise_edges_uniform / sev=0.1 / gs=0 / ts=3  ok  auc=0.766  3.5s
[baselines] [179/210] mlp / noise_edges_uniform / sev=0.1 / gs=0 / ts=4  ok  auc=0.781  1.7s
[baselines] [180/210] sage / noise_edges_uniform / sev=0.1 / gs=0 / ts=4  ok  auc=0.766  3.4s
[baselines] [180/210] ETA ~1m 24s
[baselines] [181/210] mlp / noise_edges_uniform / sev=0.1 / gs=1 / ts=0  ok  auc=0.731  0.3s
[baselines] [182/210] sage / noise_edges_uniform / sev=0.1 / gs=1 / ts=0  ok  auc=0.766  3.5s
[baselines] [183/210] mlp / noise_edges_uniform / sev=0.1 / gs=1 / ts=1  ok  auc=0.784  1.9s
[baselines] [184/210] sage / noise_edges_uniform / sev=0.1 / gs=1 / ts=1  ok  auc=0.612  1.0s
[baselines] [185/210] mlp / noise_edges_uniform / sev=0.1 / gs=1 / ts=2  ok  auc=0.784  1.9s
[baselines] [186/210] sage / noise_edges_uniform / sev=0.1 / gs=1 / ts=2  ok  auc=0.769  3.5s
[baselines] [187/210] mlp / noise_edges_uniform / sev=0.1 / gs=1 / ts=3  ok  auc=0.782  1.9s
[baselines] [188/210] sage / noise_edges_uniform / sev=0.1 / gs=1 / ts=3  ok  auc=0.766  3.4s
[baselines] [189/210] mlp / noise_edges_uniform / sev=0.1 / gs=1 / ts=4  ok  auc=0.781  1.8s
[baselines] [190/210] sage / noise_edges_uniform / sev=0.1 / gs=1 / ts=4  ok  auc=0.769  3.2s
[baselines] [190/210] ETA ~55s
[baselines] [191/210] mlp / noise_edges_uniform / sev=0.2 / gs=0 / ts=0  ok  auc=0.731  0.4s
[baselines] [192/210] sage / noise_edges_uniform / sev=0.2 / gs=0 / ts=0  ok  auc=0.765  3.7s
[baselines] [193/210] mlp / noise_edges_uniform / sev=0.2 / gs=0 / ts=1  ok  auc=0.784  1.9s
[baselines] [194/210] sage / noise_edges_uniform / sev=0.2 / gs=0 / ts=1  ok  auc=0.614  1.0s
[baselines] [195/210] mlp / noise_edges_uniform / sev=0.2 / gs=0 / ts=2  ok  auc=0.784  1.9s
[baselines] [196/210] sage / noise_edges_uniform / sev=0.2 / gs=0 / ts=2  ok  auc=0.768  3.7s
[baselines] [197/210] mlp / noise_edges_uniform / sev=0.2 / gs=0 / ts=3  ok  auc=0.782  1.7s
[baselines] [198/210] sage / noise_edges_uniform / sev=0.2 / gs=0 / ts=3  ok  auc=0.765  3.6s
[baselines] [199/210] mlp / noise_edges_uniform / sev=0.2 / gs=0 / ts=4  ok  auc=0.781  1.8s
[baselines] [200/210] sage / noise_edges_uniform / sev=0.2 / gs=0 / ts=4  ok  auc=0.769  3.7s
[baselines] [200/210] ETA ~29s
[baselines] [201/210] mlp / noise_edges_uniform / sev=0.2 / gs=1 / ts=0  ok  auc=0.731  0.4s
[baselines] [202/210] sage / noise_edges_uniform / sev=0.2 / gs=1 / ts=0  ok  auc=0.764  3.6s
[baselines] [203/210] mlp / noise_edges_uniform / sev=0.2 / gs=1 / ts=1  ok  auc=0.784  1.8s
[baselines] [204/210] sage / noise_edges_uniform / sev=0.2 / gs=1 / ts=1  ok  auc=0.613  1.0s
[baselines] [205/210] mlp / noise_edges_uniform / sev=0.2 / gs=1 / ts=2  ok  auc=0.784  1.9s
[baselines] [206/210] sage / noise_edges_uniform / sev=0.2 / gs=1 / ts=2  ok  auc=0.768  3.8s
[baselines] [207/210] mlp / noise_edges_uniform / sev=0.2 / gs=1 / ts=3  ok  auc=0.782  1.9s
[baselines] [208/210] sage / noise_edges_uniform / sev=0.2 / gs=1 / ts=3  ok  auc=0.766  3.7s
[baselines] [209/210] mlp / noise_edges_uniform / sev=0.2 / gs=1 / ts=4  ok  auc=0.781  1.6s
[baselines] [210/210] sage / noise_edges_uniform / sev=0.2 / gs=1 / ts=4  ok  auc=0.762  3.6s
[baselines] [210/210] ETA ~0s
[run] stage=matrix done in 472.78s; out=/kaggle/working/gfd-robustness-v4-factorial-r1/lanes/r60_s1_variant_baselines
