

=== attempt 1; GPU 1; 2026-07-11T23:20:24.396321+00:00 ===
[preflight] 21 variants x 3 seeds x 1 models = 63 runs total
[preflight] 0 already done, 63 remaining
[preflight] no estimate available
[preflight] 21 variants x 3 seeds x 1 models = 63 runs total
[preflight] 0 already done, 63 remaining
[preflight] no estimate available
/kaggle/working/fraud-benchmark-py311/lib/python3.11/site-packages/dgl/dataloading/dataloader.py:1149: DGLWarning: Dataloader CPU affinity opt is not enabled, consider switching it on (see enable_cpu_affinity() or CPU best practices for DGL [https://docs.dgl.ai/tutorials/cpu/cpu_best_practises.html])
  dgl_warning(
[shift] [1/63] pmp / clean / sev=0 / gs=717 / ts=0  ok  auc=0.853  53.2s
[shift] [2/63] pmp / heterophily_rewire_oracle / sev=0.15 / gs=0 / ts=0  ok  auc=0.783  0.6s
[shift] [3/63] pmp / heterophily_rewire_oracle / sev=0.15 / gs=1 / ts=0  ok  auc=0.785  0.6s
[shift] [4/63] pmp / heterophily_rewire_oracle / sev=0.3 / gs=0 / ts=0  ok  auc=0.759  0.6s
[shift] [5/63] pmp / heterophily_rewire_oracle / sev=0.3 / gs=1 / ts=0  ok  auc=0.760  0.5s
[shift] [6/63] pmp / heterophily_rewire_nonoracle / sev=0.15 / gs=0 / ts=0  ok  auc=0.830  0.5s
[shift] [7/63] pmp / heterophily_rewire_nonoracle / sev=0.15 / gs=1 / ts=0  ok  auc=0.826  0.5s
[shift] [8/63] pmp / heterophily_rewire_nonoracle / sev=0.3 / gs=0 / ts=0  ok  auc=0.812  0.5s
[shift] [9/63] pmp / heterophily_rewire_nonoracle / sev=0.3 / gs=1 / ts=0  ok  auc=0.810  0.6s
[shift] [10/63] pmp / camouflage_feature_oracle / sev=0.15 / gs=0 / ts=0  ok  auc=0.812  0.5s
[shift] [10/63] ETA ~28s
[shift] [11/63] pmp / camouflage_feature_oracle / sev=0.15 / gs=1 / ts=0  ok  auc=0.801  0.5s
[shift] [12/63] pmp / camouflage_feature_oracle / sev=0.3 / gs=0 / ts=0  ok  auc=0.768  0.5s
[shift] [13/63] pmp / camouflage_feature_oracle / sev=0.3 / gs=1 / ts=0  ok  auc=0.757  0.5s
[shift] [14/63] pmp / camouflage_relation_oracle / sev=0.15 / gs=0 / ts=0  ok  auc=0.852  0.5s
[shift] [15/63] pmp / camouflage_relation_oracle / sev=0.15 / gs=1 / ts=0  ok  auc=0.853  0.5s
[shift] [16/63] pmp / camouflage_relation_oracle / sev=0.3 / gs=0 / ts=0  ok  auc=0.852  0.5s
[shift] [17/63] pmp / camouflage_relation_oracle / sev=0.3 / gs=1 / ts=0  ok  auc=0.855  0.5s
[shift] [18/63] pmp / noise_edges_uniform / sev=0.1 / gs=0 / ts=0  ok  auc=0.839  0.5s
[shift] [19/63] pmp / noise_edges_uniform / sev=0.1 / gs=1 / ts=0  ok  auc=0.838  0.5s
[shift] [20/63] pmp / noise_edges_uniform / sev=0.2 / gs=0 / ts=0  ok  auc=0.831  0.6s
[shift] [20/63] ETA ~23s
[shift] [21/63] pmp / noise_edges_uniform / sev=0.2 / gs=1 / ts=0  ok  auc=0.831  0.6s
[shift] [22/63] pmp / clean / sev=0 / gs=717 / ts=1  ok  auc=0.850  49.5s
[shift] [23/63] pmp / heterophily_rewire_oracle / sev=0.15 / gs=0 / ts=1  ok  auc=0.788  0.5s
[shift] [24/63] pmp / heterophily_rewire_oracle / sev=0.15 / gs=1 / ts=1  ok  auc=0.789  0.5s
[shift] [25/63] pmp / heterophily_rewire_oracle / sev=0.3 / gs=0 / ts=1  ok  auc=0.761  0.5s
[shift] [26/63] pmp / heterophily_rewire_oracle / sev=0.3 / gs=1 / ts=1  ok  auc=0.761  0.5s
[shift] [27/63] pmp / heterophily_rewire_nonoracle / sev=0.15 / gs=0 / ts=1  ok  auc=0.838  0.4s
[shift] [28/63] pmp / heterophily_rewire_nonoracle / sev=0.15 / gs=1 / ts=1  ok  auc=0.831  0.5s
[shift] [29/63] pmp / heterophily_rewire_nonoracle / sev=0.3 / gs=0 / ts=1  ok  auc=0.821  0.4s
[shift] [30/63] pmp / heterophily_rewire_nonoracle / sev=0.3 / gs=1 / ts=1  ok  auc=0.825  0.5s
[shift] [30/63] ETA ~15s
[shift] [31/63] pmp / camouflage_feature_oracle / sev=0.15 / gs=0 / ts=1  ok  auc=0.812  0.5s
[shift] [32/63] pmp / camouflage_feature_oracle / sev=0.15 / gs=1 / ts=1  ok  auc=0.800  0.5s
[shift] [33/63] pmp / camouflage_feature_oracle / sev=0.3 / gs=0 / ts=1  ok  auc=0.769  0.5s
[shift] [34/63] pmp / camouflage_feature_oracle / sev=0.3 / gs=1 / ts=1  ok  auc=0.759  0.5s
[shift] [35/63] pmp / camouflage_relation_oracle / sev=0.15 / gs=0 / ts=1  ok  auc=0.848  0.5s
[shift] [36/63] pmp / camouflage_relation_oracle / sev=0.15 / gs=1 / ts=1  ok  auc=0.848  0.5s
[shift] [37/63] pmp / camouflage_relation_oracle / sev=0.3 / gs=0 / ts=1  ok  auc=0.852  0.5s
[shift] [38/63] pmp / camouflage_relation_oracle / sev=0.3 / gs=1 / ts=1  ok  auc=0.846  0.5s
[shift] [39/63] pmp / noise_edges_uniform / sev=0.1 / gs=0 / ts=1  ok  auc=0.841  0.5s
[shift] [40/63] pmp / noise_edges_uniform / sev=0.1 / gs=1 / ts=1  ok  auc=0.843  0.5s
[shift] [40/63] ETA ~11s
[shift] [41/63] pmp / noise_edges_uniform / sev=0.2 / gs=0 / ts=1  ok  auc=0.838  0.5s
[shift] [42/63] pmp / noise_edges_uniform / sev=0.2 / gs=1 / ts=1  ok  auc=0.837  0.5s
[shift] [43/63] pmp / clean / sev=0 / gs=717 / ts=2  ok  auc=0.845  42.7s
[shift] [44/63] pmp / heterophily_rewire_oracle / sev=0.15 / gs=0 / ts=2  ok  auc=0.793  0.5s
[shift] [45/63] pmp / heterophily_rewire_oracle / sev=0.15 / gs=1 / ts=2  ok  auc=0.788  0.5s
[shift] [46/63] pmp / heterophily_rewire_oracle / sev=0.3 / gs=0 / ts=2  ok  auc=0.771  0.5s
[shift] [47/63] pmp / heterophily_rewire_oracle / sev=0.3 / gs=1 / ts=2  ok  auc=0.768  0.5s
[shift] [48/63] pmp / heterophily_rewire_nonoracle / sev=0.15 / gs=0 / ts=2  ok  auc=0.830  0.5s
[shift] [49/63] pmp / heterophily_rewire_nonoracle / sev=0.15 / gs=1 / ts=2  ok  auc=0.833  0.5s
[shift] [50/63] pmp / heterophily_rewire_nonoracle / sev=0.3 / gs=0 / ts=2  ok  auc=0.814  0.5s
[shift] [50/63] ETA ~6s
[shift] [51/63] pmp / heterophily_rewire_nonoracle / sev=0.3 / gs=1 / ts=2  ok  auc=0.818  0.5s
[shift] [52/63] pmp / camouflage_feature_oracle / sev=0.15 / gs=0 / ts=2  ok  auc=0.811  0.8s
[shift] [53/63] pmp / camouflage_feature_oracle / sev=0.15 / gs=1 / ts=2  ok  auc=0.802  0.5s
[shift] [54/63] pmp / camouflage_feature_oracle / sev=0.3 / gs=0 / ts=2  ok  auc=0.768  0.5s
[shift] [55/63] pmp / camouflage_feature_oracle / sev=0.3 / gs=1 / ts=2  ok  auc=0.758  0.5s
[shift] [56/63] pmp / camouflage_relation_oracle / sev=0.15 / gs=0 / ts=2  ok  auc=0.848  0.5s
[shift] [57/63] pmp / camouflage_relation_oracle / sev=0.15 / gs=1 / ts=2  ok  auc=0.845  0.5s
[shift] [58/63] pmp / camouflage_relation_oracle / sev=0.3 / gs=0 / ts=2  ok  auc=0.846  0.5s
[shift] [59/63] pmp / camouflage_relation_oracle / sev=0.3 / gs=1 / ts=2  ok  auc=0.848  0.5s
[shift] [60/63] pmp / noise_edges_uniform / sev=0.1 / gs=0 / ts=2  ok  auc=0.839  0.4s
[shift] [60/63] ETA ~1s
[shift] [61/63] pmp / noise_edges_uniform / sev=0.1 / gs=1 / ts=2  ok  auc=0.836  0.5s
[shift] [62/63] pmp / noise_edges_uniform / sev=0.2 / gs=0 / ts=2  ok  auc=0.831  0.5s
[shift] [63/63] pmp / noise_edges_uniform / sev=0.2 / gs=1 / ts=2  ok  auc=0.833  0.5s
[run] stage=matrix done in 190.45s; out=/kaggle/working/gfd-robustness-v3-final-r5/lanes/shift_pmp
