

=== attempt 1; GPU 0; 2026-07-11T23:20:24.389006+00:00 ===
[preflight] 21 variants x 3 seeds x 1 models = 63 runs total
[preflight] 0 already done, 63 remaining
[preflight] no estimate available
[preflight] 21 variants x 3 seeds x 1 models = 63 runs total
[preflight] 0 already done, 63 remaining
[preflight] no estimate available
[shift] [1/63] secgfd / clean / sev=0 / gs=717 / ts=0  ok  auc=0.816  6.0s
[shift] [2/63] secgfd / heterophily_rewire_oracle / sev=0.15 / gs=0 / ts=0  ok  auc=0.679  0.3s
[shift] [3/63] secgfd / heterophily_rewire_oracle / sev=0.15 / gs=1 / ts=0  ok  auc=0.679  0.3s
[shift] [4/63] secgfd / heterophily_rewire_oracle / sev=0.3 / gs=0 / ts=0  ok  auc=0.518  0.3s
[shift] [5/63] secgfd / heterophily_rewire_oracle / sev=0.3 / gs=1 / ts=0  ok  auc=0.519  0.3s
[shift] [6/63] secgfd / heterophily_rewire_nonoracle / sev=0.15 / gs=0 / ts=0  ok  auc=0.813  0.3s
[shift] [7/63] secgfd / heterophily_rewire_nonoracle / sev=0.15 / gs=1 / ts=0  ok  auc=0.813  0.3s
[shift] [8/63] secgfd / heterophily_rewire_nonoracle / sev=0.3 / gs=0 / ts=0  ok  auc=0.811  0.3s
[shift] [9/63] secgfd / heterophily_rewire_nonoracle / sev=0.3 / gs=1 / ts=0  ok  auc=0.811  0.3s
[shift] [10/63] secgfd / camouflage_feature_oracle / sev=0.15 / gs=0 / ts=0  ok  auc=0.779  0.2s
[shift] [10/63] ETA ~14s
[shift] [11/63] secgfd / camouflage_feature_oracle / sev=0.15 / gs=1 / ts=0  ok  auc=0.765  0.3s
[shift] [12/63] secgfd / camouflage_feature_oracle / sev=0.3 / gs=0 / ts=0  ok  auc=0.732  0.3s
[shift] [13/63] secgfd / camouflage_feature_oracle / sev=0.3 / gs=1 / ts=0  ok  auc=0.720  0.3s
[shift] [14/63] secgfd / camouflage_relation_oracle / sev=0.15 / gs=0 / ts=0  ok  auc=0.816  0.3s
[shift] [15/63] secgfd / camouflage_relation_oracle / sev=0.15 / gs=1 / ts=0  ok  auc=0.816  0.3s
[shift] [16/63] secgfd / camouflage_relation_oracle / sev=0.3 / gs=0 / ts=0  ok  auc=0.816  0.3s
[shift] [17/63] secgfd / camouflage_relation_oracle / sev=0.3 / gs=1 / ts=0  ok  auc=0.816  0.2s
[shift] [18/63] secgfd / noise_edges_uniform / sev=0.1 / gs=0 / ts=0  ok  auc=0.814  0.3s
[shift] [19/63] secgfd / noise_edges_uniform / sev=0.1 / gs=1 / ts=0  ok  auc=0.815  0.3s
[shift] [20/63] secgfd / noise_edges_uniform / sev=0.2 / gs=0 / ts=0  ok  auc=0.814  0.3s
[shift] [20/63] ETA ~11s
[shift] [21/63] secgfd / noise_edges_uniform / sev=0.2 / gs=1 / ts=0  ok  auc=0.814  0.3s
[shift] [22/63] secgfd / clean / sev=0 / gs=717 / ts=1  ok  auc=0.815  4.6s
[shift] [23/63] secgfd / heterophily_rewire_oracle / sev=0.15 / gs=0 / ts=1  ok  auc=0.689  0.2s
[shift] [24/63] secgfd / heterophily_rewire_oracle / sev=0.15 / gs=1 / ts=1  ok  auc=0.689  0.2s
[shift] [25/63] secgfd / heterophily_rewire_oracle / sev=0.3 / gs=0 / ts=1  ok  auc=0.529  0.3s
[shift] [26/63] secgfd / heterophily_rewire_oracle / sev=0.3 / gs=1 / ts=1  ok  auc=0.529  0.3s
[shift] [27/63] secgfd / heterophily_rewire_nonoracle / sev=0.15 / gs=0 / ts=1  ok  auc=0.811  0.2s
[shift] [28/63] secgfd / heterophily_rewire_nonoracle / sev=0.15 / gs=1 / ts=1  ok  auc=0.811  0.2s
[shift] [29/63] secgfd / heterophily_rewire_nonoracle / sev=0.3 / gs=0 / ts=1  ok  auc=0.809  0.2s
[shift] [30/63] secgfd / heterophily_rewire_nonoracle / sev=0.3 / gs=1 / ts=1  ok  auc=0.808  0.3s
[shift] [30/63] ETA ~8s
[shift] [31/63] secgfd / camouflage_feature_oracle / sev=0.15 / gs=0 / ts=1  ok  auc=0.777  0.2s
[shift] [32/63] secgfd / camouflage_feature_oracle / sev=0.15 / gs=1 / ts=1  ok  auc=0.764  0.2s
[shift] [33/63] secgfd / camouflage_feature_oracle / sev=0.3 / gs=0 / ts=1  ok  auc=0.730  0.2s
[shift] [34/63] secgfd / camouflage_feature_oracle / sev=0.3 / gs=1 / ts=1  ok  auc=0.720  0.2s
[shift] [35/63] secgfd / camouflage_relation_oracle / sev=0.15 / gs=0 / ts=1  ok  auc=0.815  0.3s
[shift] [36/63] secgfd / camouflage_relation_oracle / sev=0.15 / gs=1 / ts=1  ok  auc=0.815  0.3s
[shift] [37/63] secgfd / camouflage_relation_oracle / sev=0.3 / gs=0 / ts=1  ok  auc=0.816  0.2s
[shift] [38/63] secgfd / camouflage_relation_oracle / sev=0.3 / gs=1 / ts=1  ok  auc=0.816  0.2s
[shift] [39/63] secgfd / noise_edges_uniform / sev=0.1 / gs=0 / ts=1  ok  auc=0.813  0.2s
[shift] [40/63] secgfd / noise_edges_uniform / sev=0.1 / gs=1 / ts=1  ok  auc=0.813  0.3s
[shift] [40/63] ETA ~6s
[shift] [41/63] secgfd / noise_edges_uniform / sev=0.2 / gs=0 / ts=1  ok  auc=0.812  0.3s
[shift] [42/63] secgfd / noise_edges_uniform / sev=0.2 / gs=1 / ts=1  ok  auc=0.812  0.2s
[shift] [43/63] secgfd / clean / sev=0 / gs=717 / ts=2  ok  auc=0.810  4.5s
[shift] [44/63] secgfd / heterophily_rewire_oracle / sev=0.15 / gs=0 / ts=2  ok  auc=0.696  0.2s
[shift] [45/63] secgfd / heterophily_rewire_oracle / sev=0.15 / gs=1 / ts=2  ok  auc=0.696  0.2s
[shift] [46/63] secgfd / heterophily_rewire_oracle / sev=0.3 / gs=0 / ts=2  ok  auc=0.556  0.2s
[shift] [47/63] secgfd / heterophily_rewire_oracle / sev=0.3 / gs=1 / ts=2  ok  auc=0.557  0.2s
[shift] [48/63] secgfd / heterophily_rewire_nonoracle / sev=0.15 / gs=0 / ts=2  ok  auc=0.806  0.3s
[shift] [49/63] secgfd / heterophily_rewire_nonoracle / sev=0.15 / gs=1 / ts=2  ok  auc=0.806  0.3s
[shift] [50/63] secgfd / heterophily_rewire_nonoracle / sev=0.3 / gs=0 / ts=2  ok  auc=0.803  0.3s
[shift] [50/63] ETA ~3s
[shift] [51/63] secgfd / heterophily_rewire_nonoracle / sev=0.3 / gs=1 / ts=2  ok  auc=0.803  0.3s
[shift] [52/63] secgfd / camouflage_feature_oracle / sev=0.15 / gs=0 / ts=2  ok  auc=0.773  0.3s
[shift] [53/63] secgfd / camouflage_feature_oracle / sev=0.15 / gs=1 / ts=2  ok  auc=0.759  0.3s
[shift] [54/63] secgfd / camouflage_feature_oracle / sev=0.3 / gs=0 / ts=2  ok  auc=0.725  0.3s
[shift] [55/63] secgfd / camouflage_feature_oracle / sev=0.3 / gs=1 / ts=2  ok  auc=0.716  0.3s
[shift] [56/63] secgfd / camouflage_relation_oracle / sev=0.15 / gs=0 / ts=2  ok  auc=0.810  0.3s
[shift] [57/63] secgfd / camouflage_relation_oracle / sev=0.15 / gs=1 / ts=2  ok  auc=0.810  0.2s
[shift] [58/63] secgfd / camouflage_relation_oracle / sev=0.3 / gs=0 / ts=2  ok  auc=0.810  0.2s
[shift] [59/63] secgfd / camouflage_relation_oracle / sev=0.3 / gs=1 / ts=2  ok  auc=0.810  0.2s
[shift] [60/63] secgfd / noise_edges_uniform / sev=0.1 / gs=0 / ts=2  ok  auc=0.808  0.3s
[shift] [60/63] ETA ~1s
[shift] [61/63] secgfd / noise_edges_uniform / sev=0.1 / gs=1 / ts=2  ok  auc=0.808  0.2s
[shift] [62/63] secgfd / noise_edges_uniform / sev=0.2 / gs=0 / ts=2  ok  auc=0.806  0.3s
[shift] [63/63] secgfd / noise_edges_uniform / sev=0.2 / gs=1 / ts=2  ok  auc=0.806  0.3s
[run] stage=matrix done in 45.47s; out=/kaggle/working/gfd-robustness-v3-final-r5/lanes/shift_secgfd
