

=== attempt 1; GPU 1; 2026-07-11T22:37:33.328077+00:00 ===
[preflight] 21 variants x 3 seeds x 1 models = 63 runs total
[preflight] 0 already done, 63 remaining
[preflight] no estimate available
[preflight] 21 variants x 3 seeds x 1 models = 63 runs total
[preflight] 0 already done, 63 remaining
[preflight] no estimate available
/kaggle/working/fraud-benchmark-py311/lib/python3.11/site-packages/dgl/dataloading/dataloader.py:1149: DGLWarning: Dataloader CPU affinity opt is not enabled, consider switching it on (see enable_cpu_affinity() or CPU best practices for DGL [https://docs.dgl.ai/tutorials/cpu/cpu_best_practises.html])
  dgl_warning(
[pmp] [1/63] pmp / clean / sev=0 / gs=717 / ts=0  ok  auc=0.853  51.3s
[pmp] [2/63] pmp / clean / sev=0 / gs=717 / ts=1  ok  auc=0.850  50.1s
[pmp] [3/63] pmp / clean / sev=0 / gs=717 / ts=2  ok  auc=0.845  48.9s
[pmp] [4/63] pmp / heterophily_rewire_oracle / sev=0.15 / gs=0 / ts=0  ok  auc=0.878  49.6s
[pmp] [5/63] pmp / heterophily_rewire_oracle / sev=0.15 / gs=0 / ts=1  ok  auc=0.875  37.4s
[pmp] [6/63] pmp / heterophily_rewire_oracle / sev=0.15 / gs=0 / ts=2  ok  auc=0.878  50.4s
[pmp] [7/63] pmp / heterophily_rewire_oracle / sev=0.15 / gs=1 / ts=0  ok  auc=0.878  57.5s
[pmp] [8/63] pmp / heterophily_rewire_oracle / sev=0.15 / gs=1 / ts=1  ok  auc=0.875  49.0s
[pmp] [9/63] pmp / heterophily_rewire_oracle / sev=0.15 / gs=1 / ts=2  ok  auc=0.874  45.6s
[pmp] [10/63] pmp / heterophily_rewire_oracle / sev=0.3 / gs=0 / ts=0  ok  auc=0.911  54.5s
[pmp] [10/63] ETA ~45m 24s
[pmp] [11/63] pmp / heterophily_rewire_oracle / sev=0.3 / gs=0 / ts=1  ok  auc=0.880  30.0s
[pmp] [12/63] pmp / heterophily_rewire_oracle / sev=0.3 / gs=0 / ts=2  ok  auc=0.906  52.2s
[pmp] [13/63] pmp / heterophily_rewire_oracle / sev=0.3 / gs=1 / ts=0  ok  auc=0.865  13.0s
[pmp] [14/63] pmp / heterophily_rewire_oracle / sev=0.3 / gs=1 / ts=1  ok  auc=0.861  9.6s
[pmp] [15/63] pmp / heterophily_rewire_oracle / sev=0.3 / gs=1 / ts=2  ok  auc=0.904  42.6s
[pmp] [16/63] pmp / heterophily_rewire_nonoracle / sev=0.15 / gs=0 / ts=0  ok  auc=0.843  32.7s
[pmp] [17/63] pmp / heterophily_rewire_nonoracle / sev=0.15 / gs=0 / ts=1  ok  auc=0.830  32.4s
[pmp] [18/63] pmp / heterophily_rewire_nonoracle / sev=0.15 / gs=0 / ts=2  ok  auc=0.838  38.7s
[pmp] [19/63] pmp / heterophily_rewire_nonoracle / sev=0.15 / gs=1 / ts=0  ok  auc=0.846  41.8s
[pmp] [20/63] pmp / heterophily_rewire_nonoracle / sev=0.15 / gs=1 / ts=1  ok  auc=0.838  37.1s
[pmp] [20/63] ETA ~26m 10s
[pmp] [21/63] pmp / heterophily_rewire_nonoracle / sev=0.15 / gs=1 / ts=2  ok  auc=0.832  29.2s
[pmp] [22/63] pmp / heterophily_rewire_nonoracle / sev=0.3 / gs=0 / ts=0  ok  auc=0.832  33.5s
[pmp] [23/63] pmp / heterophily_rewire_nonoracle / sev=0.3 / gs=0 / ts=1  ok  auc=0.831  43.1s
[pmp] [24/63] pmp / heterophily_rewire_nonoracle / sev=0.3 / gs=0 / ts=2  ok  auc=0.833  36.5s
[pmp] [25/63] pmp / heterophily_rewire_nonoracle / sev=0.3 / gs=1 / ts=0  ok  auc=0.834  28.9s
[pmp] [26/63] pmp / heterophily_rewire_nonoracle / sev=0.3 / gs=1 / ts=1  ok  auc=0.834  42.0s
[pmp] [27/63] pmp / heterophily_rewire_nonoracle / sev=0.3 / gs=1 / ts=2  ok  auc=0.824  27.0s
[pmp] [28/63] pmp / camouflage_feature_oracle / sev=0.15 / gs=0 / ts=0  ok  auc=0.817  60.6s
[pmp] [29/63] pmp / camouflage_feature_oracle / sev=0.15 / gs=0 / ts=1  ok  auc=0.808  60.5s
[pmp] [30/63] pmp / camouflage_feature_oracle / sev=0.15 / gs=0 / ts=2  ok  auc=0.807  49.0s
[pmp] [30/63] ETA ~26m 17s
[pmp] [31/63] pmp / camouflage_feature_oracle / sev=0.15 / gs=1 / ts=0  ok  auc=0.804  58.4s
[pmp] [32/63] pmp / camouflage_feature_oracle / sev=0.15 / gs=1 / ts=1  ok  auc=0.791  51.8s
[pmp] [33/63] pmp / camouflage_feature_oracle / sev=0.15 / gs=1 / ts=2  ok  auc=0.785  31.2s
[pmp] [34/63] pmp / camouflage_feature_oracle / sev=0.3 / gs=0 / ts=0  ok  auc=0.765  37.1s
[pmp] [35/63] pmp / camouflage_feature_oracle / sev=0.3 / gs=0 / ts=1  ok  auc=0.758  29.5s
[pmp] [36/63] pmp / camouflage_feature_oracle / sev=0.3 / gs=0 / ts=2  ok  auc=0.765  52.4s
[pmp] [37/63] pmp / camouflage_feature_oracle / sev=0.3 / gs=1 / ts=0  ok  auc=0.767  41.1s
[pmp] [38/63] pmp / camouflage_feature_oracle / sev=0.3 / gs=1 / ts=1  ok  auc=0.748  30.0s
[pmp] [39/63] pmp / camouflage_feature_oracle / sev=0.3 / gs=1 / ts=2  ok  auc=0.756  50.0s
[pmp] [40/63] pmp / camouflage_relation_oracle / sev=0.15 / gs=0 / ts=0  ok  auc=0.848  35.7s
[pmp] [40/63] ETA ~16m 3s
[pmp] [41/63] pmp / camouflage_relation_oracle / sev=0.15 / gs=0 / ts=1  ok  auc=0.852  39.8s
[pmp] [42/63] pmp / camouflage_relation_oracle / sev=0.15 / gs=0 / ts=2  ok  auc=0.845  39.2s
[pmp] [43/63] pmp / camouflage_relation_oracle / sev=0.15 / gs=1 / ts=0  ok  auc=0.848  44.6s
[pmp] [44/63] pmp / camouflage_relation_oracle / sev=0.15 / gs=1 / ts=1  ok  auc=0.845  41.6s
[pmp] [45/63] pmp / camouflage_relation_oracle / sev=0.15 / gs=1 / ts=2  ok  auc=0.841  37.0s
[pmp] [46/63] pmp / camouflage_relation_oracle / sev=0.3 / gs=0 / ts=0  ok  auc=0.848  46.2s
[pmp] [47/63] pmp / camouflage_relation_oracle / sev=0.3 / gs=0 / ts=1  ok  auc=0.844  36.5s
[pmp] [48/63] pmp / camouflage_relation_oracle / sev=0.3 / gs=0 / ts=2  ok  auc=0.845  46.6s
[pmp] [49/63] pmp / camouflage_relation_oracle / sev=0.3 / gs=1 / ts=0  ok  auc=0.850  50.8s
[pmp] [50/63] pmp / camouflage_relation_oracle / sev=0.3 / gs=1 / ts=1  ok  auc=0.852  56.7s
[pmp] [50/63] ETA ~10m 16s
[pmp] [51/63] pmp / camouflage_relation_oracle / sev=0.3 / gs=1 / ts=2  ok  auc=0.836  31.4s
[pmp] [52/63] pmp / noise_edges_uniform / sev=0.1 / gs=0 / ts=0  ok  auc=0.835  31.5s
[pmp] [53/63] pmp / noise_edges_uniform / sev=0.1 / gs=0 / ts=1  ok  auc=0.839  38.2s
[pmp] [54/63] pmp / noise_edges_uniform / sev=0.1 / gs=0 / ts=2  ok  auc=0.837  28.1s
[pmp] [55/63] pmp / noise_edges_uniform / sev=0.1 / gs=1 / ts=0  ok  auc=0.847  37.0s
[pmp] [56/63] pmp / noise_edges_uniform / sev=0.1 / gs=1 / ts=1  ok  auc=0.845  35.3s
[pmp] [57/63] pmp / noise_edges_uniform / sev=0.1 / gs=1 / ts=2  ok  auc=0.845  35.2s
[pmp] [58/63] pmp / noise_edges_uniform / sev=0.2 / gs=0 / ts=0  ok  auc=0.841  36.9s
[pmp] [59/63] pmp / noise_edges_uniform / sev=0.2 / gs=0 / ts=1  ok  auc=0.834  42.0s
[pmp] [60/63] pmp / noise_edges_uniform / sev=0.2 / gs=0 / ts=2  ok  auc=0.839  41.9s
[pmp] [60/63] ETA ~1m 55s
[pmp] [61/63] pmp / noise_edges_uniform / sev=0.2 / gs=1 / ts=0  ok  auc=0.844  45.6s
[pmp] [62/63] pmp / noise_edges_uniform / sev=0.2 / gs=1 / ts=1  ok  auc=0.841  41.4s
[pmp] [63/63] pmp / noise_edges_uniform / sev=0.2 / gs=1 / ts=2  ok  auc=0.828  26.8s
[run] stage=matrix done in 2568.19s; out=/kaggle/working/gfd-robustness-v3-final-r5/lanes/variant_pmp
