

=== attempt 1; GPU 0; 2026-07-11T22:37:33.319826+00:00 ===
[preflight] 21 variants x 3 seeds x 1 models = 63 runs total
[preflight] 0 already done, 63 remaining
[preflight] no estimate available
[preflight] 21 variants x 3 seeds x 1 models = 63 runs total
[preflight] 0 already done, 63 remaining
[preflight] no estimate available
[secgfd] [1/63] secgfd / clean / sev=0 / gs=717 / ts=0  ok  auc=0.814  5.9s
[secgfd] [2/63] secgfd / clean / sev=0 / gs=717 / ts=1  ok  auc=0.813  4.4s
[secgfd] [3/63] secgfd / clean / sev=0 / gs=717 / ts=2  ok  auc=0.809  4.5s
[secgfd] [4/63] secgfd / heterophily_rewire_oracle / sev=0.15 / gs=0 / ts=0  ok  auc=0.999  4.2s
[secgfd] [5/63] secgfd / heterophily_rewire_oracle / sev=0.15 / gs=0 / ts=1  ok  auc=1.000  4.6s
[secgfd] [6/63] secgfd / heterophily_rewire_oracle / sev=0.15 / gs=0 / ts=2  ok  auc=0.991  1.3s
[secgfd] [7/63] secgfd / heterophily_rewire_oracle / sev=0.15 / gs=1 / ts=0  ok  auc=1.000  4.6s
[secgfd] [8/63] secgfd / heterophily_rewire_oracle / sev=0.15 / gs=1 / ts=1  ok  auc=1.000  4.6s
[secgfd] [9/63] secgfd / heterophily_rewire_oracle / sev=0.15 / gs=1 / ts=2  ok  auc=0.991  1.4s
[secgfd] [10/63] secgfd / heterophily_rewire_oracle / sev=0.3 / gs=0 / ts=0  ok  auc=1.000  1.4s
[secgfd] [10/63] ETA ~2m 22s
[secgfd] [11/63] secgfd / heterophily_rewire_oracle / sev=0.3 / gs=0 / ts=1  ok  auc=1.000  1.5s
[secgfd] [12/63] secgfd / heterophily_rewire_oracle / sev=0.3 / gs=0 / ts=2  ok  auc=1.000  1.5s
[secgfd] [13/63] secgfd / heterophily_rewire_oracle / sev=0.3 / gs=1 / ts=0  ok  auc=1.000  1.4s
[secgfd] [14/63] secgfd / heterophily_rewire_oracle / sev=0.3 / gs=1 / ts=1  ok  auc=1.000  1.6s
[secgfd] [15/63] secgfd / heterophily_rewire_oracle / sev=0.3 / gs=1 / ts=2  ok  auc=1.000  1.5s
[secgfd] [16/63] secgfd / heterophily_rewire_nonoracle / sev=0.15 / gs=0 / ts=0  ok  auc=0.829  5.0s
[secgfd] [17/63] secgfd / heterophily_rewire_nonoracle / sev=0.15 / gs=0 / ts=1  ok  auc=0.809  5.1s
[secgfd] [18/63] secgfd / heterophily_rewire_nonoracle / sev=0.15 / gs=0 / ts=2  ok  auc=0.805  5.0s
[secgfd] [19/63] secgfd / heterophily_rewire_nonoracle / sev=0.15 / gs=1 / ts=0  ok  auc=0.825  5.1s
[secgfd] [20/63] secgfd / heterophily_rewire_nonoracle / sev=0.15 / gs=1 / ts=1  ok  auc=0.814  5.1s
[secgfd] [20/63] ETA ~3m 38s
[secgfd] [21/63] secgfd / heterophily_rewire_nonoracle / sev=0.15 / gs=1 / ts=2  ok  auc=0.811  5.2s
[secgfd] [22/63] secgfd / heterophily_rewire_nonoracle / sev=0.3 / gs=0 / ts=0  ok  auc=0.834  5.2s
[secgfd] [23/63] secgfd / heterophily_rewire_nonoracle / sev=0.3 / gs=0 / ts=1  ok  auc=0.812  5.4s
[secgfd] [24/63] secgfd / heterophily_rewire_nonoracle / sev=0.3 / gs=0 / ts=2  ok  auc=0.812  5.4s
[secgfd] [25/63] secgfd / heterophily_rewire_nonoracle / sev=0.3 / gs=1 / ts=0  ok  auc=0.832  5.5s
[secgfd] [26/63] secgfd / heterophily_rewire_nonoracle / sev=0.3 / gs=1 / ts=1  ok  auc=0.814  5.5s
[secgfd] [27/63] secgfd / heterophily_rewire_nonoracle / sev=0.3 / gs=1 / ts=2  ok  auc=0.815  5.6s
[secgfd] [28/63] secgfd / camouflage_feature_oracle / sev=0.15 / gs=0 / ts=0  ok  auc=0.792  5.2s
[secgfd] [29/63] secgfd / camouflage_feature_oracle / sev=0.15 / gs=0 / ts=1  ok  auc=0.769  5.3s
[secgfd] [30/63] secgfd / camouflage_feature_oracle / sev=0.15 / gs=0 / ts=2  ok  auc=0.776  5.2s
[secgfd] [30/63] ETA ~2m 57s
[secgfd] [31/63] secgfd / camouflage_feature_oracle / sev=0.15 / gs=1 / ts=0  ok  auc=0.773  5.1s
[secgfd] [32/63] secgfd / camouflage_feature_oracle / sev=0.15 / gs=1 / ts=1  ok  auc=0.752  5.1s
[secgfd] [33/63] secgfd / camouflage_feature_oracle / sev=0.15 / gs=1 / ts=2  ok  auc=0.760  5.2s
[secgfd] [34/63] secgfd / camouflage_feature_oracle / sev=0.3 / gs=0 / ts=0  ok  auc=0.768  5.1s
[secgfd] [35/63] secgfd / camouflage_feature_oracle / sev=0.3 / gs=0 / ts=1  ok  auc=0.722  5.1s
[secgfd] [36/63] secgfd / camouflage_feature_oracle / sev=0.3 / gs=0 / ts=2  ok  auc=0.743  5.1s
[secgfd] [37/63] secgfd / camouflage_feature_oracle / sev=0.3 / gs=1 / ts=0  ok  auc=0.757  5.0s
[secgfd] [38/63] secgfd / camouflage_feature_oracle / sev=0.3 / gs=1 / ts=1  ok  auc=0.748  5.1s
[secgfd] [39/63] secgfd / camouflage_feature_oracle / sev=0.3 / gs=1 / ts=2  ok  auc=0.754  5.1s
[secgfd] [40/63] secgfd / camouflage_relation_oracle / sev=0.15 / gs=0 / ts=0  ok  auc=0.815  5.1s
[secgfd] [40/63] ETA ~1m 57s
[secgfd] [41/63] secgfd / camouflage_relation_oracle / sev=0.15 / gs=0 / ts=1  ok  auc=0.812  5.1s
[secgfd] [42/63] secgfd / camouflage_relation_oracle / sev=0.15 / gs=0 / ts=2  ok  auc=0.812  5.2s
[secgfd] [43/63] secgfd / camouflage_relation_oracle / sev=0.15 / gs=1 / ts=0  ok  auc=0.806  5.1s
[secgfd] [44/63] secgfd / camouflage_relation_oracle / sev=0.15 / gs=1 / ts=1  ok  auc=0.811  5.2s
[secgfd] [45/63] secgfd / camouflage_relation_oracle / sev=0.15 / gs=1 / ts=2  ok  auc=0.811  5.1s
[secgfd] [46/63] secgfd / camouflage_relation_oracle / sev=0.3 / gs=0 / ts=0  ok  auc=0.806  5.1s
[secgfd] [47/63] secgfd / camouflage_relation_oracle / sev=0.3 / gs=0 / ts=1  ok  auc=0.813  5.2s
[secgfd] [48/63] secgfd / camouflage_relation_oracle / sev=0.3 / gs=0 / ts=2  ok  auc=0.812  5.2s
[secgfd] [49/63] secgfd / camouflage_relation_oracle / sev=0.3 / gs=1 / ts=0  ok  auc=0.818  5.2s
[secgfd] [50/63] secgfd / camouflage_relation_oracle / sev=0.3 / gs=1 / ts=1  ok  auc=0.814  5.2s
[secgfd] [50/63] ETA ~1m 7s
[secgfd] [51/63] secgfd / camouflage_relation_oracle / sev=0.3 / gs=1 / ts=2  ok  auc=0.814  5.2s
[secgfd] [52/63] secgfd / noise_edges_uniform / sev=0.1 / gs=0 / ts=0  ok  auc=0.825  5.7s
[secgfd] [53/63] secgfd / noise_edges_uniform / sev=0.1 / gs=0 / ts=1  ok  auc=0.813  5.6s
[secgfd] [54/63] secgfd / noise_edges_uniform / sev=0.1 / gs=0 / ts=2  ok  auc=0.810  5.6s
[secgfd] [55/63] secgfd / noise_edges_uniform / sev=0.1 / gs=1 / ts=0  ok  auc=0.827  5.7s
[secgfd] [56/63] secgfd / noise_edges_uniform / sev=0.1 / gs=1 / ts=1  ok  auc=0.812  5.7s
[secgfd] [57/63] secgfd / noise_edges_uniform / sev=0.1 / gs=1 / ts=2  ok  auc=0.809  5.7s
[secgfd] [58/63] secgfd / noise_edges_uniform / sev=0.2 / gs=0 / ts=0  ok  auc=0.836  6.3s
[secgfd] [59/63] secgfd / noise_edges_uniform / sev=0.2 / gs=0 / ts=1  ok  auc=0.809  6.2s
[secgfd] [60/63] secgfd / noise_edges_uniform / sev=0.2 / gs=0 / ts=2  ok  auc=0.812  6.2s
[secgfd] [60/63] ETA ~18s
[secgfd] [61/63] secgfd / noise_edges_uniform / sev=0.2 / gs=1 / ts=0  ok  auc=0.832  6.2s
[secgfd] [62/63] secgfd / noise_edges_uniform / sev=0.2 / gs=1 / ts=1  ok  auc=0.808  6.3s
[secgfd] [63/63] secgfd / noise_edges_uniform / sev=0.2 / gs=1 / ts=2  ok  auc=0.807  6.3s
[run] stage=matrix done in 308.56s; out=/kaggle/working/gfd-robustness-v3-final-r5/lanes/variant_secgfd
